Archive member included to satisfy reference by file (symbol)

D:/ProgramFiles/STM32CubeIDE_1.18.1/STM32CubeIDE/plugins/com.st.stm32cube.ide.mcu.externaltools.gnu-tools-for-stm32.13.3.rel1.win32_1.0.0.202411081344/tools/bin/../lib/gcc/arm-none-eabi/13.3.1/../../../../arm-none-eabi/lib/thumb/v7e-m+fp/hard\libc_nano.a(libc_a-exit.o)
                              D:/ProgramFiles/STM32CubeIDE_1.18.1/STM32CubeIDE/plugins/com.st.stm32cube.ide.mcu.externaltools.gnu-tools-for-stm32.13.3.rel1.win32_1.0.0.202411081344/tools/bin/../lib/gcc/arm-none-eabi/13.3.1/../../../../arm-none-eabi/lib/thumb/v7e-m+fp/hard/crt0.o (exit)
D:/ProgramFiles/STM32CubeIDE_1.18.1/STM32CubeIDE/plugins/com.st.stm32cube.ide.mcu.externaltools.gnu-tools-for-stm32.13.3.rel1.win32_1.0.0.202411081344/tools/bin/../lib/gcc/arm-none-eabi/13.3.1/../../../../arm-none-eabi/lib/thumb/v7e-m+fp/hard\libc_nano.a(libc_a-findfp.o)
                              D:/ProgramFiles/STM32CubeIDE_1.18.1/STM32CubeIDE/plugins/com.st.stm32cube.ide.mcu.externaltools.gnu-tools-for-stm32.13.3.rel1.win32_1.0.0.202411081344/tools/bin/../lib/gcc/arm-none-eabi/13.3.1/../../../../arm-none-eabi/lib/thumb/v7e-m+fp/hard\libc_nano.a(libc_a-exit.o) (__stdio_exit_handler)
D:/ProgramFiles/STM32CubeIDE_1.18.1/STM32CubeIDE/plugins/com.st.stm32cube.ide.mcu.externaltools.gnu-tools-for-stm32.13.3.rel1.win32_1.0.0.202411081344/tools/bin/../lib/gcc/arm-none-eabi/13.3.1/../../../../arm-none-eabi/lib/thumb/v7e-m+fp/hard\libc_nano.a(libc_a-fwalk.o)
                              D:/ProgramFiles/STM32CubeIDE_1.18.1/STM32CubeIDE/plugins/com.st.stm32cube.ide.mcu.externaltools.gnu-tools-for-stm32.13.3.rel1.win32_1.0.0.202411081344/tools/bin/../lib/gcc/arm-none-eabi/13.3.1/../../../../arm-none-eabi/lib/thumb/v7e-m+fp/hard\libc_nano.a(libc_a-findfp.o) (_fwalk_sglue)
D:/ProgramFiles/STM32CubeIDE_1.18.1/STM32CubeIDE/plugins/com.st.stm32cube.ide.mcu.externaltools.gnu-tools-for-stm32.13.3.rel1.win32_1.0.0.202411081344/tools/bin/../lib/gcc/arm-none-eabi/13.3.1/../../../../arm-none-eabi/lib/thumb/v7e-m+fp/hard\libc_nano.a(libc_a-sprintf.o)
                              ./Core/Src/main.o (sprintf)
D:/ProgramFiles/STM32CubeIDE_1.18.1/STM32CubeIDE/plugins/com.st.stm32cube.ide.mcu.externaltools.gnu-tools-for-stm32.13.3.rel1.win32_1.0.0.202411081344/tools/bin/../lib/gcc/arm-none-eabi/13.3.1/../../../../arm-none-eabi/lib/thumb/v7e-m+fp/hard\libc_nano.a(libc_a-stdio.o)
                              D:/ProgramFiles/STM32CubeIDE_1.18.1/STM32CubeIDE/plugins/com.st.stm32cube.ide.mcu.externaltools.gnu-tools-for-stm32.13.3.rel1.win32_1.0.0.202411081344/tools/bin/../lib/gcc/arm-none-eabi/13.3.1/../../../../arm-none-eabi/lib/thumb/v7e-m+fp/hard\libc_nano.a(libc_a-findfp.o) (__sread)
D:/ProgramFiles/STM32CubeIDE_1.18.1/STM32CubeIDE/plugins/com.st.stm32cube.ide.mcu.externaltools.gnu-tools-for-stm32.13.3.rel1.win32_1.0.0.202411081344/tools/bin/../lib/gcc/arm-none-eabi/13.3.1/../../../../arm-none-eabi/lib/thumb/v7e-m+fp/hard\libc_nano.a(libc_a-memset.o)
                              D:/ProgramFiles/STM32CubeIDE_1.18.1/STM32CubeIDE/plugins/com.st.stm32cube.ide.mcu.externaltools.gnu-tools-for-stm32.13.3.rel1.win32_1.0.0.202411081344/tools/bin/../lib/gcc/arm-none-eabi/13.3.1/../../../../arm-none-eabi/lib/thumb/v7e-m+fp/hard/crt0.o (memset)
D:/ProgramFiles/STM32CubeIDE_1.18.1/STM32CubeIDE/plugins/com.st.stm32cube.ide.mcu.externaltools.gnu-tools-for-stm32.13.3.rel1.win32_1.0.0.202411081344/tools/bin/../lib/gcc/arm-none-eabi/13.3.1/../../../../arm-none-eabi/lib/thumb/v7e-m+fp/hard\libc_nano.a(libc_a-closer.o)
                              D:/ProgramFiles/STM32CubeIDE_1.18.1/STM32CubeIDE/plugins/com.st.stm32cube.ide.mcu.externaltools.gnu-tools-for-stm32.13.3.rel1.win32_1.0.0.202411081344/tools/bin/../lib/gcc/arm-none-eabi/13.3.1/../../../../arm-none-eabi/lib/thumb/v7e-m+fp/hard\libc_nano.a(libc_a-stdio.o) (_close_r)
D:/ProgramFiles/STM32CubeIDE_1.18.1/STM32CubeIDE/plugins/com.st.stm32cube.ide.mcu.externaltools.gnu-tools-for-stm32.13.3.rel1.win32_1.0.0.202411081344/tools/bin/../lib/gcc/arm-none-eabi/13.3.1/../../../../arm-none-eabi/lib/thumb/v7e-m+fp/hard\libc_nano.a(libc_a-reent.o)
                              D:/ProgramFiles/STM32CubeIDE_1.18.1/STM32CubeIDE/plugins/com.st.stm32cube.ide.mcu.externaltools.gnu-tools-for-stm32.13.3.rel1.win32_1.0.0.202411081344/tools/bin/../lib/gcc/arm-none-eabi/13.3.1/../../../../arm-none-eabi/lib/thumb/v7e-m+fp/hard\libc_nano.a(libc_a-closer.o) (errno)
D:/ProgramFiles/STM32CubeIDE_1.18.1/STM32CubeIDE/plugins/com.st.stm32cube.ide.mcu.externaltools.gnu-tools-for-stm32.13.3.rel1.win32_1.0.0.202411081344/tools/bin/../lib/gcc/arm-none-eabi/13.3.1/../../../../arm-none-eabi/lib/thumb/v7e-m+fp/hard\libc_nano.a(libc_a-impure.o)
[...]
Memory Configuration

Name             Origin             Length             Attributes
RAM              0x20000000         0x00020000         xrw
FLASH            0x08000000         0x00080000         xr
*default*        0x00000000         0xffffffff

Linker script and memory map

LOAD D:/ProgramFiles/STM32CubeIDE_1.18.1/STM32CubeIDE/plugins/com.st.stm32cube.ide.mcu.externaltools.gnu-tools-for-stm32.13.3.rel1.win32_1.0.0.202411081344/tools/bin/../lib/gcc/arm-none-eabi/13.3.1/thumb/v7e-m+fp/hard/crti.o
LOAD D:/ProgramFiles/STM32CubeIDE_1.18.1/STM32CubeIDE/plugins/com.st.stm32cube.ide.mcu.externaltools.gnu-tools-for-stm32.13.3.rel1.win32_1.0.0.202411081344/tools/bin/../lib/gcc/arm-none-eabi/13.3.1/thumb/v7e-m+fp/hard/crtbegin.o
LOAD D:/ProgramFiles/STM32CubeIDE_1.18.1/STM32CubeIDE/plugins/com.st.stm32cube.ide.mcu.externaltools.gnu-tools-for-stm32.13.3.rel1.win32_1.0.0.202411081344/tools/bin/../lib/gcc/arm-none-eabi/13.3.1/../../../../arm-none-eabi/lib/thumb/v7e-m+fp/hard/crt0.o
LOAD ./Core/Src/ADC/ADC_handler.o
LOAD ./Core/Src/Debouncer/debouncer.o
LOAD ./Core/Src/I2C/MPU6050/mpu6050.o
LOAD ./Core/Src/I2C/OLED/display.o
LOAD ./Core/Src/I2C/OLED/fonts.o
LOAD ./Core/Src/Motors/encoder.o
LOAD ./Core/Src/Motors/motors.o
LOAD ./Core/Src/Protocol_Handler/protocol_handler.o
LOAD ./Core/Src/WiFi/AT_Commands.o
LOAD ./Core/Src/WiFi/ESP01.o
LOAD ./Core/Src/main.o
LOAD ./Core/Src/stm32f4xx_hal_msp.o
LOAD ./Core/Src/stm32f4xx_it.o
LOAD ./Core/Src/syscalls.o
LOAD ./Core/Src/sysmem.o
LOAD ./Core/Src/system_stm32f4xx.o
LOAD ./Core/Startup/startup_stm32f411ceux.o
LOAD ./Drivers/STM32F4xx_HAL_Driver/Src/stm32f4xx_hal.o
LOAD ./Drivers/STM32F4xx_HAL_Driver/Src/stm32f4xx_hal_adc.o
LOAD ./Drivers/STM32F4xx_HAL_Driver/Src/stm32f4xx_hal_adc_ex.o
LOAD ./Drivers/STM32F4xx_HAL_Driver/Src/stm32f4xx_hal_cortex.o
LOAD ./Drivers/STM32F4xx_HAL_Driver/Src/stm32f4xx_hal_dma.o
LOAD ./Drivers/STM32F4xx_HAL_Driver/Src/stm32f4xx_hal_dma_ex.o
LOAD ./Drivers/STM32F4xx_HAL_Driver/Src/stm32f4xx_hal_exti.o
LOAD ./Drivers/STM32F4xx_HAL_Driver/Src/stm32f4xx_hal_flash.o
LOAD ./Drivers/STM32F4xx_HAL_Driver/Src/stm32f4xx_hal_flash_ex.o
LOAD ./Drivers/STM32F4xx_HAL_Driver/Src/stm32f4xx_hal_flash_ramfunc.o
LOAD ./Drivers/STM32F4xx_HAL_Driver/Src/stm32f4xx_hal_gpio.o
LOAD ./Drivers/STM32F4xx_HAL_Driver/Src/stm32f4xx_hal_i2c.o
LOAD ./Drivers/STM32F4xx_HAL_Driver/Src/stm32f4xx_hal_i2c_ex.o
LOAD ./Drivers/STM32F4xx_HAL_Driver/Src/stm32f4xx_hal_pcd.o
LOAD ./Drivers/STM32F4xx_HAL_Driver/Src/stm32f4xx_hal_pcd_ex.o
LOAD ./Drivers/STM32F4xx_HAL_Driver/Src/stm32f4xx_hal_pwr.o
LOAD ./Drivers/STM32F4xx_HAL_Driver/Src/stm32f4xx_hal_pwr_ex.o
LOAD ./Drivers/STM32F4xx_HAL_Driver/Src/stm32f4xx_hal_rcc.o
LOAD ./Drivers/STM32F4xx_HAL_Driver/Src/stm32f4xx_hal_rcc_ex.o
LOAD ./Drivers/STM32F4xx_HAL_Driver/Src/stm32f4xx_hal_tim.o
LOAD ./Drivers/STM32F4xx_HAL_Driver/Src/stm32f4xx_hal_tim_ex.o
LOAD ./Drivers/STM32F4xx_HAL_Driver/Src/stm32f4xx_hal_uart.o
LOAD ./Drivers/STM32F4xx_HAL_Driver/Src/stm32f4xx_ll_adc.o
LOAD ./Drivers/STM32F4xx_HAL_Driver/Src/stm32f4xx_ll_usb.o
LOAD ./Middlewares/ST/STM32_USB_Device_Library/Class/CDC/Src/usbd_cdc.o
LOAD ./Middlewares/ST/STM32_USB_Device_Library/Core/Src/usbd_core.o
LOAD ./Middlewares/ST/STM32_USB_Device_Library/Core/Src/usbd_ctlreq.o
LOAD ./Middlewares/ST/STM32_USB_Device_Library/Core/Src/usbd_ioreq.o
LOAD ./USB_DEVICE/App/usb_device.o
LOAD ./USB_DEVICE/App/usbd_cdc_if.o
LOAD ./USB_DEVICE/App/usbd_desc.o
LOAD ./USB_DEVICE/Target/usbd_conf.o
START GROUP
LOAD D:/ProgramFiles/STM32CubeIDE_1.18.1/STM32CubeIDE/plugins/com.st.stm32cube.ide.mcu.externaltools.gnu-tools-for-stm32.13.3.rel1.win32_1.0.0.202411081344/tools/bin/../lib/gcc/arm-none-eabi/13.3.1/../../../../arm-none-eabi/lib/thumb/v7e-m+fp/hard\libc_nano.a
LOAD D:/ProgramFiles/STM32CubeIDE_1.18.1/STM32CubeIDE/plugins/com.st.stm32cube.ide.mcu.externaltools.gnu-tools-for-stm32.13.3.rel1.win32_1.0.0.202411081344/tools/bin/../lib/gcc/arm-none-eabi/13.3.1/../../../../arm-none-eabi/lib/thumb/v7e-m+fp/hard\libm.a
END GROUP
START GROUP
LOAD D:/ProgramFiles/STM32CubeIDE_1.18.1/STM32CubeIDE/plugins/com.st.stm32cube.ide.mcu.externaltools.gnu-tools-for-stm32.13.3.rel1.win32_1.0.0.202411081344/tools/bin/../lib/gcc/arm-none-eabi/13.3.1/thumb/v7e-m+fp/hard\libgcc.a
LOAD D:/ProgramFiles/STM32CubeIDE_1.18.1/STM32CubeIDE/plugins/com.st.stm32cube.ide.mcu.externaltools.gnu-tools-for-stm32.13.3.rel1.win32_1.0.0.202411081344/tools/bin/../lib/gcc/arm-none-eabi/13.3.1/../../../../arm-none-eabi/lib/thumb/v7e-m+fp/hard\libc_nano.a
END GROUP
START GROUP
LOAD D:/ProgramFiles/STM32CubeIDE_1.18.1/STM32CubeIDE/plugins/com.st.stm32cube.ide.mcu.externaltools.gnu-tools-for-stm32.13.3.rel1.win32_1.0.0.202411081344/tools/bin/../lib/gcc/arm-none-eabi/13.3.1/thumb/v7e-m+fp/hard\libgcc.a
LOAD D:/ProgramFiles/STM32CubeIDE_1.18.1/STM32CubeIDE/plugins/com.st.stm32cube.ide.mcu.externaltools.gnu-tools-for-stm32.13.3.rel1.win32_1.0.0.202411081344/tools/bin/../lib/gcc/arm-none-eabi/13.3.1/../../../../arm-none-eabi/lib/thumb/v7e-m+fp/hard\libc_nano.a
LOAD D:/ProgramFiles/STM32CubeIDE_1.18.1/STM32CubeIDE/plugins/com.st.stm32cube.ide.mcu.externaltools.gnu-tools-for-stm32.13.3.rel1.win32_1.0.0.202411081344/tools/bin/../lib/gcc/arm-none-eabi/13.3.1/../../../../arm-none-eabi/lib/thumb/v7e-m+fp/hard\libnosys.a
END GROUP
START GROUP
LOAD D:/ProgramFiles/STM32CubeIDE_1.18.1/STM32CubeIDE/plugins/com.st.stm32cube.ide.mcu.externaltools.gnu-tools-for-stm32.13.3.rel1.win32_1.0.0.202411081344/tools/bin/../lib/gcc/arm-none-eabi/13.3.1/thumb/v7e-m+fp/hard\libgcc.a
LOAD D:/ProgramFiles/STM32CubeIDE_1.18.1/STM32CubeIDE/plugins/com.st.stm32cube.ide.mcu.externaltools.gnu-tools-for-stm32.13.3.rel1.win32_1.0.0.202411081344/tools/bin/../lib/gcc/arm-none-eabi/13.3.1/../../../../arm-none-eabi/lib/thumb/v7e-m+fp/hard\libc_nano.a
LOAD D:/ProgramFiles/STM32CubeIDE_1.18.1/STM32CubeIDE/plugins/com.st.stm32cube.ide.mcu.externaltools.gnu-tools-for-stm32.13.3.rel1.win32_1.0.0.202411081344/tools/bin/../lib/gcc/arm-none-eabi/13.3.1/../../../../arm-none-eabi/lib/thumb/v7e-m+fp/hard\libnosys.a
END GROUP
LOAD D:/ProgramFiles/STM32CubeIDE_1.18.1/STM32CubeIDE/plugins/com.st.stm32cube.ide.mcu.externaltools.gnu-tools-for-stm32.13.3.rel1.win32_1.0.0.202411081344/tools/bin/../lib/gcc/arm-none-eabi/13.3.1/thumb/v7e-m+fp/hard/crtend.o
LOAD D:/ProgramFiles/STM32CubeIDE_1.18.1/STM32CubeIDE/plugins/com.st.stm32cube.ide.mcu.externaltools.gnu-tools-for-stm32.13.3.rel1.win32_1.0.0.202411081344/tools/bin/../lib/gcc/arm-none-eabi/13.3.1/thumb/v7e-m+fp/hard/crtn.o
                0x20020000                        _estack = (ORIGIN (RAM) + LENGTH (RAM))
                0x00000200                        _Min_Heap_Size = 0x200
                0x00000400                        _Min_Stack_Size = 0x400

.isr_vector     0x08000000      0x198
                0x08000000                        . = ALIGN (0x4)
 *(.isr_vector)
 .isr_vector    0x08000000      0x198 ./Core/Startup/startup_stm32f411ceux.o
                0x08000000                g_pfnVectors
                0x08000198                        . = ALIGN (0x4)

.text           0x080001a0    0x11038
                0x080001a0                        . = ALIGN (0x4)
 *(.text)
 .text          0x080001a0       0x40 D:/ProgramFiles/STM32CubeIDE_1.18.1/STM32CubeIDE/plugins/com.st.stm32cube.ide.mcu.externaltools.gnu-tools-for-stm32.13.3.rel1.win32_1.0.0.202411081344/tools/bin/../lib/gcc/arm-none-eabi/13.3.1/thumb/v7e-m+fp/hard/crtbegin.o
 .text          0x080001e0       0xa0 D:/ProgramFiles/STM32CubeIDE_1.18.1/STM32CubeIDE/plugins/com.st.stm32cube.ide.mcu.externaltools.gnu-tools-for-stm32.13.3.rel1.win32_1.0.0.202411081344/tools/bin/../lib/gcc/arm-none-eabi/13.3.1/../../../../arm-none-eabi/lib/thumb/v7e-m+fp/hard\libc_nano.a(libc_a-memchr.o)
                0x080001e0                memchr
 .text          0x08000280       0x30 D:/ProgramFiles/STM32CubeIDE_1.18.1/STM32CubeIDE/plugins/com.st.stm32cube.ide.mcu.externaltools.gnu-tools-for-stm32.13.3.rel1.win32_1.0.0.202411081344/tools/bin/../lib/gcc/arm-none-eabi/13.3.1/thumb/v7e-m+fp/hard\libgcc.a(_aeabi_uldivmod.o)
                0x08000280                __aeabi_uldivmod
 .text          0x080002b0      0x2f8 D:/ProgramFiles/STM32CubeIDE_1.18.1/STM32CubeIDE/plugins/com.st.stm32cube.ide.mcu.externaltools.gnu-tools-for-stm32.13.3.rel1.win32_1.0.0.202411081344/tools/bin/../lib/gcc/arm-none-eabi/13.3.1/thumb/v7e-m+fp/hard\libgcc.a(_udivmoddi4.o)
                0x080002b0                __udivmoddi4
 .text          0x080005a8        0x4 D:/ProgramFiles/STM32CubeIDE_1.18.1/STM32CubeIDE/plugins/com.st.stm32cube.ide.mcu.externaltools.gnu-tools-for-stm32.13.3.rel1.win32_1.0.0.202411081344/tools/bin/../lib/gcc/arm-none-eabi/13.3.1/thumb/v7e-m+fp/hard\libgcc.a(_dvmd_tls.o)
                0x080005a8                __aeabi_idiv0
                0x080005a8                __aeabi_ldiv0
 *(.text*)
 .text.ADC_Conversion_Cplt
                0x080005ac       0xcc ./Core/Src/ADC/ADC_handler.o
                0x080005ac                ADC_Conversion_Cplt
 .text.inputState
                0x08000678       0xc4 ./Core/Src/Debouncer/debouncer.o
                0x08000678                inputState
 .text.Debounce_Init
                0x0800073c       0x68 ./Core/Src/Debouncer/debouncer.o
                0x0800073c                Debounce_Init
 .text.Debounce_Add
                0x080007a4       0x68 ./Core/Src/Debouncer/debouncer.o
                0x080007a4                Debounce_Add
 .text.Debouncer_Task
                0x0800080c       0x64 ./Core/Src/Debouncer/debouncer.o
                0x0800080c                Debouncer_Task
 .text.MPU6050_Set_I2C_Communication
                0x08000870       0x2c ./Core/Src/I2C/MPU6050/mpu6050.o
                0x08000870                MPU6050_Set_I2C_Communication
 .text.MPU6050_Init
                0x0800089c      0x144 ./Core/Src/I2C/MPU6050/mpu6050.o
                0x0800089c                MPU6050_Init
 .text.MPU6050_Calibrate
                0x080009e0      0x160 ./Core/Src/I2C/MPU6050/mpu6050.o
                0x080009e0                MPU6050_Calibrate
 .text.MPU6050_I2C_DMA_Cplt
                0x08000b40      0x11c ./Core/Src/I2C/MPU6050/mpu6050.o
                0x08000b40                MPU6050_I2C_DMA_Cplt
 .text.Display_Set_I2C_Master_Transmit
                0x08000c5c       0x2c ./Core/Src/I2C/OLED/display.o
                0x08000c5c                Display_Set_I2C_Master_Transmit
 .text.Display_Init
                0x08000c88      0x2a8 ./Core/Src/I2C/OLED/display.o
                0x08000c88                Display_Init
 .text.ssd1306_I2C_Write
                0x08000f30       0x3c ./Core/Src/I2C/OLED/display.o
                0x08000f30                ssd1306_I2C_Write
 .text.Display_UpdateScreen_Task
                0x08000f6c       0xd8 ./Core/Src/I2C/OLED/display.o
                0x08000f6c                Display_UpdateScreen_Task
 .text.Display_I2C_DMA_Ready
                0x08001044       0x20 ./Core/Src/I2C/OLED/display.o
                0x08001044                Display_I2C_DMA_Ready
 .text.Display_I2C_Refresh_Ready
                0x08001064       0x20 ./Core/Src/I2C/OLED/display.o
                0x08001064                Display_I2C_Refresh_Ready
 .text.Display_SetCursor
                0x08001084       0x30 ./Core/Src/I2C/OLED/display.o
                0x08001084                Display_SetCursor
 .text.Display_Fill
                0x080010b4       0x48 ./Core/Src/I2C/OLED/display.o
                0x080010b4                Display_Fill
 .text.Display_DrawPixel
                0x080010fc       0xc0 ./Core/Src/I2C/OLED/display.o
                0x080010fc                Display_DrawPixel
 .text.Display_DrawBitmap
                0x080011bc       0xd0 ./Core/Src/I2C/OLED/display.o
                0x080011bc                Display_DrawBitmap
 .text.Display_WriteChar
                0x0800128c       0xf8 ./Core/Src/I2C/OLED/display.o
                0x0800128c                Display_WriteChar
 .text.Display_WriteString
                0x08001384       0x4c ./Core/Src/I2C/OLED/display.o
                0x08001384                Display_WriteString
 .text.Display_DrawLine
                0x080013d0      0x15c ./Core/Src/I2C/OLED/display.o
                0x080013d0                Display_DrawLine
 .text.Display_DrawFilledRectangle
                0x0800152c       0x9a ./Core/Src/I2C/OLED/display.o
                0x0800152c                Display_DrawFilledRectangle
 .text.Encoder_Init
                0x080015c6       0x3e ./Core/Src/Motors/encoder.o
                0x080015c6                Encoder_Init
 .text.Encoder_Task
                0x08001604       0x60 ./Core/Src/Motors/encoder.o
                0x08001604                Encoder_Task
 .text.Encoder_Add_Pulse
                0x08001664       0x20 ./Core/Src/Motors/encoder.o
                0x08001664                Encoder_Add_Pulse
 .text.Encoder_1s_Elapsed
                0x08001684       0x22 ./Core/Src/Motors/encoder.o
                0x08001684                Encoder_1s_Elapsed
 .text.Motor_Init
                0x080016a6       0x3e ./Core/Src/Motors/motors.o
                0x080016a6                Motor_Init
 .text.Motor_Set_PER_Speed
                0x080016e4       0xc2 ./Core/Src/Motors/motors.o
                0x080016e4                Motor_Set_PER_Speed
 *fill*         0x080017a6        0x2 
 .text.Motor_Set_Direction
                0x080017a8       0x6c ./Core/Src/Motors/motors.o
                0x080017a8                Motor_Set_Direction
 .text.Motor_Break_Timeout
                0x08001814       0x36 ./Core/Src/Motors/motors.o
                0x08001814                Motor_Break_Timeout
 .text.Comm_Init
                0x0800184a       0x68 ./Core/Src/Protocol_Handler/protocol_handler.o
                0x0800184a                Comm_Init
 .text.Comm_Task
                0x080018b2       0x50 ./Core/Src/Protocol_Handler/protocol_handler.o
                0x080018b2                Comm_Task
 *fill*         0x08001902        0x2 
 .text.decodeProtocol
                0x08001904      0x268 ./Core/Src/Protocol_Handler/protocol_handler.o
                0x08001904                decodeProtocol
 .text.comm_sendCMD
                0x08001b6c      0x1b8 ./Core/Src/Protocol_Handler/protocol_handler.o
                0x08001b6c                comm_sendCMD
 .text.HAL_UART_RxCpltCallback
                0x08001d24       0x38 ./Core/Src/main.o
                0x08001d24                HAL_UART_RxCpltCallback
 .text.OLED_Print_Data_Task
                0x08001d5c      0x2dc ./Core/Src/main.o
                0x08001d5c                OLED_Print_Data_Task
 .text.BateryLevel_Set
                0x08002038       0x98 ./Core/Src/main.o
                0x08002038                BateryLevel_Set
 .text.decodeOn_USB
                0x080020d0      0x3c4 ./Core/Src/main.o
                0x080020d0                decodeOn_USB
 .text.onKeyChangeState
                0x08002494       0x16 ./Core/Src/main.o
                0x08002494                onKeyChangeState
 *fill*         0x080024aa        0x2 
 .text.task_10ms
                0x080024ac       0xc8 ./Core/Src/main.o
                0x080024ac                task_10ms
 .text.main     0x08002574      0x148 ./Core/Src/main.o
                0x08002574                main
 .text.SystemClock_Config
                0x080026bc       0xd4 ./Core/Src/main.o
                0x080026bc                SystemClock_Config
 .text.MX_ADC1_Init
                0x08002790      0x184 ./Core/Src/main.o
 .text.MX_I2C1_Init
                0x08002914       0x5c ./Core/Src/main.o
 .text.MX_TIM1_Init
                0x08002970       0xa0 ./Core/Src/main.o
 .text.MX_TIM3_Init
                0x08002a10      0x104 ./Core/Src/main.o
 .text.MX_USART1_UART_Init
                0x08002b14       0x54 ./Core/Src/main.o
 .text.MX_DMA_Init
                0x08002b68       0x7c ./Core/Src/main.o
 .text.MX_GPIO_Init
                0x08002be4      0x1c4 ./Core/Src/main.o
 .text.Init_Timing
                0x08002da8       0x88 ./Core/Src/main.o
                0x08002da8                Init_Timing
 .text.Init_MPU6050
                0x08002e30       0x70 ./Core/Src/main.o
                0x08002e30                Init_MPU6050
 .text.Init_Display
                0x08002ea0       0xa4 ./Core/Src/main.o
                0x08002ea0                Init_Display
 .text.HAL_TIM_PeriodElapsedCallback
                0x08002f44       0x9c ./Core/Src/main.o
                0x08002f44                HAL_TIM_PeriodElapsedCallback
 .text.HAL_I2C_MemTxCpltCallback
                0x08002fe0       0x2c ./Core/Src/main.o
                0x08002fe0                HAL_I2C_MemTxCpltCallback
 .text.HAL_I2C_MemRxCpltCallback
                0x0800300c       0x28 ./Core/Src/main.o
                0x0800300c                HAL_I2C_MemRxCpltCallback
 .text.HAL_ADC_ConvCpltCallback
                0x08003034       0x20 ./Core/Src/main.o
                0x08003034                HAL_ADC_ConvCpltCallback
 .text.HAL_GPIO_EXTI_Callback
                0x08003054       0x38 ./Core/Src/main.o
                0x08003054                HAL_GPIO_EXTI_Callback
 .text.I2C_1_Abstract_Mem_DMA_Transmit
                0x0800308c       0x3c ./Core/Src/main.o
                0x0800308c                I2C_1_Abstract_Mem_DMA_Transmit
 .text.I2C_1_Abstract_Master_Transmit_Blocking
                0x080030c8       0x34 ./Core/Src/main.o
                0x080030c8                I2C_1_Abstract_Master_Transmit_Blocking
 .text.I2C_1_Abstract_Mem_Write_Blocking
                0x080030fc       0x40 ./Core/Src/main.o
                0x080030fc                I2C_1_Abstract_Mem_Write_Blocking
 .text.I2C_1_Abstract_Mem_Read_Blocking
                0x0800313c       0x40 ./Core/Src/main.o
                0x0800313c                I2C_1_Abstract_Mem_Read_Blocking
 .text.KEY_Read_Value
                0x0800317c       0x18 ./Core/Src/main.o
                0x0800317c                KEY_Read_Value
 .text.writeOn_USB
                0x08003194       0x74 ./Core/Src/main.o
                0x08003194                writeOn_USB
 .text.dataRxOn_USB
                0x08003208       0x58 ./Core/Src/main.o
                0x08003208                dataRxOn_USB
 .text.Motor_Left_SetPins
                0x08003260       0x38 ./Core/Src/main.o
                0x08003260                Motor_Left_SetPins
 .text.Motor_Right_SetPins
                0x08003298       0x3c ./Core/Src/main.o
                0x08003298                Motor_Right_SetPins
 .text.Motor_Left_SetPWM
                0x080032d4       0x24 ./Core/Src/main.o
                0x080032d4                Motor_Left_SetPWM
 .text.Motor_Right_SetPWM
                0x080032f8       0x24 ./Core/Src/main.o
                0x080032f8                Motor_Right_SetPWM
 .text.Error_Handler
                0x0800331c        0xc ./Core/Src/main.o
                0x0800331c                Error_Handler
 .text.HAL_MspInit
                0x08003328       0x5c ./Core/Src/stm32f4xx_hal_msp.o
                0x08003328                HAL_MspInit
 .text.HAL_ADC_MspInit
                0x08003384      0x138 ./Core/Src/stm32f4xx_hal_msp.o
                0x08003384                HAL_ADC_MspInit
 .text.HAL_I2C_MspInit
                0x080034bc      0x17c ./Core/Src/stm32f4xx_hal_msp.o
                0x080034bc                HAL_I2C_MspInit
 .text.HAL_TIM_Base_MspInit
                0x08003638       0x8c ./Core/Src/stm32f4xx_hal_msp.o
                0x08003638                HAL_TIM_Base_MspInit
 .text.HAL_TIM_MspPostInit
                0x080036c4       0x74 ./Core/Src/stm32f4xx_hal_msp.o
                0x080036c4                HAL_TIM_MspPostInit
 .text.HAL_UART_MspInit
                0x08003738       0xa0 ./Core/Src/stm32f4xx_hal_msp.o
                0x08003738                HAL_UART_MspInit
 .text.NMI_Handler
                0x080037d8        0xc ./Core/Src/stm32f4xx_it.o
                0x080037d8                NMI_Handler
 .text.HardFault_Handler
                0x080037e4        0x8 ./Core/Src/stm32f4xx_it.o
                0x080037e4                HardFault_Handler
 .text.MemManage_Handler
                0x080037ec        0x8 ./Core/Src/stm32f4xx_it.o
                0x080037ec                MemManage_Handler
 .text.BusFault_Handler
                0x080037f4        0x8 ./Core/Src/stm32f4xx_it.o
                0x080037f4                BusFault_Handler
 .text.UsageFault_Handler
                0x080037fc        0x8 ./Core/Src/stm32f4xx_it.o
                0x080037fc                UsageFault_Handler
 .text.SVC_Handler
                0x08003804        0xe ./Core/Src/stm32f4xx_it.o
                0x08003804                SVC_Handler
 .text.DebugMon_Handler
                0x08003812        0xe ./Core/Src/stm32f4xx_it.o
                0x08003812                DebugMon_Handler
 .text.PendSV_Handler
                0x08003820        0xe ./Core/Src/stm32f4xx_it.o
                0x08003820                PendSV_Handler
 .text.SysTick_Handler
                0x0800382e        0xc ./Core/Src/stm32f4xx_it.o
                0x0800382e                SysTick_Handler
 *fill*         0x0800383a        0x2 
 .text.DMA1_Stream0_IRQHandler
                0x0800383c       0x14 ./Core/Src/stm32f4xx_it.o
                0x0800383c                DMA1_Stream0_IRQHandler
 .text.DMA1_Stream1_IRQHandler
                0x08003850       0x14 ./Core/Src/stm32f4xx_it.o
                0x08003850                DMA1_Stream1_IRQHandler
 .text.ADC_IRQHandler
                0x08003864       0x14 ./Core/Src/stm32f4xx_it.o
                0x08003864                ADC_IRQHandler
 .text.EXTI9_5_IRQHandler
                0x08003878       0x10 ./Core/Src/stm32f4xx_it.o
                0x08003878                EXTI9_5_IRQHandler
 .text.TIM1_UP_TIM10_IRQHandler
                0x08003888       0x14 ./Core/Src/stm32f4xx_it.o
                0x08003888                TIM1_UP_TIM10_IRQHandler
 .text.TIM3_IRQHandler
                0x0800389c       0x14 ./Core/Src/stm32f4xx_it.o
                0x0800389c                TIM3_IRQHandler
 .text.I2C1_EV_IRQHandler
                0x080038b0       0x14 ./Core/Src/stm32f4xx_it.o
                0x080038b0                I2C1_EV_IRQHandler
 .text.I2C1_ER_IRQHandler
                0x080038c4       0x14 ./Core/Src/stm32f4xx_it.o
                0x080038c4                I2C1_ER_IRQHandler
 .text.USART1_IRQHandler
                0x080038d8       0x14 ./Core/Src/stm32f4xx_it.o
                0x080038d8                USART1_IRQHandler
 .text.EXTI15_10_IRQHandler
                0x080038ec       0x10 ./Core/Src/stm32f4xx_it.o
                0x080038ec                EXTI15_10_IRQHandler
 .text.DMA2_Stream0_IRQHandler
                0x080038fc       0x14 ./Core/Src/stm32f4xx_it.o
                0x080038fc                DMA2_Stream0_IRQHandler
 .text.OTG_FS_IRQHandler
                0x08003910       0x14 ./Core/Src/stm32f4xx_it.o
                0x08003910                OTG_FS_IRQHandler
 .text.FPU_IRQHandler
                0x08003924        0xe ./Core/Src/stm32f4xx_it.o
                0x08003924                FPU_IRQHandler
 *fill*         0x08003932        0x2 
 .text._sbrk    0x08003934       0x6c ./Core/Src/sysmem.o
                0x08003934                _sbrk
 .text.SystemInit
                0x080039a0       0x24 ./Core/Src/system_stm32f4xx.o
                0x080039a0                SystemInit
 .text.Reset_Handler
                0x080039c4       0x50 ./Core/Startup/startup_stm32f411ceux.o
                0x080039c4                Reset_Handler
 .text.Default_Handler
                0x08003a14        0x2 ./Core/Startup/startup_stm32f411ceux.o
                0x08003a14                RTC_Alarm_IRQHandler
                0x08003a14                EXTI2_IRQHandler
                0x08003a14                SPI4_IRQHandler
                0x08003a14                TIM1_CC_IRQHandler
                0x08003a14                DMA2_Stream5_IRQHandler
                0x08003a14                DMA1_Stream5_IRQHandler
                0x08003a14                PVD_IRQHandler
                0x08003a14                SDIO_IRQHandler
                0x08003a14                TAMP_STAMP_IRQHandler
                0x08003a14                EXTI3_IRQHandler
                0x08003a14                I2C3_ER_IRQHandler
                0x08003a14                EXTI0_IRQHandler
                0x08003a14                I2C2_EV_IRQHandler
                0x08003a14                DMA1_Stream2_IRQHandler
                0x08003a14                DMA2_Stream2_IRQHandler
                0x08003a14                SPI1_IRQHandler
                0x08003a14                TIM1_BRK_TIM9_IRQHandler
                0x08003a14                DMA2_Stream3_IRQHandler
                0x08003a14                USART6_IRQHandler
                0x08003a14                TIM4_IRQHandler
                0x08003a14                DMA1_Stream6_IRQHandler
                0x08003a14                RCC_IRQHandler
                0x08003a14                Default_Handler
                0x08003a14                DMA1_Stream7_IRQHandler
                0x08003a14                SPI5_IRQHandler
                0x08003a14                TIM5_IRQHandler
                0x08003a14                DMA2_Stream7_IRQHandler
                0x08003a14                I2C3_EV_IRQHandler
                0x08003a14                RTC_WKUP_IRQHandler
                0x08003a14                SPI2_IRQHandler
                0x08003a14                EXTI4_IRQHandler
                0x08003a14                WWDG_IRQHandler
                0x08003a14                TIM2_IRQHandler
                0x08003a14                OTG_FS_WKUP_IRQHandler
                0x08003a14                TIM1_TRG_COM_TIM11_IRQHandler
                0x08003a14                EXTI1_IRQHandler
                0x08003a14                USART2_IRQHandler
                0x08003a14                I2C2_ER_IRQHandler
                0x08003a14                DMA2_Stream1_IRQHandler
                0x08003a14                FLASH_IRQHandler
                0x08003a14                DMA2_Stream4_IRQHandler
                0x08003a14                SPI3_IRQHandler
                0x08003a14                DMA1_Stream4_IRQHandler
                0x08003a14                DMA2_Stream6_IRQHandler
                0x08003a14                DMA1_Stream3_IRQHandler
 *fill*         0x08003a16        0x2 
 .text.HAL_Init
                0x08003a18       0x44 ./Drivers/STM32F4xx_HAL_Driver/Src/stm32f4xx_hal.o
                0x08003a18                HAL_Init
 .text.HAL_InitTick
                0x08003a5c       0x60 ./Drivers/STM32F4xx_HAL_Driver/Src/stm32f4xx_hal.o
                0x08003a5c                HAL_InitTick
 .text.HAL_IncTick
                0x08003abc       0x28 ./Drivers/STM32F4xx_HAL_Driver/Src/stm32f4xx_hal.o
                0x08003abc                HAL_IncTick
 .text.HAL_GetTick
                0x08003ae4       0x18 ./Drivers/STM32F4xx_HAL_Driver/Src/stm32f4xx_hal.o
                0x08003ae4                HAL_GetTick
 .text.HAL_Delay
                0x08003afc       0x48 ./Drivers/STM32F4xx_HAL_Driver/Src/stm32f4xx_hal.o
                0x08003afc                HAL_Delay
 .text.HAL_ADC_Init
                0x08003b44       0x86 ./Drivers/STM32F4xx_HAL_Driver/Src/stm32f4xx_hal_adc.o
                0x08003b44                HAL_ADC_Init
 .text.HAL_ADC_IRQHandler
                0x08003bca      0x220 ./Drivers/STM32F4xx_HAL_Driver/Src/stm32f4xx_hal_adc.o
                0x08003bca                HAL_ADC_IRQHandler
 *fill*         0x08003dea        0x2 
 .text.HAL_ADC_Start_DMA
                0x08003dec      0x1e0 ./Drivers/STM32F4xx_HAL_Driver/Src/stm32f4xx_hal_adc.o
                0x08003dec                HAL_ADC_Start_DMA
 .text.HAL_ADC_ConvHalfCpltCallback
                0x08003fcc       0x14 ./Drivers/STM32F4xx_HAL_Driver/Src/stm32f4xx_hal_adc.o
                0x08003fcc                HAL_ADC_ConvHalfCpltCallback
 .text.HAL_ADC_LevelOutOfWindowCallback
                0x08003fe0       0x14 ./Drivers/STM32F4xx_HAL_Driver/Src/stm32f4xx_hal_adc.o
                0x08003fe0                HAL_ADC_LevelOutOfWindowCallback
 .text.HAL_ADC_ErrorCallback
                0x08003ff4       0x14 ./Drivers/STM32F4xx_HAL_Driver/Src/stm32f4xx_hal_adc.o
                0x08003ff4                HAL_ADC_ErrorCallback
 .text.HAL_ADC_ConfigChannel
                0x08004008      0x264 ./Drivers/STM32F4xx_HAL_Driver/Src/stm32f4xx_hal_adc.o
                0x08004008                HAL_ADC_ConfigChannel
 .text.ADC_Init
                0x0800426c      0x1f8 ./Drivers/STM32F4xx_HAL_Driver/Src/stm32f4xx_hal_adc.o
 .text.ADC_DMAConvCplt
                0x08004464       0xba ./Drivers/STM32F4xx_HAL_Driver/Src/stm32f4xx_hal_adc.o
 .text.ADC_DMAHalfConvCplt
                0x0800451e       0x1c ./Drivers/STM32F4xx_HAL_Driver/Src/stm32f4xx_hal_adc.o
 .text.ADC_DMAError
                0x0800453a       0x2e ./Drivers/STM32F4xx_HAL_Driver/Src/stm32f4xx_hal_adc.o
 .text.HAL_ADCEx_InjectedConvCpltCallback
                0x08004568       0x14 ./Drivers/STM32F4xx_HAL_Driver/Src/stm32f4xx_hal_adc_ex.o
                0x08004568                HAL_ADCEx_InjectedConvCpltCallback
 .text.__NVIC_SetPriorityGrouping
                0x0800457c       0x48 ./Drivers/STM32F4xx_HAL_Driver/Src/stm32f4xx_hal_cortex.o
 .text.__NVIC_GetPriorityGrouping
                0x080045c4       0x1c ./Drivers/STM32F4xx_HAL_Driver/Src/stm32f4xx_hal_cortex.o
 .text.__NVIC_EnableIRQ
                0x080045e0       0x3c ./Drivers/STM32F4xx_HAL_Driver/Src/stm32f4xx_hal_cortex.o
 .text.__NVIC_SetPriority
                0x0800461c       0x54 ./Drivers/STM32F4xx_HAL_Driver/Src/stm32f4xx_hal_cortex.o
 .text.NVIC_EncodePriority
                0x08004670       0x66 ./Drivers/STM32F4xx_HAL_Driver/Src/stm32f4xx_hal_cortex.o
 *fill*         0x080046d6        0x2 
 .text.SysTick_Config
                0x080046d8       0x44 ./Drivers/STM32F4xx_HAL_Driver/Src/stm32f4xx_hal_cortex.o
 .text.HAL_NVIC_SetPriorityGrouping
                0x0800471c       0x16 ./Drivers/STM32F4xx_HAL_Driver/Src/stm32f4xx_hal_cortex.o
                0x0800471c                HAL_NVIC_SetPriorityGrouping
 .text.HAL_NVIC_SetPriority
                0x08004732       0x38 ./Drivers/STM32F4xx_HAL_Driver/Src/stm32f4xx_hal_cortex.o
                0x08004732                HAL_NVIC_SetPriority
 .text.HAL_NVIC_EnableIRQ
                0x0800476a       0x1c ./Drivers/STM32F4xx_HAL_Driver/Src/stm32f4xx_hal_cortex.o
                0x0800476a                HAL_NVIC_EnableIRQ
 .text.HAL_SYSTICK_Config
                0x08004786       0x18 ./Drivers/STM32F4xx_HAL_Driver/Src/stm32f4xx_hal_cortex.o
                0x08004786                HAL_SYSTICK_Config
 *fill*         0x0800479e        0x2 
 .text.HAL_DMA_Init
                0x080047a0      0x15c ./Drivers/STM32F4xx_HAL_Driver/Src/stm32f4xx_hal_dma.o
                0x080047a0                HAL_DMA_Init
 .text.HAL_DMA_Start_IT
                0x080048fc       0xb0 ./Drivers/STM32F4xx_HAL_Driver/Src/stm32f4xx_hal_dma.o
                0x080048fc                HAL_DMA_Start_IT
 .text.HAL_DMA_Abort
                0x080049ac       0xe0 ./Drivers/STM32F4xx_HAL_Driver/Src/stm32f4xx_hal_dma.o
                0x080049ac                HAL_DMA_Abort
 .text.HAL_DMA_Abort_IT
                0x08004a8c       0x44 ./Drivers/STM32F4xx_HAL_Driver/Src/stm32f4xx_hal_dma.o
                0x08004a8c                HAL_DMA_Abort_IT
 .text.HAL_DMA_IRQHandler
                0x08004ad0      0x314 ./Drivers/STM32F4xx_HAL_Driver/Src/stm32f4xx_hal_dma.o
                0x08004ad0                HAL_DMA_IRQHandler
 .text.HAL_DMA_GetState
                0x08004de4       0x1c ./Drivers/STM32F4xx_HAL_Driver/Src/stm32f4xx_hal_dma.o
                0x08004de4                HAL_DMA_GetState
 .text.HAL_DMA_GetError
                0x08004e00       0x18 ./Drivers/STM32F4xx_HAL_Driver/Src/stm32f4xx_hal_dma.o
                0x08004e00                HAL_DMA_GetError
 .text.DMA_SetConfig
                0x08004e18       0x5c ./Drivers/STM32F4xx_HAL_Driver/Src/stm32f4xx_hal_dma.o
 .text.DMA_CalcBaseAndBitshift
                0x08004e74       0x6c ./Drivers/STM32F4xx_HAL_Driver/Src/stm32f4xx_hal_dma.o
 .text.DMA_CheckFifoParam
                0x08004ee0       0xf8 ./Drivers/STM32F4xx_HAL_Driver/Src/stm32f4xx_hal_dma.o
 .text.HAL_GPIO_Init
                0x08004fd8      0x308 ./Drivers/STM32F4xx_HAL_Driver/Src/stm32f4xx_hal_gpio.o
                0x08004fd8                HAL_GPIO_Init
 .text.HAL_GPIO_ReadPin
                0x080052e0       0x30 ./Drivers/STM32F4xx_HAL_Driver/Src/stm32f4xx_hal_gpio.o
                0x080052e0                HAL_GPIO_ReadPin
 .text.HAL_GPIO_WritePin
                0x08005310       0x32 ./Drivers/STM32F4xx_HAL_Driver/Src/stm32f4xx_hal_gpio.o
                0x08005310                HAL_GPIO_WritePin
 .text.HAL_GPIO_TogglePin
                0x08005342       0x34 ./Drivers/STM32F4xx_HAL_Driver/Src/stm32f4xx_hal_gpio.o
                0x08005342                HAL_GPIO_TogglePin
 *fill*         0x08005376        0x2 
 .text.HAL_GPIO_EXTI_IRQHandler
                0x08005378       0x30 ./Drivers/STM32F4xx_HAL_Driver/Src/stm32f4xx_hal_gpio.o
                0x08005378                HAL_GPIO_EXTI_IRQHandler
 .text.HAL_I2C_Init
                0x080053a8      0x288 ./Drivers/STM32F4xx_HAL_Driver/Src/stm32f4xx_hal_i2c.o
                0x080053a8                HAL_I2C_Init
 .text.I2C_Flush_DR
                0x08005630       0x2a ./Drivers/STM32F4xx_HAL_Driver/Src/stm32f4xx_hal_i2c.o
 *fill*         0x0800565a        0x2 
 .text.HAL_I2C_Master_Transmit
                0x0800565c      0x1fc ./Drivers/STM32F4xx_HAL_Driver/Src/stm32f4xx_hal_i2c.o
                0x0800565c                HAL_I2C_Master_Transmit
 .text.HAL_I2C_Mem_Write
                0x08005858      0x1f4 ./Drivers/STM32F4xx_HAL_Driver/Src/stm32f4xx_hal_i2c.o
                0x08005858                HAL_I2C_Mem_Write
 .text.HAL_I2C_Mem_Read
                0x08005a4c      0x464 ./Drivers/STM32F4xx_HAL_Driver/Src/stm32f4xx_hal_i2c.o
                0x08005a4c                HAL_I2C_Mem_Read
 .text.HAL_I2C_Mem_Write_DMA
                0x08005eb0      0x2bc ./Drivers/STM32F4xx_HAL_Driver/Src/stm32f4xx_hal_i2c.o
                0x08005eb0                HAL_I2C_Mem_Write_DMA
 .text.HAL_I2C_Mem_Read_DMA
                0x0800616c      0x320 ./Drivers/STM32F4xx_HAL_Driver/Src/stm32f4xx_hal_i2c.o
                0x0800616c                HAL_I2C_Mem_Read_DMA
 .text.HAL_I2C_IsDeviceReady
                0x0800648c      0x25c ./Drivers/STM32F4xx_HAL_Driver/Src/stm32f4xx_hal_i2c.o
                0x0800648c                HAL_I2C_IsDeviceReady
 .text.HAL_I2C_EV_IRQHandler
                0x080066e8      0x2e2 ./Drivers/STM32F4xx_HAL_Driver/Src/stm32f4xx_hal_i2c.o
                0x080066e8                HAL_I2C_EV_IRQHandler
 .text.HAL_I2C_ER_IRQHandler
                0x080069ca      0x14e ./Drivers/STM32F4xx_HAL_Driver/Src/stm32f4xx_hal_i2c.o
                0x080069ca                HAL_I2C_ER_IRQHandler
 .text.HAL_I2C_MasterTxCpltCallback
                0x08006b18       0x14 ./Drivers/STM32F4xx_HAL_Driver/Src/stm32f4xx_hal_i2c.o
                0x08006b18                HAL_I2C_MasterTxCpltCallback
 .text.HAL_I2C_MasterRxCpltCallback
                0x08006b2c       0x14 ./Drivers/STM32F4xx_HAL_Driver/Src/stm32f4xx_hal_i2c.o
                0x08006b2c                HAL_I2C_MasterRxCpltCallback
 .text.HAL_I2C_SlaveTxCpltCallback
                0x08006b40       0x14 ./Drivers/STM32F4xx_HAL_Driver/Src/stm32f4xx_hal_i2c.o
                0x08006b40                HAL_I2C_SlaveTxCpltCallback
 .text.HAL_I2C_SlaveRxCpltCallback
                0x08006b54       0x14 ./Drivers/STM32F4xx_HAL_Driver/Src/stm32f4xx_hal_i2c.o
                0x08006b54                HAL_I2C_SlaveRxCpltCallback
 .text.HAL_I2C_AddrCallback
                0x08006b68       0x1c ./Drivers/STM32F4xx_HAL_Driver/Src/stm32f4xx_hal_i2c.o
                0x08006b68                HAL_I2C_AddrCallback
 .text.HAL_I2C_ListenCpltCallback
                0x08006b84       0x14 ./Drivers/STM32F4xx_HAL_Driver/Src/stm32f4xx_hal_i2c.o
                0x08006b84                HAL_I2C_ListenCpltCallback
 .text.HAL_I2C_ErrorCallback
                0x08006b98       0x14 ./Drivers/STM32F4xx_HAL_Driver/Src/stm32f4xx_hal_i2c.o
                0x08006b98                HAL_I2C_ErrorCallback
 .text.HAL_I2C_AbortCpltCallback
                0x08006bac       0x14 ./Drivers/STM32F4xx_HAL_Driver/Src/stm32f4xx_hal_i2c.o
                0x08006bac                HAL_I2C_AbortCpltCallback
 .text.I2C_MasterTransmit_TXE
                0x08006bc0      0x138 ./Drivers/STM32F4xx_HAL_Driver/Src/stm32f4xx_hal_i2c.o
 .text.I2C_MasterTransmit_BTF
                0x08006cf8       0xec ./Drivers/STM32F4xx_HAL_Driver/Src/stm32f4xx_hal_i2c.o
 .text.I2C_MemoryTransmit_TXE_BTF
                0x08006de4      0x130 ./Drivers/STM32F4xx_HAL_Driver/Src/stm32f4xx_hal_i2c.o
 .text.I2C_MasterReceive_RXNE
                0x08006f14      0x190 ./Drivers/STM32F4xx_HAL_Driver/Src/stm32f4xx_hal_i2c.o
 .text.I2C_MasterReceive_BTF
                0x080070a4      0x1ea ./Drivers/STM32F4xx_HAL_Driver/Src/stm32f4xx_hal_i2c.o
 .text.I2C_Master_SB
                0x0800728e      0x10c ./Drivers/STM32F4xx_HAL_Driver/Src/stm32f4xx_hal_i2c.o
 .text.I2C_Master_ADD10
                0x0800739a       0x54 ./Drivers/STM32F4xx_HAL_Driver/Src/stm32f4xx_hal_i2c.o
 .text.I2C_Master_ADDR
                0x080073ee      0x322 ./Drivers/STM32F4xx_HAL_Driver/Src/stm32f4xx_hal_i2c.o
 .text.I2C_SlaveTransmit_TXE
                0x08007710       0x7a ./Drivers/STM32F4xx_HAL_Driver/Src/stm32f4xx_hal_i2c.o
 .text.I2C_SlaveTransmit_BTF
                0x0800778a       0x42 ./Drivers/STM32F4xx_HAL_Driver/Src/stm32f4xx_hal_i2c.o
 .text.I2C_SlaveReceive_RXNE
                0x080077cc       0x7c ./Drivers/STM32F4xx_HAL_Driver/Src/stm32f4xx_hal_i2c.o
 .text.I2C_SlaveReceive_BTF
                0x08007848       0x44 ./Drivers/STM32F4xx_HAL_Driver/Src/stm32f4xx_hal_i2c.o
 .text.I2C_Slave_ADDR
                0x0800788c       0x94 ./Drivers/STM32F4xx_HAL_Driver/Src/stm32f4xx_hal_i2c.o
 .text.I2C_Slave_STOPF
                0x08007920      0x260 ./Drivers/STM32F4xx_HAL_Driver/Src/stm32f4xx_hal_i2c.o
 .text.I2C_Slave_AF
                0x08007b80       0xe8 ./Drivers/STM32F4xx_HAL_Driver/Src/stm32f4xx_hal_i2c.o
 .text.I2C_ITError
                0x08007c68      0x264 ./Drivers/STM32F4xx_HAL_Driver/Src/stm32f4xx_hal_i2c.o
 .text.I2C_MasterRequestWrite
                0x08007ecc      0x104 ./Drivers/STM32F4xx_HAL_Driver/Src/stm32f4xx_hal_i2c.o
 .text.I2C_RequestMemoryWrite
                0x08007fd0      0x12c ./Drivers/STM32F4xx_HAL_Driver/Src/stm32f4xx_hal_i2c.o
 .text.I2C_RequestMemoryRead
                0x080080fc      0x1d0 ./Drivers/STM32F4xx_HAL_Driver/Src/stm32f4xx_hal_i2c.o
 .text.I2C_DMAXferCplt
                0x080082cc      0x1be ./Drivers/STM32F4xx_HAL_Driver/Src/stm32f4xx_hal_i2c.o
 .text.I2C_DMAError
                0x0800848a       0x7a ./Drivers/STM32F4xx_HAL_Driver/Src/stm32f4xx_hal_i2c.o
 .text.I2C_DMAAbort
                0x08008504      0x150 ./Drivers/STM32F4xx_HAL_Driver/Src/stm32f4xx_hal_i2c.o
 .text.I2C_WaitOnFlagUntilTimeout
                0x08008654       0xf4 ./Drivers/STM32F4xx_HAL_Driver/Src/stm32f4xx_hal_i2c.o
 .text.I2C_WaitOnMasterAddressFlagUntilTimeout
                0x08008748      0x140 ./Drivers/STM32F4xx_HAL_Driver/Src/stm32f4xx_hal_i2c.o
 .text.I2C_WaitOnTXEFlagUntilTimeout
                0x08008888       0x90 ./Drivers/STM32F4xx_HAL_Driver/Src/stm32f4xx_hal_i2c.o
 .text.I2C_WaitOnBTFFlagUntilTimeout
                0x08008918       0x90 ./Drivers/STM32F4xx_HAL_Driver/Src/stm32f4xx_hal_i2c.o
 .text.I2C_WaitOnSTOPRequestThroughIT
                0x080089a8       0x64 ./Drivers/STM32F4xx_HAL_Driver/Src/stm32f4xx_hal_i2c.o
 .text.I2C_WaitOnRXNEFlagUntilTimeout
                0x08008a0c       0xba ./Drivers/STM32F4xx_HAL_Driver/Src/stm32f4xx_hal_i2c.o
 .text.I2C_IsAcknowledgeFailed
                0x08008ac6       0x5e ./Drivers/STM32F4xx_HAL_Driver/Src/stm32f4xx_hal_i2c.o
 .text.I2C_ConvertOtherXferOptions
                0x08008b24       0x36 ./Drivers/STM32F4xx_HAL_Driver/Src/stm32f4xx_hal_i2c.o
 .text.HAL_PCD_Init
                0x08008b5a      0x21e ./Drivers/STM32F4xx_HAL_Driver/Src/stm32f4xx_hal_pcd.o
                0x08008b5a                HAL_PCD_Init
 .text.HAL_PCD_Start
                0x08008d78       0x6a ./Drivers/STM32F4xx_HAL_Driver/Src/stm32f4xx_hal_pcd.o
                0x08008d78                HAL_PCD_Start
 .text.HAL_PCD_IRQHandler
                0x08008de2      0x942 ./Drivers/STM32F4xx_HAL_Driver/Src/stm32f4xx_hal_pcd.o
                0x08008de2                HAL_PCD_IRQHandler
 .text.HAL_PCD_SetAddress
                0x08009724       0x48 ./Drivers/STM32F4xx_HAL_Driver/Src/stm32f4xx_hal_pcd.o
                0x08009724                HAL_PCD_SetAddress
 .text.HAL_PCD_EP_Open
                0x0800976c       0xd4 ./Drivers/STM32F4xx_HAL_Driver/Src/stm32f4xx_hal_pcd.o
                0x0800976c                HAL_PCD_EP_Open
 .text.HAL_PCD_EP_Close
                0x08009840       0x94 ./Drivers/STM32F4xx_HAL_Driver/Src/stm32f4xx_hal_pcd.o
                0x08009840                HAL_PCD_EP_Close
 .text.HAL_PCD_EP_Receive
                0x080098d4       0x76 ./Drivers/STM32F4xx_HAL_Driver/Src/stm32f4xx_hal_pcd.o
                0x080098d4                HAL_PCD_EP_Receive
 .text.HAL_PCD_EP_GetRxCount
                0x0800994a       0x30 ./Drivers/STM32F4xx_HAL_Driver/Src/stm32f4xx_hal_pcd.o
                0x0800994a                HAL_PCD_EP_GetRxCount
 .text.HAL_PCD_EP_Transmit
                0x0800997a       0x74 ./Drivers/STM32F4xx_HAL_Driver/Src/stm32f4xx_hal_pcd.o
                0x0800997a                HAL_PCD_EP_Transmit
 .text.HAL_PCD_EP_SetStall
                0x080099ee       0xc6 ./Drivers/STM32F4xx_HAL_Driver/Src/stm32f4xx_hal_pcd.o
                0x080099ee                HAL_PCD_EP_SetStall
 .text.HAL_PCD_EP_ClrStall
                0x08009ab4       0xac ./Drivers/STM32F4xx_HAL_Driver/Src/stm32f4xx_hal_pcd.o
                0x08009ab4                HAL_PCD_EP_ClrStall
 .text.HAL_PCD_EP_Abort
                0x08009b60       0x62 ./Drivers/STM32F4xx_HAL_Driver/Src/stm32f4xx_hal_pcd.o
                0x08009b60                HAL_PCD_EP_Abort
 .text.PCD_WriteEmptyTxFifo
                0x08009bc2      0x118 ./Drivers/STM32F4xx_HAL_Driver/Src/stm32f4xx_hal_pcd.o
 *fill*         0x08009cda        0x2 
 .text.PCD_EP_OutXfrComplete_int
                0x08009cdc      0x1d0 ./Drivers/STM32F4xx_HAL_Driver/Src/stm32f4xx_hal_pcd.o
 .text.PCD_EP_OutSetupPacket_int
                0x08009eac       0x8c ./Drivers/STM32F4xx_HAL_Driver/Src/stm32f4xx_hal_pcd.o
 .text.HAL_PCDEx_SetTxFiFo
                0x08009f38       0x8e ./Drivers/STM32F4xx_HAL_Driver/Src/stm32f4xx_hal_pcd_ex.o
                0x08009f38                HAL_PCDEx_SetTxFiFo
 .text.HAL_PCDEx_SetRxFiFo
                0x08009fc6       0x22 ./Drivers/STM32F4xx_HAL_Driver/Src/stm32f4xx_hal_pcd_ex.o
                0x08009fc6                HAL_PCDEx_SetRxFiFo
 .text.HAL_PCDEx_LPM_Callback
                0x08009fe8       0x18 ./Drivers/STM32F4xx_HAL_Driver/Src/stm32f4xx_hal_pcd_ex.o
                0x08009fe8                HAL_PCDEx_LPM_Callback
 .text.HAL_RCC_OscConfig
                0x0800a000      0x4f0 ./Drivers/STM32F4xx_HAL_Driver/Src/stm32f4xx_hal_rcc.o
                0x0800a000                HAL_RCC_OscConfig
 .text.HAL_RCC_ClockConfig
                0x0800a4f0      0x1cc ./Drivers/STM32F4xx_HAL_Driver/Src/stm32f4xx_hal_rcc.o
                0x0800a4f0                HAL_RCC_ClockConfig
 .text.HAL_RCC_EnableCSS
                0x0800a6bc       0x18 ./Drivers/STM32F4xx_HAL_Driver/Src/stm32f4xx_hal_rcc.o
                0x0800a6bc                HAL_RCC_EnableCSS
 .text.HAL_RCC_GetSysClockFreq
                0x0800a6d4      0x18c ./Drivers/STM32F4xx_HAL_Driver/Src/stm32f4xx_hal_rcc.o
                0x0800a6d4                HAL_RCC_GetSysClockFreq
 .text.HAL_RCC_GetHCLKFreq
                0x0800a860       0x18 ./Drivers/STM32F4xx_HAL_Driver/Src/stm32f4xx_hal_rcc.o
                0x0800a860                HAL_RCC_GetHCLKFreq
 .text.HAL_RCC_GetPCLK1Freq
                0x0800a878       0x28 ./Drivers/STM32F4xx_HAL_Driver/Src/stm32f4xx_hal_rcc.o
                0x0800a878                HAL_RCC_GetPCLK1Freq
 .text.HAL_RCC_GetPCLK2Freq
                0x0800a8a0       0x28 ./Drivers/STM32F4xx_HAL_Driver/Src/stm32f4xx_hal_rcc.o
                0x0800a8a0                HAL_RCC_GetPCLK2Freq
 .text.HAL_RCC_NMI_IRQHandler
                0x0800a8c8       0x28 ./Drivers/STM32F4xx_HAL_Driver/Src/stm32f4xx_hal_rcc.o
                0x0800a8c8                HAL_RCC_NMI_IRQHandler
 .text.HAL_RCC_CSSCallback
                0x0800a8f0        0xe ./Drivers/STM32F4xx_HAL_Driver/Src/stm32f4xx_hal_rcc.o
                0x0800a8f0                HAL_RCC_CSSCallback
 .text.HAL_TIM_Base_Init
                0x0800a8fe       0x9e ./Drivers/STM32F4xx_HAL_Driver/Src/stm32f4xx_hal_tim.o
                0x0800a8fe                HAL_TIM_Base_Init
 .text.HAL_TIM_Base_Start_IT
                0x0800a99c       0xc4 ./Drivers/STM32F4xx_HAL_Driver/Src/stm32f4xx_hal_tim.o
                0x0800a99c                HAL_TIM_Base_Start_IT
 .text.HAL_TIM_PWM_Init
                0x0800aa60       0x9e ./Drivers/STM32F4xx_HAL_Driver/Src/stm32f4xx_hal_tim.o
                0x0800aa60                HAL_TIM_PWM_Init
 .text.HAL_TIM_PWM_MspInit
                0x0800aafe       0x14 ./Drivers/STM32F4xx_HAL_Driver/Src/stm32f4xx_hal_tim.o
                0x0800aafe                HAL_TIM_PWM_MspInit
 *fill*         0x0800ab12        0x2 
 .text.HAL_TIM_PWM_Start
                0x0800ab14      0x160 ./Drivers/STM32F4xx_HAL_Driver/Src/stm32f4xx_hal_tim.o
                0x0800ab14                HAL_TIM_PWM_Start
 .text.HAL_TIM_IRQHandler
                0x0800ac74      0x1e0 ./Drivers/STM32F4xx_HAL_Driver/Src/stm32f4xx_hal_tim.o
                0x0800ac74                HAL_TIM_IRQHandler
 .text.HAL_TIM_PWM_ConfigChannel
                0x0800ae54      0x184 ./Drivers/STM32F4xx_HAL_Driver/Src/stm32f4xx_hal_tim.o
                0x0800ae54                HAL_TIM_PWM_ConfigChannel
 .text.HAL_TIM_ConfigClockSource
                0x0800afd8      0x18e ./Drivers/STM32F4xx_HAL_Driver/Src/stm32f4xx_hal_tim.o
                0x0800afd8                HAL_TIM_ConfigClockSource
 .text.HAL_TIM_OC_DelayElapsedCallback
                0x0800b166       0x14 ./Drivers/STM32F4xx_HAL_Driver/Src/stm32f4xx_hal_tim.o
                0x0800b166                HAL_TIM_OC_DelayElapsedCallback
 .text.HAL_TIM_IC_CaptureCallback
                0x0800b17a       0x14 ./Drivers/STM32F4xx_HAL_Driver/Src/stm32f4xx_hal_tim.o
                0x0800b17a                HAL_TIM_IC_CaptureCallback
 .text.HAL_TIM_PWM_PulseFinishedCallback
                0x0800b18e       0x14 ./Drivers/STM32F4xx_HAL_Driver/Src/stm32f4xx_hal_tim.o
                0x0800b18e                HAL_TIM_PWM_PulseFinishedCallback
 .text.HAL_TIM_TriggerCallback
                0x0800b1a2       0x14 ./Drivers/STM32F4xx_HAL_Driver/Src/stm32f4xx_hal_tim.o
                0x0800b1a2                HAL_TIM_TriggerCallback
 *fill*         0x0800b1b6        0x2 
 .text.TIM_Base_SetConfig
                0x0800b1b8      0x118 ./Drivers/STM32F4xx_HAL_Driver/Src/stm32f4xx_hal_tim.o
                0x0800b1b8                TIM_Base_SetConfig
 .text.TIM_OC1_SetConfig
                0x0800b2d0       0xcc ./Drivers/STM32F4xx_HAL_Driver/Src/stm32f4xx_hal_tim.o
 .text.TIM_OC2_SetConfig
                0x0800b39c       0xd8 ./Drivers/STM32F4xx_HAL_Driver/Src/stm32f4xx_hal_tim.o
                0x0800b39c                TIM_OC2_SetConfig
 .text.TIM_OC3_SetConfig
                0x0800b474       0xd4 ./Drivers/STM32F4xx_HAL_Driver/Src/stm32f4xx_hal_tim.o
 .text.TIM_OC4_SetConfig
                0x0800b548       0xa0 ./Drivers/STM32F4xx_HAL_Driver/Src/stm32f4xx_hal_tim.o
 .text.TIM_TI1_ConfigInputStage
                0x0800b5e8       0x5e ./Drivers/STM32F4xx_HAL_Driver/Src/stm32f4xx_hal_tim.o
 .text.TIM_TI2_ConfigInputStage
                0x0800b646       0x60 ./Drivers/STM32F4xx_HAL_Driver/Src/stm32f4xx_hal_tim.o
 .text.TIM_ITRx_SetConfig
                0x0800b6a6       0x36 ./Drivers/STM32F4xx_HAL_Driver/Src/stm32f4xx_hal_tim.o
 .text.TIM_ETR_SetConfig
                0x0800b6dc       0x40 ./Drivers/STM32F4xx_HAL_Driver/Src/stm32f4xx_hal_tim.o
                0x0800b6dc                TIM_ETR_SetConfig
 .text.TIM_CCxChannelCmd
                0x0800b71c       0x4a ./Drivers/STM32F4xx_HAL_Driver/Src/stm32f4xx_hal_tim.o
                0x0800b71c                TIM_CCxChannelCmd
 *fill*         0x0800b766        0x2 
 .text.HAL_TIMEx_MasterConfigSynchronization
                0x0800b768       0xdc ./Drivers/STM32F4xx_HAL_Driver/Src/stm32f4xx_hal_tim_ex.o
                0x0800b768                HAL_TIMEx_MasterConfigSynchronization
 .text.HAL_TIMEx_CommutCallback
                0x0800b844       0x14 ./Drivers/STM32F4xx_HAL_Driver/Src/stm32f4xx_hal_tim_ex.o
                0x0800b844                HAL_TIMEx_CommutCallback
 .text.HAL_TIMEx_BreakCallback
                0x0800b858       0x14 ./Drivers/STM32F4xx_HAL_Driver/Src/stm32f4xx_hal_tim_ex.o
                0x0800b858                HAL_TIMEx_BreakCallback
 .text.HAL_UART_Init
                0x0800b86c       0xa0 ./Drivers/STM32F4xx_HAL_Driver/Src/stm32f4xx_hal_uart.o
                0x0800b86c                HAL_UART_Init
 .text.HAL_UART_Receive_IT
                0x0800b90c       0x4a ./Drivers/STM32F4xx_HAL_Driver/Src/stm32f4xx_hal_uart.o
                0x0800b90c                HAL_UART_Receive_IT
 *fill*         0x0800b956        0x2 
 .text.HAL_UART_IRQHandler
                0x0800b958      0x524 ./Drivers/STM32F4xx_HAL_Driver/Src/stm32f4xx_hal_uart.o
                0x0800b958                HAL_UART_IRQHandler
 .text.HAL_UART_TxCpltCallback
                0x0800be7c       0x14 ./Drivers/STM32F4xx_HAL_Driver/Src/stm32f4xx_hal_uart.o
                0x0800be7c                HAL_UART_TxCpltCallback
 .text.HAL_UART_ErrorCallback
                0x0800be90       0x14 ./Drivers/STM32F4xx_HAL_Driver/Src/stm32f4xx_hal_uart.o
                0x0800be90                HAL_UART_ErrorCallback
 .text.HAL_UARTEx_RxEventCallback
                0x0800bea4       0x18 ./Drivers/STM32F4xx_HAL_Driver/Src/stm32f4xx_hal_uart.o
                0x0800bea4                HAL_UARTEx_RxEventCallback
 .text.UART_Start_Receive_IT
                0x0800bebc       0x74 ./Drivers/STM32F4xx_HAL_Driver/Src/stm32f4xx_hal_uart.o
                0x0800bebc                UART_Start_Receive_IT
 .text.UART_EndRxTransfer
                0x0800bf30       0xc6 ./Drivers/STM32F4xx_HAL_Driver/Src/stm32f4xx_hal_uart.o
 .text.UART_DMAAbortOnError
                0x0800bff6       0x28 ./Drivers/STM32F4xx_HAL_Driver/Src/stm32f4xx_hal_uart.o
 .text.UART_Transmit_IT
                0x0800c01e       0xa0 ./Drivers/STM32F4xx_HAL_Driver/Src/stm32f4xx_hal_uart.o
 .text.UART_EndTransmit_IT
                0x0800c0be       0x30 ./Drivers/STM32F4xx_HAL_Driver/Src/stm32f4xx_hal_uart.o
 .text.UART_Receive_IT
                0x0800c0ee      0x17c ./Drivers/STM32F4xx_HAL_Driver/Src/stm32f4xx_hal_uart.o
 *fill*         0x0800c26a        0x2 
 .text.UART_SetConfig
                0x0800c26c      0x4e8 ./Drivers/STM32F4xx_HAL_Driver/Src/stm32f4xx_hal_uart.o
 .text.USB_CoreInit
                0x0800c754       0xc8 ./Drivers/STM32F4xx_HAL_Driver/Src/stm32f4xx_ll_usb.o
                0x0800c754                USB_CoreInit
 .text.USB_SetTurnaroundTime
                0x0800c81c      0x144 ./Drivers/STM32F4xx_HAL_Driver/Src/stm32f4xx_ll_usb.o
                0x0800c81c                USB_SetTurnaroundTime
 .text.USB_EnableGlobalInt
                0x0800c960       0x22 ./Drivers/STM32F4xx_HAL_Driver/Src/stm32f4xx_ll_usb.o
                0x0800c960                USB_EnableGlobalInt
 .text.USB_DisableGlobalInt
                0x0800c982       0x22 ./Drivers/STM32F4xx_HAL_Driver/Src/stm32f4xx_ll_usb.o
                0x0800c982                USB_DisableGlobalInt
 .text.USB_SetCurrentMode
                0x0800c9a4       0x98 ./Drivers/STM32F4xx_HAL_Driver/Src/stm32f4xx_ll_usb.o
                0x0800c9a4                USB_SetCurrentMode
 .text.USB_DevInit
                0x0800ca3c      0x2c8 ./Drivers/STM32F4xx_HAL_Driver/Src/stm32f4xx_ll_usb.o
                0x0800ca3c                USB_DevInit
 .text.USB_FlushTxFifo
                0x0800cd04       0x64 ./Drivers/STM32F4xx_HAL_Driver/Src/stm32f4xx_ll_usb.o
                0x0800cd04                USB_FlushTxFifo
 .text.USB_FlushRxFifo
                0x0800cd68       0x5c ./Drivers/STM32F4xx_HAL_Driver/Src/stm32f4xx_ll_usb.o
                0x0800cd68                USB_FlushRxFifo
 .text.USB_SetDevSpeed
                0x0800cdc4       0x32 ./Drivers/STM32F4xx_HAL_Driver/Src/stm32f4xx_ll_usb.o
                0x0800cdc4                USB_SetDevSpeed
 .text.USB_GetDevSpeed
                0x0800cdf6       0x4a ./Drivers/STM32F4xx_HAL_Driver/Src/stm32f4xx_ll_usb.o
                0x0800cdf6                USB_GetDevSpeed
 .text.USB_ActivateEndpoint
                0x0800ce40      0x10e ./Drivers/STM32F4xx_HAL_Driver/Src/stm32f4xx_ll_usb.o
                0x0800ce40                USB_ActivateEndpoint
 *fill*         0x0800cf4e        0x2 
 .text.USB_DeactivateEndpoint
                0x0800cf50      0x1b8 ./Drivers/STM32F4xx_HAL_Driver/Src/stm32f4xx_ll_usb.o
                0x0800cf50                USB_DeactivateEndpoint
 .text.USB_EPStartXfer
                0x0800d108      0x53c ./Drivers/STM32F4xx_HAL_Driver/Src/stm32f4xx_ll_usb.o
                0x0800d108                USB_EPStartXfer
 .text.USB_EPStopXfer
                0x0800d644      0x154 ./Drivers/STM32F4xx_HAL_Driver/Src/stm32f4xx_ll_usb.o
                0x0800d644                USB_EPStopXfer
 .text.USB_WritePacket
                0x0800d798       0x7c ./Drivers/STM32F4xx_HAL_Driver/Src/stm32f4xx_ll_usb.o
                0x0800d798                USB_WritePacket
 .text.USB_ReadPacket
                0x0800d814       0xb0 ./Drivers/STM32F4xx_HAL_Driver/Src/stm32f4xx_ll_usb.o
                0x0800d814                USB_ReadPacket
 .text.USB_EPSetStall
                0x0800d8c4       0xdc ./Drivers/STM32F4xx_HAL_Driver/Src/stm32f4xx_ll_usb.o
                0x0800d8c4                USB_EPSetStall
 .text.USB_EPClearStall
                0x0800d9a0       0xcc ./Drivers/STM32F4xx_HAL_Driver/Src/stm32f4xx_ll_usb.o
                0x0800d9a0                USB_EPClearStall
 .text.USB_SetDevAddress
                0x0800da6c       0x4c ./Drivers/STM32F4xx_HAL_Driver/Src/stm32f4xx_ll_usb.o
                0x0800da6c                USB_SetDevAddress
 .text.USB_DevConnect
                0x0800dab8       0x42 ./Drivers/STM32F4xx_HAL_Driver/Src/stm32f4xx_ll_usb.o
                0x0800dab8                USB_DevConnect
 .text.USB_DevDisconnect
                0x0800dafa       0x42 ./Drivers/STM32F4xx_HAL_Driver/Src/stm32f4xx_ll_usb.o
                0x0800dafa                USB_DevDisconnect
 .text.USB_ReadInterrupts
                0x0800db3c       0x26 ./Drivers/STM32F4xx_HAL_Driver/Src/stm32f4xx_ll_usb.o
                0x0800db3c                USB_ReadInterrupts
 .text.USB_ReadDevAllOutEpInterrupt
                0x0800db62       0x34 ./Drivers/STM32F4xx_HAL_Driver/Src/stm32f4xx_ll_usb.o
                0x0800db62                USB_ReadDevAllOutEpInterrupt
 .text.USB_ReadDevAllInEpInterrupt
                0x0800db96       0x34 ./Drivers/STM32F4xx_HAL_Driver/Src/stm32f4xx_ll_usb.o
                0x0800db96                USB_ReadDevAllInEpInterrupt
 .text.USB_ReadDevOutEPInterrupt
                0x0800dbca       0x3c ./Drivers/STM32F4xx_HAL_Driver/Src/stm32f4xx_ll_usb.o
                0x0800dbca                USB_ReadDevOutEPInterrupt
 .text.USB_ReadDevInEPInterrupt
                0x0800dc06       0x5c ./Drivers/STM32F4xx_HAL_Driver/Src/stm32f4xx_ll_usb.o
                0x0800dc06                USB_ReadDevInEPInterrupt
 .text.USB_GetMode
                0x0800dc62       0x1c ./Drivers/STM32F4xx_HAL_Driver/Src/stm32f4xx_ll_usb.o
                0x0800dc62                USB_GetMode
 .text.USB_ActivateSetup
                0x0800dc7e       0x46 ./Drivers/STM32F4xx_HAL_Driver/Src/stm32f4xx_ll_usb.o
                0x0800dc7e                USB_ActivateSetup
 .text.USB_EP0_OutStart
                0x0800dcc4       0xbc ./Drivers/STM32F4xx_HAL_Driver/Src/stm32f4xx_ll_usb.o
                0x0800dcc4                USB_EP0_OutStart
 .text.USB_CoreReset
                0x0800dd80       0x62 ./Drivers/STM32F4xx_HAL_Driver/Src/stm32f4xx_ll_usb.o
 *fill*         0x0800dde2        0x2 
 .text.USBD_CDC_Init
                0x0800dde4      0x1f0 ./Middlewares/ST/STM32_USB_Device_Library/Class/CDC/Src/usbd_cdc.o
 .text.USBD_CDC_DeInit
                0x0800dfd4      0x104 ./Middlewares/ST/STM32_USB_Device_Library/Class/CDC/Src/usbd_cdc.o
 .text.USBD_CDC_Setup
                0x0800e0d8      0x1b8 ./Middlewares/ST/STM32_USB_Device_Library/Class/CDC/Src/usbd_cdc.o
 .text.USBD_CDC_DataIn
                0x0800e290       0xfe ./Middlewares/ST/STM32_USB_Device_Library/Class/CDC/Src/usbd_cdc.o
 .text.USBD_CDC_DataOut
                0x0800e38e       0x70 ./Middlewares/ST/STM32_USB_Device_Library/Class/CDC/Src/usbd_cdc.o
 .text.USBD_CDC_EP0_RxReady
                0x0800e3fe       0x74 ./Middlewares/ST/STM32_USB_Device_Library/Class/CDC/Src/usbd_cdc.o
 *fill*         0x0800e472        0x2 
 .text.USBD_CDC_GetFSCfgDesc
                0x0800e474       0x70 ./Middlewares/ST/STM32_USB_Device_Library/Class/CDC/Src/usbd_cdc.o
 .text.USBD_CDC_GetHSCfgDesc
                0x0800e4e4       0x70 ./Middlewares/ST/STM32_USB_Device_Library/Class/CDC/Src/usbd_cdc.o
 .text.USBD_CDC_GetOtherSpeedCfgDesc
                0x0800e554       0x70 ./Middlewares/ST/STM32_USB_Device_Library/Class/CDC/Src/usbd_cdc.o
 .text.USBD_CDC_GetDeviceQualifierDescriptor
                0x0800e5c4       0x20 ./Middlewares/ST/STM32_USB_Device_Library/Class/CDC/Src/usbd_cdc.o
                0x0800e5c4                USBD_CDC_GetDeviceQualifierDescriptor
 .text.USBD_CDC_RegisterInterface
                0x0800e5e4       0x34 ./Middlewares/ST/STM32_USB_Device_Library/Class/CDC/Src/usbd_cdc.o
                0x0800e5e4                USBD_CDC_RegisterInterface
 .text.USBD_CDC_SetTxBuffer
                0x0800e618       0x44 ./Middlewares/ST/STM32_USB_Device_Library/Class/CDC/Src/usbd_cdc.o
                0x0800e618                USBD_CDC_SetTxBuffer
 .text.USBD_CDC_SetRxBuffer
                0x0800e65c       0x3a ./Middlewares/ST/STM32_USB_Device_Library/Class/CDC/Src/usbd_cdc.o
                0x0800e65c                USBD_CDC_SetRxBuffer
 *fill*         0x0800e696        0x2 
 .text.USBD_CDC_TransmitPacket
                0x0800e698       0x80 ./Middlewares/ST/STM32_USB_Device_Library/Class/CDC/Src/usbd_cdc.o
                0x0800e698                USBD_CDC_TransmitPacket
 .text.USBD_CDC_ReceivePacket
                0x0800e718       0x6c ./Middlewares/ST/STM32_USB_Device_Library/Class/CDC/Src/usbd_cdc.o
                0x0800e718                USBD_CDC_ReceivePacket
 .text.USBD_Init
                0x0800e784       0x60 ./Middlewares/ST/STM32_USB_Device_Library/Core/Src/usbd_core.o
                0x0800e784                USBD_Init
 .text.USBD_RegisterClass
                0x0800e7e4       0x6c ./Middlewares/ST/STM32_USB_Device_Library/Core/Src/usbd_core.o
                0x0800e7e4                USBD_RegisterClass
 .text.USBD_Start
                0x0800e850       0x18 ./Middlewares/ST/STM32_USB_Device_Library/Core/Src/usbd_core.o
                0x0800e850                USBD_Start
 .text.USBD_RunTestMode
                0x0800e868       0x16 ./Middlewares/ST/STM32_USB_Device_Library/Core/Src/usbd_core.o
                0x0800e868                USBD_RunTestMode
 .text.USBD_SetClassConfig
                0x0800e87e       0x38 ./Middlewares/ST/STM32_USB_Device_Library/Core/Src/usbd_core.o
                0x0800e87e                USBD_SetClassConfig
 .text.USBD_ClrClassConfig
                0x0800e8b6       0x34 ./Middlewares/ST/STM32_USB_Device_Library/Core/Src/usbd_core.o
                0x0800e8b6                USBD_ClrClassConfig
 .text.USBD_LL_SetupStage
                0x0800e8ea       0xaa ./Middlewares/ST/STM32_USB_Device_Library/Core/Src/usbd_core.o
                0x0800e8ea                USBD_LL_SetupStage
 .text.USBD_LL_DataOutStage
                0x0800e994      0x166 ./Middlewares/ST/STM32_USB_Device_Library/Core/Src/usbd_core.o
                0x0800e994                USBD_LL_DataOutStage
 .text.USBD_LL_DataInStage
                0x0800eafa      0x164 ./Middlewares/ST/STM32_USB_Device_Library/Core/Src/usbd_core.o
                0x0800eafa                USBD_LL_DataInStage
 .text.USBD_LL_Reset
                0x0800ec5e       0xa4 ./Middlewares/ST/STM32_USB_Device_Library/Core/Src/usbd_core.o
                0x0800ec5e                USBD_LL_Reset
 .text.USBD_LL_SetSpeed
                0x0800ed02       0x20 ./Middlewares/ST/STM32_USB_Device_Library/Core/Src/usbd_core.o
                0x0800ed02                USBD_LL_SetSpeed
 .text.USBD_LL_Suspend
                0x0800ed22       0x38 ./Middlewares/ST/STM32_USB_Device_Library/Core/Src/usbd_core.o
                0x0800ed22                USBD_LL_Suspend
 .text.USBD_LL_Resume
                0x0800ed5a       0x30 ./Middlewares/ST/STM32_USB_Device_Library/Core/Src/usbd_core.o
                0x0800ed5a                USBD_LL_Resume
 .text.USBD_LL_SOF
                0x0800ed8a       0x40 ./Middlewares/ST/STM32_USB_Device_Library/Core/Src/usbd_core.o
                0x0800ed8a                USBD_LL_SOF
 .text.USBD_LL_IsoINIncomplete
                0x0800edca       0x64 ./Middlewares/ST/STM32_USB_Device_Library/Core/Src/usbd_core.o
                0x0800edca                USBD_LL_IsoINIncomplete
 .text.USBD_LL_IsoOUTIncomplete
                0x0800ee2e       0x64 ./Middlewares/ST/STM32_USB_Device_Library/Core/Src/usbd_core.o
                0x0800ee2e                USBD_LL_IsoOUTIncomplete
 .text.USBD_LL_DevConnected
                0x0800ee92       0x16 ./Middlewares/ST/STM32_USB_Device_Library/Core/Src/usbd_core.o
                0x0800ee92                USBD_LL_DevConnected
 .text.USBD_LL_DevDisconnected
                0x0800eea8       0x46 ./Middlewares/ST/STM32_USB_Device_Library/Core/Src/usbd_core.o
                0x0800eea8                USBD_LL_DevDisconnected
 .text.USBD_CoreFindIF
                0x0800eeee       0x1a ./Middlewares/ST/STM32_USB_Device_Library/Core/Src/usbd_core.o
                0x0800eeee                USBD_CoreFindIF
 .text.USBD_CoreFindEP
                0x0800ef08       0x1a ./Middlewares/ST/STM32_USB_Device_Library/Core/Src/usbd_core.o
                0x0800ef08                USBD_CoreFindEP
 .text.USBD_GetEpDesc
                0x0800ef22       0x70 ./Middlewares/ST/STM32_USB_Device_Library/Core/Src/usbd_core.o
                0x0800ef22                USBD_GetEpDesc
 .text.USBD_GetNextDesc
                0x0800ef92       0x38 ./Middlewares/ST/STM32_USB_Device_Library/Core/Src/usbd_core.o
                0x0800ef92                USBD_GetNextDesc
 .text.SWAPBYTE
                0x0800efca       0x3e ./Middlewares/ST/STM32_USB_Device_Library/Core/Src/usbd_ctlreq.o
 .text.USBD_StdDevReq
                0x0800f008       0xe4 ./Middlewares/ST/STM32_USB_Device_Library/Core/Src/usbd_ctlreq.o
                0x0800f008                USBD_StdDevReq
 .text.USBD_StdItfReq
                0x0800f0ec       0xd8 ./Middlewares/ST/STM32_USB_Device_Library/Core/Src/usbd_ctlreq.o
                0x0800f0ec                USBD_StdItfReq
 .text.USBD_StdEPReq
                0x0800f1c4      0x33a ./Middlewares/ST/STM32_USB_Device_Library/Core/Src/usbd_ctlreq.o
                0x0800f1c4                USBD_StdEPReq
 *fill*         0x0800f4fe        0x2 
 .text.USBD_GetDescriptor
                0x0800f500      0x2d4 ./Middlewares/ST/STM32_USB_Device_Library/Core/Src/usbd_ctlreq.o
 .text.USBD_SetAddress
                0x0800f7d4       0x88 ./Middlewares/ST/STM32_USB_Device_Library/Core/Src/usbd_ctlreq.o
 .text.USBD_SetConfig
                0x0800f85c      0x154 ./Middlewares/ST/STM32_USB_Device_Library/Core/Src/usbd_ctlreq.o
 .text.USBD_GetConfig
                0x0800f9b0       0x6c ./Middlewares/ST/STM32_USB_Device_Library/Core/Src/usbd_ctlreq.o
 .text.USBD_GetStatus
                0x0800fa1c       0x68 ./Middlewares/ST/STM32_USB_Device_Library/Core/Src/usbd_ctlreq.o
 .text.USBD_SetFeature
                0x0800fa84       0x52 ./Middlewares/ST/STM32_USB_Device_Library/Core/Src/usbd_ctlreq.o
 .text.USBD_ClrFeature
                0x0800fad6       0x44 ./Middlewares/ST/STM32_USB_Device_Library/Core/Src/usbd_ctlreq.o
 .text.USBD_ParseSetupRequest
                0x0800fb1a       0x74 ./Middlewares/ST/STM32_USB_Device_Library/Core/Src/usbd_ctlreq.o
                0x0800fb1a                USBD_ParseSetupRequest
 .text.USBD_CtlError
                0x0800fb8e       0x22 ./Middlewares/ST/STM32_USB_Device_Library/Core/Src/usbd_ctlreq.o
                0x0800fb8e                USBD_CtlError
 .text.USBD_GetString
                0x0800fbb0       0xa4 ./Middlewares/ST/STM32_USB_Device_Library/Core/Src/usbd_ctlreq.o
                0x0800fbb0                USBD_GetString
 .text.USBD_GetLen
                0x0800fc54       0x34 ./Middlewares/ST/STM32_USB_Device_Library/Core/Src/usbd_ctlreq.o
 .text.USBD_CtlSendData
                0x0800fc88       0x36 ./Middlewares/ST/STM32_USB_Device_Library/Core/Src/usbd_ioreq.o
                0x0800fc88                USBD_CtlSendData
 .text.USBD_CtlContinueSendData
                0x0800fcbe       0x22 ./Middlewares/ST/STM32_USB_Device_Library/Core/Src/usbd_ioreq.o
                0x0800fcbe                USBD_CtlContinueSendData
 .text.USBD_CtlPrepareRx
                0x0800fce0       0x3a ./Middlewares/ST/STM32_USB_Device_Library/Core/Src/usbd_ioreq.o
                0x0800fce0                USBD_CtlPrepareRx
 .text.USBD_CtlContinueRx
                0x0800fd1a       0x22 ./Middlewares/ST/STM32_USB_Device_Library/Core/Src/usbd_ioreq.o
                0x0800fd1a                USBD_CtlContinueRx
 .text.USBD_CtlSendStatus
                0x0800fd3c       0x26 ./Middlewares/ST/STM32_USB_Device_Library/Core/Src/usbd_ioreq.o
                0x0800fd3c                USBD_CtlSendStatus
 .text.USBD_CtlReceiveStatus
                0x0800fd62       0x26 ./Middlewares/ST/STM32_USB_Device_Library/Core/Src/usbd_ioreq.o
                0x0800fd62                USBD_CtlReceiveStatus
 .text.MX_USB_DEVICE_Init
                0x0800fd88       0x60 ./USB_DEVICE/App/usb_device.o
                0x0800fd88                MX_USB_DEVICE_Init
 .text.CDC_Init_FS
                0x0800fde8       0x28 ./USB_DEVICE/App/usbd_cdc_if.o
 .text.CDC_DeInit_FS
                0x0800fe10       0x10 ./USB_DEVICE/App/usbd_cdc_if.o
 .text.CDC_Control_FS
                0x0800fe20      0x15c ./USB_DEVICE/App/usbd_cdc_if.o
 .text.CDC_Receive_FS
                0x0800ff7c       0x40 ./USB_DEVICE/App/usbd_cdc_if.o
 .text.CDC_Transmit_FS
                0x0800ffbc       0x4c ./USB_DEVICE/App/usbd_cdc_if.o
                0x0800ffbc                CDC_Transmit_FS
 .text.CDC_TransmitCplt_FS
                0x08010008       0x22 ./USB_DEVICE/App/usbd_cdc_if.o
 *fill*         0x0801002a        0x2 
 .text.CDC_Attach_Rx
                0x0801002c       0x20 ./USB_DEVICE/App/usbd_cdc_if.o
                0x0801002c                CDC_Attach_Rx
 .text.USBD_FS_DeviceDescriptor
                0x0801004c       0x24 ./USB_DEVICE/App/usbd_desc.o
                0x0801004c                USBD_FS_DeviceDescriptor
 .text.USBD_FS_LangIDStrDescriptor
                0x08010070       0x24 ./USB_DEVICE/App/usbd_desc.o
                0x08010070                USBD_FS_LangIDStrDescriptor
 .text.USBD_FS_ProductStrDescriptor
                0x08010094       0x3c ./USB_DEVICE/App/usbd_desc.o
                0x08010094                USBD_FS_ProductStrDescriptor
 .text.USBD_FS_ManufacturerStrDescriptor
                0x080100d0       0x28 ./USB_DEVICE/App/usbd_desc.o
                0x080100d0                USBD_FS_ManufacturerStrDescriptor
 .text.USBD_FS_SerialStrDescriptor
                0x080100f8       0x24 ./USB_DEVICE/App/usbd_desc.o
                0x080100f8                USBD_FS_SerialStrDescriptor
 .text.USBD_FS_ConfigStrDescriptor
                0x0801011c       0x3c ./USB_DEVICE/App/usbd_desc.o
                0x0801011c                USBD_FS_ConfigStrDescriptor
 .text.USBD_FS_InterfaceStrDescriptor
                0x08010158       0x3c ./USB_DEVICE/App/usbd_desc.o
                0x08010158                USBD_FS_InterfaceStrDescriptor
 .text.Get_SerialNum
                0x08010194       0x58 ./USB_DEVICE/App/usbd_desc.o
 .text.IntToUnicode
                0x080101ec       0x7e ./USB_DEVICE/App/usbd_desc.o
 *fill*         0x0801026a        0x2 
 .text.HAL_PCD_MspInit
                0x0801026c       0xa8 ./USB_DEVICE/Target/usbd_conf.o
                0x0801026c                HAL_PCD_MspInit
 .text.HAL_PCD_SetupStageCallback
                0x08010314       0x24 ./USB_DEVICE/Target/usbd_conf.o
                0x08010314                HAL_PCD_SetupStageCallback
 .text.HAL_PCD_DataOutStageCallback
                0x08010338       0x36 ./USB_DEVICE/Target/usbd_conf.o
                0x08010338                HAL_PCD_DataOutStageCallback
 .text.HAL_PCD_DataInStageCallback
                0x0801036e       0x34 ./USB_DEVICE/Target/usbd_conf.o
                0x0801036e                HAL_PCD_DataInStageCallback
 .text.HAL_PCD_SOFCallback
                0x080103a2       0x1c ./USB_DEVICE/Target/usbd_conf.o
                0x080103a2                HAL_PCD_SOFCallback
 .text.HAL_PCD_ResetCallback
                0x080103be       0x3c ./USB_DEVICE/Target/usbd_conf.o
                0x080103be                HAL_PCD_ResetCallback
 *fill*         0x080103fa        0x2 
 .text.HAL_PCD_SuspendCallback
                0x080103fc       0x4c ./USB_DEVICE/Target/usbd_conf.o
                0x080103fc                HAL_PCD_SuspendCallback
 .text.HAL_PCD_ResumeCallback
                0x08010448       0x1c ./USB_DEVICE/Target/usbd_conf.o
                0x08010448                HAL_PCD_ResumeCallback
 .text.HAL_PCD_ISOOUTIncompleteCallback
                0x08010464       0x24 ./USB_DEVICE/Target/usbd_conf.o
                0x08010464                HAL_PCD_ISOOUTIncompleteCallback
 .text.HAL_PCD_ISOINIncompleteCallback
                0x08010488       0x24 ./USB_DEVICE/Target/usbd_conf.o
                0x08010488                HAL_PCD_ISOINIncompleteCallback
 .text.HAL_PCD_ConnectCallback
                0x080104ac       0x1c ./USB_DEVICE/Target/usbd_conf.o
                0x080104ac                HAL_PCD_ConnectCallback
 .text.HAL_PCD_DisconnectCallback
                0x080104c8       0x1c ./USB_DEVICE/Target/usbd_conf.o
                0x080104c8                HAL_PCD_DisconnectCallback
 .text.USBD_LL_Init
                0x080104e4       0x98 ./USB_DEVICE/Target/usbd_conf.o
                0x080104e4                USBD_LL_Init
 .text.USBD_LL_Start
                0x0801057c       0x36 ./USB_DEVICE/Target/usbd_conf.o
                0x0801057c                USBD_LL_Start
 .text.USBD_LL_OpenEP
                0x080105b2       0x4c ./USB_DEVICE/Target/usbd_conf.o
                0x080105b2                USBD_LL_OpenEP
 .text.USBD_LL_CloseEP
                0x080105fe       0x3e ./USB_DEVICE/Target/usbd_conf.o
                0x080105fe                USBD_LL_CloseEP
 .text.USBD_LL_StallEP
                0x0801063c       0x3e ./USB_DEVICE/Target/usbd_conf.o
                0x0801063c                USBD_LL_StallEP
 .text.USBD_LL_ClearStallEP
                0x0801067a       0x3e ./USB_DEVICE/Target/usbd_conf.o
                0x0801067a                USBD_LL_ClearStallEP
 .text.USBD_LL_IsStallEP
                0x080106b8       0x58 ./USB_DEVICE/Target/usbd_conf.o
                0x080106b8                USBD_LL_IsStallEP
 .text.USBD_LL_SetUSBAddress
                0x08010710       0x3e ./USB_DEVICE/Target/usbd_conf.o
                0x08010710                USBD_LL_SetUSBAddress
 .text.USBD_LL_Transmit
                0x0801074e       0x42 ./USB_DEVICE/Target/usbd_conf.o
                0x0801074e                USBD_LL_Transmit
 .text.USBD_LL_PrepareReceive
                0x08010790       0x42 ./USB_DEVICE/Target/usbd_conf.o
                0x08010790                USBD_LL_PrepareReceive
 .text.USBD_LL_GetRxDataSize
                0x080107d2       0x26 ./USB_DEVICE/Target/usbd_conf.o
                0x080107d2                USBD_LL_GetRxDataSize
 .text.USBD_static_malloc
                0x080107f8       0x1c ./USB_DEVICE/Target/usbd_conf.o
                0x080107f8                USBD_static_malloc
 .text.USBD_static_free
                0x08010814       0x14 ./USB_DEVICE/Target/usbd_conf.o
                0x08010814                USBD_static_free
 .text.USBD_Get_USB_Status
                0x08010828       0x58 ./USB_DEVICE/Target/usbd_conf.o
                0x08010828                USBD_Get_USB_Status
 .text.sprintf  0x08010880       0x44 D:/ProgramFiles/STM32CubeIDE_1.18.1/STM32CubeIDE/plugins/com.st.stm32cube.ide.mcu.externaltools.gnu-tools-for-stm32.13.3.rel1.win32_1.0.0.202411081344/tools/bin/../lib/gcc/arm-none-eabi/13.3.1/../../../../arm-none-eabi/lib/thumb/v7e-m+fp/hard\libc_nano.a(libc_a-sprintf.o)
                0x08010880                siprintf
                0x08010880                sprintf
 .text.memset   0x080108c4       0x10 D:/ProgramFiles/STM32CubeIDE_1.18.1/STM32CubeIDE/plugins/com.st.stm32cube.ide.mcu.externaltools.gnu-tools-for-stm32.13.3.rel1.win32_1.0.0.202411081344/tools/bin/../lib/gcc/arm-none-eabi/13.3.1/../../../../arm-none-eabi/lib/thumb/v7e-m+fp/hard\libc_nano.a(libc_a-memset.o)
                0x080108c4                memset
 .text.__errno  0x080108d4        0xc D:/ProgramFiles/STM32CubeIDE_1.18.1/STM32CubeIDE/plugins/com.st.stm32cube.ide.mcu.externaltools.gnu-tools-for-stm32.13.3.rel1.win32_1.0.0.202411081344/tools/bin/../lib/gcc/arm-none-eabi/13.3.1/../../../../arm-none-eabi/lib/thumb/v7e-m+fp/hard\libc_nano.a(libc_a-errno.o)
                0x080108d4                __errno
 .text.__libc_init_array
                0x080108e0       0x48 D:/ProgramFiles/STM32CubeIDE_1.18.1/STM32CubeIDE/plugins/com.st.stm32cube.ide.mcu.externaltools.gnu-tools-for-stm32.13.3.rel1.win32_1.0.0.202411081344/tools/bin/../lib/gcc/arm-none-eabi/13.3.1/../../../../arm-none-eabi/lib/thumb/v7e-m+fp/hard\libc_nano.a(libc_a-init.o)
                0x080108e0                __libc_init_array
 .text.__retarget_lock_acquire_recursive
                0x08010928        0x2 D:/ProgramFiles/STM32CubeIDE_1.18.1/STM32CubeIDE/plugins/com.st.stm32cube.ide.mcu.externaltools.gnu-tools-for-stm32.13.3.rel1.win32_1.0.0.202411081344/tools/bin/../lib/gcc/arm-none-eabi/13.3.1/../../../../arm-none-eabi/lib/thumb/v7e-m+fp/hard\libc_nano.a(libc_a-lock.o)
                0x08010928                __retarget_lock_acquire_recursive
 .text.__retarget_lock_release_recursive
                0x0801092a        0x2 D:/ProgramFiles/STM32CubeIDE_1.18.1/STM32CubeIDE/plugins/com.st.stm32cube.ide.mcu.externaltools.gnu-tools-for-stm32.13.3.rel1.win32_1.0.0.202411081344/tools/bin/../lib/gcc/arm-none-eabi/13.3.1/../../../../arm-none-eabi/lib/thumb/v7e-m+fp/hard\libc_nano.a(libc_a-lock.o)
                0x0801092a                __retarget_lock_release_recursive
 .text.memcpy   0x0801092c       0x1c D:/ProgramFiles/STM32CubeIDE_1.18.1/STM32CubeIDE/plugins/com.st.stm32cube.ide.mcu.externaltools.gnu-tools-for-stm32.13.3.rel1.win32_1.0.0.202411081344/tools/bin/../lib/gcc/arm-none-eabi/13.3.1/../../../../arm-none-eabi/lib/thumb/v7e-m+fp/hard\libc_nano.a(libc_a-memcpy-stub.o)
                0x0801092c                memcpy
 .text._free_r  0x08010948       0x94 D:/ProgramFiles/STM32CubeIDE_1.18.1/STM32CubeIDE/plugins/com.st.stm32cube.ide.mcu.externaltools.gnu-tools-for-stm32.13.3.rel1.win32_1.0.0.202411081344/tools/bin/../lib/gcc/arm-none-eabi/13.3.1/../../../../arm-none-eabi/lib/thumb/v7e-m+fp/hard\libc_nano.a(libc_a-freer.o)
                0x08010948                _free_r
 .text.sbrk_aligned
                0x080109dc       0x44 D:/ProgramFiles/STM32CubeIDE_1.18.1/STM32CubeIDE/plugins/com.st.stm32cube.ide.mcu.externaltools.gnu-tools-for-stm32.13.3.rel1.win32_1.0.0.202411081344/tools/bin/../lib/gcc/arm-none-eabi/13.3.1/../../../../arm-none-eabi/lib/thumb/v7e-m+fp/hard\libc_nano.a(libc_a-mallocr.o)
 .text._malloc_r
                0x08010a20      0x100 D:/ProgramFiles/STM32CubeIDE_1.18.1/STM32CubeIDE/plugins/com.st.stm32cube.ide.mcu.externaltools.gnu-tools-for-stm32.13.3.rel1.win32_1.0.0.202411081344/tools/bin/../lib/gcc/arm-none-eabi/13.3.1/../../../../arm-none-eabi/lib/thumb/v7e-m+fp/hard\libc_nano.a(libc_a-mallocr.o)
                0x08010a20                _malloc_r
 .text.__malloc_lock
                0x08010b20        0xc D:/ProgramFiles/STM32CubeIDE_1.18.1/STM32CubeIDE/plugins/com.st.stm32cube.ide.mcu.externaltools.gnu-tools-for-stm32.13.3.rel1.win32_1.0.0.202411081344/tools/bin/../lib/gcc/arm-none-eabi/13.3.1/../../../../arm-none-eabi/lib/thumb/v7e-m+fp/hard\libc_nano.a(libc_a-mlock.o)
                0x08010b20                __malloc_lock
 .text.__malloc_unlock
                0x08010b2c        0xc D:/ProgramFiles/STM32CubeIDE_1.18.1/STM32CubeIDE/plugins/com.st.stm32cube.ide.mcu.externaltools.gnu-tools-for-stm32.13.3.rel1.win32_1.0.0.202411081344/tools/bin/../lib/gcc/arm-none-eabi/13.3.1/../../../../arm-none-eabi/lib/thumb/v7e-m+fp/hard\libc_nano.a(libc_a-mlock.o)
                0x08010b2c                __malloc_unlock
 .text.__ssputs_r
                0x08010b38       0xb6 D:/ProgramFiles/STM32CubeIDE_1.18.1/STM32CubeIDE/plugins/com.st.stm32cube.ide.mcu.externaltools.gnu-tools-for-stm32.13.3.rel1.win32_1.0.0.202411081344/tools/bin/../lib/gcc/arm-none-eabi/13.3.1/../../../../arm-none-eabi/lib/thumb/v7e-m+fp/hard\libc_nano.a(libc_a-nano-svfprintf.o)
                0x08010b38                __ssputs_r
 *fill*         0x08010bee        0x2 
 .text._svfprintf_r
                0x08010bf0      0x1f8 D:/ProgramFiles/STM32CubeIDE_1.18.1/STM32CubeIDE/plugins/com.st.stm32cube.ide.mcu.externaltools.gnu-tools-for-stm32.13.3.rel1.win32_1.0.0.202411081344/tools/bin/../lib/gcc/arm-none-eabi/13.3.1/../../../../arm-none-eabi/lib/thumb/v7e-m+fp/hard\libc_nano.a(libc_a-nano-svfprintf.o)
                0x08010bf0                _svfiprintf_r
                0x08010bf0                _svfprintf_r
 .text._printf_common
                0x08010de8       0xda D:/ProgramFiles/STM32CubeIDE_1.18.1/STM32CubeIDE/plugins/com.st.stm32cube.ide.mcu.externaltools.gnu-tools-for-stm32.13.3.rel1.win32_1.0.0.202411081344/tools/bin/../lib/gcc/arm-none-eabi/13.3.1/../../../../arm-none-eabi/lib/thumb/v7e-m+fp/hard\libc_nano.a(libc_a-nano-vfprintf_i.o)
                0x08010de8                _printf_common
 *fill*         0x08010ec2        0x2 
 .text._printf_i
                0x08010ec4      0x23c D:/ProgramFiles/STM32CubeIDE_1.18.1/STM32CubeIDE/plugins/com.st.stm32cube.ide.mcu.externaltools.gnu-tools-for-stm32.13.3.rel1.win32_1.0.0.202411081344/tools/bin/../lib/gcc/arm-none-eabi/13.3.1/../../../../arm-none-eabi/lib/thumb/v7e-m+fp/hard\libc_nano.a(libc_a-nano-vfprintf_i.o)
                0x08010ec4                _printf_i
 .text.memmove  0x08011100       0x34 D:/ProgramFiles/STM32CubeIDE_1.18.1/STM32CubeIDE/plugins/com.st.stm32cube.ide.mcu.externaltools.gnu-tools-for-stm32.13.3.rel1.win32_1.0.0.202411081344/tools/bin/../lib/gcc/arm-none-eabi/13.3.1/../../../../arm-none-eabi/lib/thumb/v7e-m+fp/hard\libc_nano.a(libc_a-memmove.o)
                0x08011100                memmove
 .text._sbrk_r  0x08011134       0x20 D:/ProgramFiles/STM32CubeIDE_1.18.1/STM32CubeIDE/plugins/com.st.stm32cube.ide.mcu.externaltools.gnu-tools-for-stm32.13.3.rel1.win32_1.0.0.202411081344/tools/bin/../lib/gcc/arm-none-eabi/13.3.1/../../../../arm-none-eabi/lib/thumb/v7e-m+fp/hard\libc_nano.a(libc_a-sbrkr.o)
                0x08011134                _sbrk_r
 .text._realloc_r
                0x08011154       0x5c D:/ProgramFiles/STM32CubeIDE_1.18.1/STM32CubeIDE/plugins/com.st.stm32cube.ide.mcu.externaltools.gnu-tools-for-stm32.13.3.rel1.win32_1.0.0.202411081344/tools/bin/../lib/gcc/arm-none-eabi/13.3.1/../../../../arm-none-eabi/lib/thumb/v7e-m+fp/hard\libc_nano.a(libc_a-reallocr.o)
                0x08011154                _realloc_r
 .text._malloc_usable_size_r
                0x080111b0       0x10 D:/ProgramFiles/STM32CubeIDE_1.18.1/STM32CubeIDE/plugins/com.st.stm32cube.ide.mcu.externaltools.gnu-tools-for-stm32.13.3.rel1.win32_1.0.0.202411081344/tools/bin/../lib/gcc/arm-none-eabi/13.3.1/../../../../arm-none-eabi/lib/thumb/v7e-m+fp/hard\libc_nano.a(libc_a-msizer.o)
                0x080111b0                _malloc_usable_size_r
 *(.glue_7)
 .glue_7        0x080111c0        0x0 linker stubs
 *(.glue_7t)
 .glue_7t       0x080111c0        0x0 linker stubs
 *(.eh_frame)
 .eh_frame      0x080111c0        0x0 D:/ProgramFiles/STM32CubeIDE_1.18.1/STM32CubeIDE/plugins/com.st.stm32cube.ide.mcu.externaltools.gnu-tools-for-stm32.13.3.rel1.win32_1.0.0.202411081344/tools/bin/../lib/gcc/arm-none-eabi/13.3.1/thumb/v7e-m+fp/hard/crtbegin.o
 *(.init)
 .init          0x080111c0        0x4 D:/ProgramFiles/STM32CubeIDE_1.18.1/STM32CubeIDE/plugins/com.st.stm32cube.ide.mcu.externaltools.gnu-tools-for-stm32.13.3.rel1.win32_1.0.0.202411081344/tools/bin/../lib/gcc/arm-none-eabi/13.3.1/thumb/v7e-m+fp/hard/crti.o
                0x080111c0                _init
 .init          0x080111c4        0x8 D:/ProgramFiles/STM32CubeIDE_1.18.1/STM32CubeIDE/plugins/com.st.stm32cube.ide.mcu.externaltools.gnu-tools-for-stm32.13.3.rel1.win32_1.0.0.202411081344/tools/bin/../lib/gcc/arm-none-eabi/13.3.1/thumb/v7e-m+fp/hard/crtn.o
 *(.fini)
 .fini          0x080111cc        0x4 D:/ProgramFiles/STM32CubeIDE_1.18.1/STM32CubeIDE/plugins/com.st.stm32cube.ide.mcu.externaltools.gnu-tools-for-stm32.13.3.rel1.win32_1.0.0.202411081344/tools/bin/../lib/gcc/arm-none-eabi/13.3.1/thumb/v7e-m+fp/hard/crti.o
                0x080111cc                _fini
 .fini          0x080111d0        0x8 D:/ProgramFiles/STM32CubeIDE_1.18.1/STM32CubeIDE/plugins/com.st.stm32cube.ide.mcu.externaltools.gnu-tools-for-stm32.13.3.rel1.win32_1.0.0.202411081344/tools/bin/../lib/gcc/arm-none-eabi/13.3.1/thumb/v7e-m+fp/hard/crtn.o
                0x080111d8                        . = ALIGN (0x4)
                0x080111d8                        _etext = .

.vfp11_veneer   0x080111d8        0x0
 .vfp11_veneer  0x080111d8        0x0 linker stubs

.v4_bx          0x080111d8        0x0
 .v4_bx         0x080111d8        0x0 linker stubs

.iplt           0x080111d8        0x0
 .iplt          0x080111d8        0x0 D:/ProgramFiles/STM32CubeIDE_1.18.1/STM32CubeIDE/plugins/com.st.stm32cube.ide.mcu.externaltools.gnu-tools-for-stm32.13.3.rel1.win32_1.0.0.202411081344/tools/bin/../lib/gcc/arm-none-eabi/13.3.1/thumb/v7e-m+fp/hard/crtbegin.o

.rodata         0x080111d8     0x123c
                0x080111d8                        . = ALIGN (0x4)
 *(.rodata)
 .rodata        0x080111d8       0xca ./Core/Src/main.o
 *fill*         0x080112a2        0x2 
 .rodata        0x080112a4       0x46 ./USB_DEVICE/App/usbd_desc.o
 *(.rodata*)
 *fill*         0x080112ea        0x2 
 .rodata.Index_to_Bar
                0x080112ec       0x2d ./Core/Src/ADC/ADC_handler.o
                0x080112ec                Index_to_Bar
 *fill*         0x08011319        0x3 
 .rodata.ADC_to_Index
                0x0801131c       0x5a ./Core/Src/ADC/ADC_handler.o
                0x0801131c                ADC_to_Index
 *fill*         0x08011376        0x2 
 .rodata.ADC_Blackout
                0x08011378       0xdc ./Core/Src/ADC/ADC_handler.o
                0x08011378                ADC_Blackout
 .rodata.uner_logo
                0x08011454      0x400 ./Core/Src/I2C/OLED/fonts.o
                0x08011454                uner_logo
 .rodata.status_screen
                0x08011854      0x400 ./Core/Src/I2C/OLED/fonts.o
                0x08011854                status_screen
 .rodata.Font7x10
                0x08011c54      0x76c ./Core/Src/I2C/OLED/fonts.o
                0x08011c54                Font7x10
 .rodata.AHBPrescTable
                0x080123c0       0x10 ./Core/Src/system_stm32f4xx.o
                0x080123c0                AHBPrescTable
 .rodata.APBPrescTable
                0x080123d0        0x8 ./Core/Src/system_stm32f4xx.o
                0x080123d0                APBPrescTable
 .rodata.flagBitshiftOffset.0
                0x080123d8        0x8 ./Drivers/STM32F4xx_HAL_Driver/Src/stm32f4xx_hal_dma.o
 .rodata._svfprintf_r.str1.1
                0x080123e0       0x33 D:/ProgramFiles/STM32CubeIDE_1.18.1/STM32CubeIDE/plugins/com.st.stm32cube.ide.mcu.externaltools.gnu-tools-for-stm32.13.3.rel1.win32_1.0.0.202411081344/tools/bin/../lib/gcc/arm-none-eabi/13.3.1/../../../../arm-none-eabi/lib/thumb/v7e-m+fp/hard\libc_nano.a(libc_a-nano-svfprintf.o)
                                 0x11 (size before relaxing)
 .rodata._printf_i.str1.1
                0x08012413       0x22 D:/ProgramFiles/STM32CubeIDE_1.18.1/STM32CubeIDE/plugins/com.st.stm32cube.ide.mcu.externaltools.gnu-tools-for-stm32.13.3.rel1.win32_1.0.0.202411081344/tools/bin/../lib/gcc/arm-none-eabi/13.3.1/../../../../arm-none-eabi/lib/thumb/v7e-m+fp/hard\libc_nano.a(libc_a-nano-vfprintf_i.o)
                0x08012438                        . = ALIGN (0x4)
 *fill*         0x08012413        0x1 

.ARM.extab      0x08012414        0x0
                0x08012414                        . = ALIGN (0x4)
 *(.ARM.extab* .gnu.linkonce.armextab.*)
                0x08012414                        . = ALIGN (0x4)

.ARM            0x08012414        0x8
                0x08012414                        . = ALIGN (0x4)
                0x08012414                        __exidx_start = .
 *(.ARM.exidx*)
 .ARM.exidx     0x08012414        0x8 D:/ProgramFiles/STM32CubeIDE_1.18.1/STM32CubeIDE/plugins/com.st.stm32cube.ide.mcu.externaltools.gnu-tools-for-stm32.13.3.rel1.win32_1.0.0.202411081344/tools/bin/../lib/gcc/arm-none-eabi/13.3.1/../../../../arm-none-eabi/lib/thumb/v7e-m+fp/hard\libc_nano.a(libc_a-memchr.o)
 .ARM.exidx     0x0801241c        0x0 D:/ProgramFiles/STM32CubeIDE_1.18.1/STM32CubeIDE/plugins/com.st.stm32cube.ide.mcu.externaltools.gnu-tools-for-stm32.13.3.rel1.win32_1.0.0.202411081344/tools/bin/../lib/gcc/arm-none-eabi/13.3.1/thumb/v7e-m+fp/hard\libgcc.a(_udivmoddi4.o)
                                  0x8 (size before relaxing)
                0x0801241c                        __exidx_end = .
                0x0801241c                        . = ALIGN (0x4)

.preinit_array  0x0801241c        0x0
                0x0801241c                        . = ALIGN (0x4)
                0x0801241c                        PROVIDE (__preinit_array_start = .)
 *(.preinit_array*)
                0x0801241c                        PROVIDE (__preinit_array_end = .)
                0x0801241c                        . = ALIGN (0x4)

.init_array     0x0801241c        0x4
                0x0801241c                        . = ALIGN (0x4)
                0x0801241c                        PROVIDE (__init_array_start = .)
 *(SORT_BY_NAME(.init_array.*))
 *(.init_array*)
 .init_array    0x0801241c        0x4 D:/ProgramFiles/STM32CubeIDE_1.18.1/STM32CubeIDE/plugins/com.st.stm32cube.ide.mcu.externaltools.gnu-tools-for-stm32.13.3.rel1.win32_1.0.0.202411081344/tools/bin/../lib/gcc/arm-none-eabi/13.3.1/thumb/v7e-m+fp/hard/crtbegin.o
                0x08012420                        PROVIDE (__init_array_end = .)
                0x08012420                        . = ALIGN (0x4)

.fini_array     0x08012420        0x4
                0x08012420                        . = ALIGN (0x4)
                [!provide]                        PROVIDE (__fini_array_start = .)
 *(SORT_BY_NAME(.fini_array.*))
 *(.fini_array*)
 .fini_array    0x08012420        0x4 D:/ProgramFiles/STM32CubeIDE_1.18.1/STM32CubeIDE/plugins/com.st.stm32cube.ide.mcu.externaltools.gnu-tools-for-stm32.13.3.rel1.win32_1.0.0.202411081344/tools/bin/../lib/gcc/arm-none-eabi/13.3.1/thumb/v7e-m+fp/hard/crtbegin.o
                [!provide]                        PROVIDE (__fini_array_end = .)
                0x08012424                        . = ALIGN (0x4)
                0x08012424                        _sidata = LOADADDR (.data)

.rel.dyn        0x08012424        0x0
 .rel.iplt      0x08012424        0x0 D:/ProgramFiles/STM32CubeIDE_1.18.1/STM32CubeIDE/plugins/com.st.stm32cube.ide.mcu.externaltools.gnu-tools-for-stm32.13.3.rel1.win32_1.0.0.202411081344/tools/bin/../lib/gcc/arm-none-eabi/13.3.1/thumb/v7e-m+fp/hard/crtbegin.o

.data           0x20000000      0x164 load address 0x08012424
                0x20000000                        . = ALIGN (0x4)
                0x20000000                        _sdata = .
 *(.data)
 *(.data*)
 .data.Font_7x10
                0x20000000        0x8 ./Core/Src/I2C/OLED/fonts.o
                0x20000000                Font_7x10
 .data.is100ms1
                0x20000008        0x1 ./Core/Src/main.o
                0x20000008                is100ms1
 .data.is1s     0x20000009        0x1 ./Core/Src/main.o
                0x20000009                is1s
 .data.is5ms    0x2000000a        0x1 ./Core/Src/main.o
                0x2000000a                is5ms
 *fill*         0x2000000b        0x1 
 .data.is30s    0x2000000c        0x2 ./Core/Src/main.o
                0x2000000c                is30s
 *fill*         0x2000000e        0x2 
 .data.SystemCoreClock
                0x20000010        0x4 ./Core/Src/system_stm32f4xx.o
                0x20000010                SystemCoreClock
 .data.uwTickPrio
                0x20000014        0x4 ./Drivers/STM32F4xx_HAL_Driver/Src/stm32f4xx_hal.o
                0x20000014                uwTickPrio
 .data.uwTickFreq
                0x20000018        0x1 ./Drivers/STM32F4xx_HAL_Driver/Src/stm32f4xx_hal.o
                0x20000018                uwTickFreq
 *fill*         0x20000019        0x3 
 .data.USBD_CDC_DeviceQualifierDesc
                0x2000001c        0xa ./Middlewares/ST/STM32_USB_Device_Library/Class/CDC/Src/usbd_cdc.o
 *fill*         0x20000026        0x2 
 .data.USBD_CDC
                0x20000028       0x38 ./Middlewares/ST/STM32_USB_Device_Library/Class/CDC/Src/usbd_cdc.o
                0x20000028                USBD_CDC
 .data.USBD_CDC_CfgDesc
                0x20000060       0x43 ./Middlewares/ST/STM32_USB_Device_Library/Class/CDC/Src/usbd_cdc.o
 .data.CDCInEpAdd
                0x200000a3        0x1 ./Middlewares/ST/STM32_USB_Device_Library/Class/CDC/Src/usbd_cdc.o
 .data.CDCOutEpAdd
                0x200000a4        0x1 ./Middlewares/ST/STM32_USB_Device_Library/Class/CDC/Src/usbd_cdc.o
 .data.CDCCmdEpAdd
                0x200000a5        0x1 ./Middlewares/ST/STM32_USB_Device_Library/Class/CDC/Src/usbd_cdc.o
 *fill*         0x200000a6        0x2 
 .data.LineCoding
                0x200000a8        0x8 ./USB_DEVICE/App/usbd_cdc_if.o
                0x200000a8                LineCoding
 .data.USBD_Interface_fops_FS
                0x200000b0       0x14 ./USB_DEVICE/App/usbd_cdc_if.o
                0x200000b0                USBD_Interface_fops_FS
 .data.FS_Desc  0x200000c4       0x1c ./USB_DEVICE/App/usbd_desc.o
                0x200000c4                FS_Desc
 .data.USBD_FS_DeviceDesc
                0x200000e0       0x12 ./USB_DEVICE/App/usbd_desc.o
                0x200000e0                USBD_FS_DeviceDesc
 *fill*         0x200000f2        0x2 
 .data.USBD_LangIDDesc
                0x200000f4        0x4 ./USB_DEVICE/App/usbd_desc.o
                0x200000f4                USBD_LangIDDesc
 .data.USBD_StringSerial
                0x200000f8       0x1a ./USB_DEVICE/App/usbd_desc.o
                0x200000f8                USBD_StringSerial
 *fill*         0x20000112        0x2 
 .data._impure_ptr
                0x20000114        0x4 D:/ProgramFiles/STM32CubeIDE_1.18.1/STM32CubeIDE/plugins/com.st.stm32cube.ide.mcu.externaltools.gnu-tools-for-stm32.13.3.rel1.win32_1.0.0.202411081344/tools/bin/../lib/gcc/arm-none-eabi/13.3.1/../../../../arm-none-eabi/lib/thumb/v7e-m+fp/hard\libc_nano.a(libc_a-impure.o)
                0x20000114                _impure_ptr
 .data._impure_data
                0x20000118       0x4c D:/ProgramFiles/STM32CubeIDE_1.18.1/STM32CubeIDE/plugins/com.st.stm32cube.ide.mcu.externaltools.gnu-tools-for-stm32.13.3.rel1.win32_1.0.0.202411081344/tools/bin/../lib/gcc/arm-none-eabi/13.3.1/../../../../arm-none-eabi/lib/thumb/v7e-m+fp/hard\libc_nano.a(libc_a-impure.o)
                0x20000118                _impure_data
 *(.RamFunc)
 *(.RamFunc*)
                0x20000164                        . = ALIGN (0x4)
                0x20000164                        _edata = .

.igot.plt       0x20000164        0x0 load address 0x08012588
 .igot.plt      0x20000164        0x0 D:/ProgramFiles/STM32CubeIDE_1.18.1/STM32CubeIDE/plugins/com.st.stm32cube.ide.mcu.externaltools.gnu-tools-for-stm32.13.3.rel1.win32_1.0.0.202411081344/tools/bin/../lib/gcc/arm-none-eabi/13.3.1/thumb/v7e-m+fp/hard/crtbegin.o
                0x20000164                        . = ALIGN (0x4)

.bss            0x20000164     0x21a0 load address 0x08012588
                0x20000164                        _sbss = .
                0x20000164                        __bss_start__ = _sbss
 *(.bss)
 .bss           0x20000164       0x1c D:/ProgramFiles/STM32CubeIDE_1.18.1/STM32CubeIDE/plugins/com.st.stm32cube.ide.mcu.externaltools.gnu-tools-for-stm32.13.3.rel1.win32_1.0.0.202411081344/tools/bin/../lib/gcc/arm-none-eabi/13.3.1/thumb/v7e-m+fp/hard/crtbegin.o
 *(.bss*)
 .bss.mediaBuffer
                0x20000180      0x240 ./Core/Src/ADC/ADC_handler.o
 .bss.sumData   0x200003c0       0x12 ./Core/Src/ADC/ADC_handler.o
 .bss.index     0x200003d2        0x1 ./Core/Src/ADC/ADC_handler.o
 *fill*         0x200003d3        0x1 
 .bss.debouncerBuff
                0x200003d4        0xc ./Core/Src/Debouncer/debouncer.o
                0x200003d4                debouncerBuff
 .bss.inputIndex
                0x200003e0        0x1 ./Core/Src/Debouncer/debouncer.o
                0x200003e0                inputIndex