Archive member included to satisfy reference by file (symbol)

C:/ST/STM32CubeIDE_1.18.0/STM32CubeIDE/plugins/com.st.stm32cube.ide.mcu.externaltools.gnu-tools-for-stm32.13.3.rel1.win32_1.0.0.202411081344/tools/bin/../lib/gcc/arm-none-eabi/13.3.1/../../../../arm-none-eabi/lib/thumb/v7e-m+fp/hard\libc_nano.a(libc_a-exit.o)
                              C:/ST/STM32CubeIDE_1.18.0/STM32CubeIDE/plugins/com.st.stm32cube.ide.mcu.externaltools.gnu-tools-for-stm32.13.3.rel1.win32_1.0.0.202411081344/tools/bin/../lib/gcc/arm-none-eabi/13.3.1/../../../../arm-none-eabi/lib/thumb/v7e-m+fp/hard/crt0.o (exit)
C:/ST/STM32CubeIDE_1.18.0/STM32CubeIDE/plugins/com.st.stm32cube.ide.mcu.externaltools.gnu-tools-for-stm32.13.3.rel1.win32_1.0.0.202411081344/tools/bin/../lib/gcc/arm-none-eabi/13.3.1/../../../../arm-none-eabi/lib/thumb/v7e-m+fp/hard\libc_nano.a(libc_a-findfp.o)
                              C:/ST/STM32CubeIDE_1.18.0/STM32CubeIDE/plugins/com.st.stm32cube.ide.mcu.externaltools.gnu-tools-for-stm32.13.3.rel1.win32_1.0.0.202411081344/tools/bin/../lib/gcc/arm-none-eabi/13.3.1/../../../../arm-none-eabi/lib/thumb/v7e-m+fp/hard\libc_nano.a(libc_a-exit.o) (__stdio_exit_handler)
C:/ST/STM32CubeIDE_1.18.0/STM32CubeIDE/plugins/com.st.stm32cube.ide.mcu.externaltools.gnu-tools-for-stm32.13.3.rel1.win32_1.0.0.202411081344/tools/bin/../lib/gcc/arm-none-eabi/13.3.1/../../../../arm-none-eabi/lib/thumb/v7e-m+fp/hard\libc_nano.a(libc_a-fwalk.o)
                              C:/ST/STM32CubeIDE_1.18.0/STM32CubeIDE/plugins/com.st.stm32cube.ide.mcu.externaltools.gnu-tools-for-stm32.13.3.rel1.win32_1.0.0.202411081344/tools/bin/../lib/gcc/arm-none-eabi/13.3.1/../../../../arm-none-eabi/lib/thumb/v7e-m+fp/hard\libc_nano.a(libc_a-findfp.o) (_fwalk_sglue)
C:/ST/STM32CubeIDE_1.18.0/STM32CubeIDE/plugins/com.st.stm32cube.ide.mcu.externaltools.gnu-tools-for-stm32.13.3.rel1.win32_1.0.0.202411081344/tools/bin/../lib/gcc/arm-none-eabi/13.3.1/../../../../arm-none-eabi/lib/thumb/v7e-m+fp/hard\libc_nano.a(libc_a-sprintf.o)
                              ./Core/Src/main.o (sprintf)
C:/ST/STM32CubeIDE_1.18.0/STM32CubeIDE/plugins/com.st.stm32cube.ide.mcu.externaltools.gnu-tools-for-stm32.13.3.rel1.win32_1.0.0.202411081344/tools/bin/../lib/gcc/arm-none-eabi/13.3.1/../../../../arm-none-eabi/lib/thumb/v7e-m+fp/hard\libc_nano.a(libc_a-stdio.o)
                              C:/ST/STM32CubeIDE_1.18.0/STM32CubeIDE/plugins/com.st.stm32cube.ide.mcu.externaltools.gnu-tools-for-stm32.13.3.rel1.win32_1.0.0.202411081344/tools/bin/../lib/gcc/arm-none-eabi/13.3.1/../../../../arm-none-eabi/lib/thumb/v7e-m+fp/hard\libc_nano.a(libc_a-findfp.o) (__sread)
C:/ST/STM32CubeIDE_1.18.0/STM32CubeIDE/plugins/com.st.stm32cube.ide.mcu.externaltools.gnu-tools-for-stm32.13.3.rel1.win32_1.0.0.202411081344/tools/bin/../lib/gcc/arm-none-eabi/13.3.1/../../../../arm-none-eabi/lib/thumb/v7e-m+fp/hard\libc_nano.a(libc_a-memset.o)
                              C:/ST/STM32CubeIDE_1.18.0/STM32CubeIDE/plugins/com.st.stm32cube.ide.mcu.externaltools.gnu-tools-for-stm32.13.3.rel1.win32_1.0.0.202411081344/tools/bin/../lib/gcc/arm-none-eabi/13.3.1/../../../../arm-none-eabi/lib/thumb/v7e-m+fp/hard/crt0.o (memset)
C:/ST/STM32CubeIDE_1.18.0/STM32CubeIDE/plugins/com.st.stm32cube.ide.mcu.externaltools.gnu-tools-for-stm32.13.3.rel1.win32_1.0.0.202411081344/tools/bin/../lib/gcc/arm-none-eabi/13.3.1/../../../../arm-none-eabi/lib/thumb/v7e-m+fp/hard\libc_nano.a(libc_a-closer.o)
                              C:/ST/STM32CubeIDE_1.18.0/STM32CubeIDE/plugins/com.st.stm32cube.ide.mcu.externaltools.gnu-tools-for-stm32.13.3.rel1.win32_1.0.0.202411081344/tools/bin/../lib/gcc/arm-none-eabi/13.3.1/../../../../arm-none-eabi/lib/thumb/v7e-m+fp/hard\libc_nano.a(libc_a-stdio.o) (_close_r)
C:/ST/STM32CubeIDE_1.18.0/STM32CubeIDE/plugins/com.st.stm32cube.ide.mcu.externaltools.gnu-tools-for-stm32.13.3.rel1.win32_1.0.0.202411081344/tools/bin/../lib/gcc/arm-none-eabi/13.3.1/../../../../arm-none-eabi/lib/thumb/v7e-m+fp/hard\libc_nano.a(libc_a-reent.o)
                              C:/ST/STM32CubeIDE_1.18.0/STM32CubeIDE/plugins/com.st.stm32cube.ide.mcu.externaltools.gnu-tools-for-stm32.13.3.rel1.win32_1.0.0.202411081344/tools/bin/../lib/gcc/arm-none-eabi/13.3.1/../../../../arm-none-eabi/lib/thumb/v7e-m+fp/hard\libc_nano.a(libc_a-closer.o) (errno)
C:/ST/STM32CubeIDE_1.18.0/STM32CubeIDE/plugins/com.st.stm32cube.ide.mcu.externaltools.gnu-tools-for-stm32.13.3.rel1.win32_1.0.0.202411081344/tools/bin/../lib/gcc/arm-none-eabi/13.3.1/../../../../arm-none-eabi/lib/thumb/v7e-m+fp/hard\libc_nano.a(libc_a-impure.o)
                              C:/ST/STM32CubeIDE_1.18.0/STM32CubeIDE/plugins/com.st.stm32cube.ide.mcu.externaltools.gnu-tools-for-stm32.13.3.rel1.win32_1.0.0.202411081344/tools/bin/../lib/gcc/arm-none-eabi/13.3.1/../../../../arm-none-eabi/lib/thumb/v7e-m+fp/hard\libc_nano.a(libc_a-sprintf.o) (_impure_ptr)
[...]
Memory Configuration

Name             Origin             Length             Attributes
RAM              0x20000000         0x00020000         xrw
FLASH            0x08000000         0x00080000         xr
*default*        0x00000000         0xffffffff

Linker script and memory map

LOAD C:/ST/STM32CubeIDE_1.18.0/STM32CubeIDE/plugins/com.st.stm32cube.ide.mcu.externaltools.gnu-tools-for-stm32.13.3.rel1.win32_1.0.0.202411081344/tools/bin/../lib/gcc/arm-none-eabi/13.3.1/thumb/v7e-m+fp/hard/crti.o
LOAD C:/ST/STM32CubeIDE_1.18.0/STM32CubeIDE/plugins/com.st.stm32cube.ide.mcu.externaltools.gnu-tools-for-stm32.13.3.rel1.win32_1.0.0.202411081344/tools/bin/../lib/gcc/arm-none-eabi/13.3.1/thumb/v7e-m+fp/hard/crtbegin.o
LOAD C:/ST/STM32CubeIDE_1.18.0/STM32CubeIDE/plugins/com.st.stm32cube.ide.mcu.externaltools.gnu-tools-for-stm32.13.3.rel1.win32_1.0.0.202411081344/tools/bin/../lib/gcc/arm-none-eabi/13.3.1/../../../../arm-none-eabi/lib/thumb/v7e-m+fp/hard/crt0.o
LOAD ./Core/Src/ADC/ADC_handler.o
LOAD ./Core/Src/Debouncer/debouncer.o
LOAD ./Core/Src/I2C/MPU6050/mpu6050.o
LOAD ./Core/Src/I2C/OLED/display.o
LOAD ./Core/Src/I2C/OLED/fonts.o
LOAD ./Core/Src/Motors/encoder.o
LOAD ./Core/Src/Motors/motors.o
LOAD ./Core/Src/Protocol_Handler/protocol_handler.o
LOAD ./Core/Src/WiFi/AT_Commands.o
LOAD ./Core/Src/WiFi/ESP01.o
LOAD ./Core/Src/main.o
LOAD ./Core/Src/stm32f4xx_hal_msp.o
LOAD ./Core/Src/stm32f4xx_it.o
LOAD ./Core/Src/syscalls.o
LOAD ./Core/Src/sysmem.o
LOAD ./Core/Src/system_stm32f4xx.o
LOAD ./Core/Startup/startup_stm32f411ceux.o
LOAD ./Drivers/STM32F4xx_HAL_Driver/Src/stm32f4xx_hal.o
LOAD ./Drivers/STM32F4xx_HAL_Driver/Src/stm32f4xx_hal_adc.o
LOAD ./Drivers/STM32F4xx_HAL_Driver/Src/stm32f4xx_hal_adc_ex.o
LOAD ./Drivers/STM32F4xx_HAL_Driver/Src/stm32f4xx_hal_cortex.o
LOAD ./Drivers/STM32F4xx_HAL_Driver/Src/stm32f4xx_hal_dma.o
LOAD ./Drivers/STM32F4xx_HAL_Driver/Src/stm32f4xx_hal_dma_ex.o
LOAD ./Drivers/STM32F4xx_HAL_Driver/Src/stm32f4xx_hal_exti.o
LOAD ./Drivers/STM32F4xx_HAL_Driver/Src/stm32f4xx_hal_flash.o
LOAD ./Drivers/STM32F4xx_HAL_Driver/Src/stm32f4xx_hal_flash_ex.o
LOAD ./Drivers/STM32F4xx_HAL_Driver/Src/stm32f4xx_hal_flash_ramfunc.o
LOAD ./Drivers/STM32F4xx_HAL_Driver/Src/stm32f4xx_hal_gpio.o
LOAD ./Drivers/STM32F4xx_HAL_Driver/Src/stm32f4xx_hal_i2c.o
LOAD ./Drivers/STM32F4xx_HAL_Driver/Src/stm32f4xx_hal_i2c_ex.o
LOAD ./Drivers/STM32F4xx_HAL_Driver/Src/stm32f4xx_hal_pcd.o
LOAD ./Drivers/STM32F4xx_HAL_Driver/Src/stm32f4xx_hal_pcd_ex.o
LOAD ./Drivers/STM32F4xx_HAL_Driver/Src/stm32f4xx_hal_pwr.o
LOAD ./Drivers/STM32F4xx_HAL_Driver/Src/stm32f4xx_hal_pwr_ex.o
LOAD ./Drivers/STM32F4xx_HAL_Driver/Src/stm32f4xx_hal_rcc.o
LOAD ./Drivers/STM32F4xx_HAL_Driver/Src/stm32f4xx_hal_rcc_ex.o
LOAD ./Drivers/STM32F4xx_HAL_Driver/Src/stm32f4xx_hal_tim.o
LOAD ./Drivers/STM32F4xx_HAL_Driver/Src/stm32f4xx_hal_tim_ex.o
LOAD ./Drivers/STM32F4xx_HAL_Driver/Src/stm32f4xx_hal_uart.o
LOAD ./Drivers/STM32F4xx_HAL_Driver/Src/stm32f4xx_ll_adc.o
LOAD ./Drivers/STM32F4xx_HAL_Driver/Src/stm32f4xx_ll_usb.o
LOAD ./Middlewares/ST/STM32_USB_Device_Library/Class/CDC/Src/usbd_cdc.o
LOAD ./Middlewares/ST/STM32_USB_Device_Library/Core/Src/usbd_core.o
LOAD ./Middlewares/ST/STM32_USB_Device_Library/Core/Src/usbd_ctlreq.o
LOAD ./Middlewares/ST/STM32_USB_Device_Library/Core/Src/usbd_ioreq.o
LOAD ./USB_DEVICE/App/usb_device.o
LOAD ./USB_DEVICE/App/usbd_cdc_if.o
LOAD ./USB_DEVICE/App/usbd_desc.o
LOAD ./USB_DEVICE/Target/usbd_conf.o
START GROUP
LOAD C:/ST/STM32CubeIDE_1.18.0/STM32CubeIDE/plugins/com.st.stm32cube.ide.mcu.externaltools.gnu-tools-for-stm32.13.3.rel1.win32_1.0.0.202411081344/tools/bin/../lib/gcc/arm-none-eabi/13.3.1/../../../../arm-none-eabi/lib/thumb/v7e-m+fp/hard\libc_nano.a
LOAD C:/ST/STM32CubeIDE_1.18.0/STM32CubeIDE/plugins/com.st.stm32cube.ide.mcu.externaltools.gnu-tools-for-stm32.13.3.rel1.win32_1.0.0.202411081344/tools/bin/../lib/gcc/arm-none-eabi/13.3.1/../../../../arm-none-eabi/lib/thumb/v7e-m+fp/hard\libm.a
END GROUP
START GROUP
LOAD C:/ST/STM32CubeIDE_1.18.0/STM32CubeIDE/plugins/com.st.stm32cube.ide.mcu.externaltools.gnu-tools-for-stm32.13.3.rel1.win32_1.0.0.202411081344/tools/bin/../lib/gcc/arm-none-eabi/13.3.1/thumb/v7e-m+fp/hard\libgcc.a
LOAD C:/ST/STM32CubeIDE_1.18.0/STM32CubeIDE/plugins/com.st.stm32cube.ide.mcu.externaltools.gnu-tools-for-stm32.13.3.rel1.win32_1.0.0.202411081344/tools/bin/../lib/gcc/arm-none-eabi/13.3.1/../../../../arm-none-eabi/lib/thumb/v7e-m+fp/hard\libc_nano.a
END GROUP
START GROUP
LOAD C:/ST/STM32CubeIDE_1.18.0/STM32CubeIDE/plugins/com.st.stm32cube.ide.mcu.externaltools.gnu-tools-for-stm32.13.3.rel1.win32_1.0.0.202411081344/tools/bin/../lib/gcc/arm-none-eabi/13.3.1/thumb/v7e-m+fp/hard\libgcc.a
LOAD C:/ST/STM32CubeIDE_1.18.0/STM32CubeIDE/plugins/com.st.stm32cube.ide.mcu.externaltools.gnu-tools-for-stm32.13.3.rel1.win32_1.0.0.202411081344/tools/bin/../lib/gcc/arm-none-eabi/13.3.1/../../../../arm-none-eabi/lib/thumb/v7e-m+fp/hard\libc_nano.a
LOAD C:/ST/STM32CubeIDE_1.18.0/STM32CubeIDE/plugins/com.st.stm32cube.ide.mcu.externaltools.gnu-tools-for-stm32.13.3.rel1.win32_1.0.0.202411081344/tools/bin/../lib/gcc/arm-none-eabi/13.3.1/../../../../arm-none-eabi/lib/thumb/v7e-m+fp/hard\libnosys.a
END GROUP
START GROUP
LOAD C:/ST/STM32CubeIDE_1.18.0/STM32CubeIDE/plugins/com.st.stm32cube.ide.mcu.externaltools.gnu-tools-for-stm32.13.3.rel1.win32_1.0.0.202411081344/tools/bin/../lib/gcc/arm-none-eabi/13.3.1/thumb/v7e-m+fp/hard\libgcc.a
LOAD C:/ST/STM32CubeIDE_1.18.0/STM32CubeIDE/plugins/com.st.stm32cube.ide.mcu.externaltools.gnu-tools-for-stm32.13.3.rel1.win32_1.0.0.202411081344/tools/bin/../lib/gcc/arm-none-eabi/13.3.1/../../../../arm-none-eabi/lib/thumb/v7e-m+fp/hard\libc_nano.a
LOAD C:/ST/STM32CubeIDE_1.18.0/STM32CubeIDE/plugins/com.st.stm32cube.ide.mcu.externaltools.gnu-tools-for-stm32.13.3.rel1.win32_1.0.0.202411081344/tools/bin/../lib/gcc/arm-none-eabi/13.3.1/../../../../arm-none-eabi/lib/thumb/v7e-m+fp/hard\libnosys.a
END GROUP
LOAD C:/ST/STM32CubeIDE_1.18.0/STM32CubeIDE/plugins/com.st.stm32cube.ide.mcu.externaltools.gnu-tools-for-stm32.13.3.rel1.win32_1.0.0.202411081344/tools/bin/../lib/gcc/arm-none-eabi/13.3.1/thumb/v7e-m+fp/hard/crtend.o
LOAD C:/ST/STM32CubeIDE_1.18.0/STM32CubeIDE/plugins/com.st.stm32cube.ide.mcu.externaltools.gnu-tools-for-stm32.13.3.rel1.win32_1.0.0.202411081344/tools/bin/../lib/gcc/arm-none-eabi/13.3.1/thumb/v7e-m+fp/hard/crtn.o
                0x20020000                        _estack = (ORIGIN (RAM) + LENGTH (RAM))
                0x00000200                        _Min_Heap_Size = 0x200
                0x00000400                        _Min_Stack_Size = 0x400

.isr_vector     0x08000000      0x198
                0x08000000                        . = ALIGN (0x4)
 *(.isr_vector)
 .isr_vector    0x08000000      0x198 ./Core/Startup/startup_stm32f411ceux.o
                0x08000000                g_pfnVectors
                0x08000198                        . = ALIGN (0x4)

.text           0x080001a0    0x11024
                0x080001a0                        . = ALIGN (0x4)
 *(.text)
 .text          0x080001a0       0x40 C:/ST/STM32CubeIDE_1.18.0/STM32CubeIDE/plugins/com.st.stm32cube.ide.mcu.externaltools.gnu-tools-for-stm32.13.3.rel1.win32_1.0.0.202411081344/tools/bin/../lib/gcc/arm-none-eabi/13.3.1/thumb/v7e-m+fp/hard/crtbegin.o
 .text          0x080001e0       0xa0 C:/ST/STM32CubeIDE_1.18.0/STM32CubeIDE/plugins/com.st.stm32cube.ide.mcu.externaltools.gnu-tools-for-stm32.13.3.rel1.win32_1.0.0.202411081344/tools/bin/../lib/gcc/arm-none-eabi/13.3.1/../../../../arm-none-eabi/lib/thumb/v7e-m+fp/hard\libc_nano.a(libc_a-memchr.o)
                0x080001e0                memchr
 .text          0x08000280       0x30 C:/ST/STM32CubeIDE_1.18.0/STM32CubeIDE/plugins/com.st.stm32cube.ide.mcu.externaltools.gnu-tools-for-stm32.13.3.rel1.win32_1.0.0.202411081344/tools/bin/../lib/gcc/arm-none-eabi/13.3.1/thumb/v7e-m+fp/hard\libgcc.a(_aeabi_uldivmod.o)
                0x08000280                __aeabi_uldivmod
 .text          0x080002b0      0x2f8 C:/ST/STM32CubeIDE_1.18.0/STM32CubeIDE/plugins/com.st.stm32cube.ide.mcu.externaltools.gnu-tools-for-stm32.13.3.rel1.win32_1.0.0.202411081344/tools/bin/../lib/gcc/arm-none-eabi/13.3.1/thumb/v7e-m+fp/hard\libgcc.a(_udivmoddi4.o)
                0x080002b0                __udivmoddi4
 .text          0x080005a8        0x4 C:/ST/STM32CubeIDE_1.18.0/STM32CubeIDE/plugins/com.st.stm32cube.ide.mcu.externaltools.gnu-tools-for-stm32.13.3.rel1.win32_1.0.0.202411081344/tools/bin/../lib/gcc/arm-none-eabi/13.3.1/thumb/v7e-m+fp/hard\libgcc.a(_dvmd_tls.o)
                0x080005a8                __aeabi_idiv0
                0x080005a8                __aeabi_ldiv0
 *(.text*)
 .text.ADC_Conversion_Cplt
                0x080005ac       0xcc ./Core/Src/ADC/ADC_handler.o
                0x080005ac                ADC_Conversion_Cplt
 .text.inputState
                0x08000678       0xc4 ./Core/Src/Debouncer/debouncer.o
                0x08000678                inputState
 .text.Debounce_Init
                0x0800073c       0x68 ./Core/Src/Debouncer/debouncer.o
                0x0800073c                Debounce_Init
 .text.Debounce_Add
                0x080007a4       0x68 ./Core/Src/Debouncer/debouncer.o
                0x080007a4                Debounce_Add
 .text.Debouncer_Task
                0x0800080c       0x64 ./Core/Src/Debouncer/debouncer.o
                0x0800080c                Debouncer_Task
 .text.MPU6050_Set_I2C_Communication
                0x08000870       0x2c ./Core/Src/I2C/MPU6050/mpu6050.o
                0x08000870                MPU6050_Set_I2C_Communication
 .text.MPU6050_Init
                0x0800089c      0x144 ./Core/Src/I2C/MPU6050/mpu6050.o
                0x0800089c                MPU6050_Init
 .text.MPU6050_Calibrate
                0x080009e0      0x160 ./Core/Src/I2C/MPU6050/mpu6050.o
                0x080009e0                MPU6050_Calibrate
 .text.MPU6050_I2C_DMA_Cplt
                0x08000b40      0x11c ./Core/Src/I2C/MPU6050/mpu6050.o
                0x08000b40                MPU6050_I2C_DMA_Cplt
 .text.Display_Set_I2C_Master_Transmit
                0x08000c5c       0x2c ./Core/Src/I2C/OLED/display.o
                0x08000c5c                Display_Set_I2C_Master_Transmit
 .text.Display_Init
                0x08000c88      0x2b0 ./Core/Src/I2C/OLED/display.o
                0x08000c88                Display_Init
 .text.ssd1306_I2C_Write
                0x08000f38       0x3c ./Core/Src/I2C/OLED/display.o
                0x08000f38                ssd1306_I2C_Write
 .text.Display_UpdateScreen_Task
                0x08000f74       0xd8 ./Core/Src/I2C/OLED/display.o
                0x08000f74                Display_UpdateScreen_Task
 .text.Display_I2C_DMA_Ready
                0x0800104c       0x20 ./Core/Src/I2C/OLED/display.o
                0x0800104c                Display_I2C_DMA_Ready
 .text.Display_I2C_Refresh_Ready
                0x0800106c       0x20 ./Core/Src/I2C/OLED/display.o
                0x0800106c                Display_I2C_Refresh_Ready
 .text.Display_SetCursor
                0x0800108c       0x30 ./Core/Src/I2C/OLED/display.o
                0x0800108c                Display_SetCursor
 .text.Display_Fill
                0x080010bc       0x48 ./Core/Src/I2C/OLED/display.o
                0x080010bc                Display_Fill
 .text.Display_DrawPixel
                0x08001104       0xc0 ./Core/Src/I2C/OLED/display.o
                0x08001104                Display_DrawPixel
 .text.Display_DrawBitmap
                0x080011c4       0xd0 ./Core/Src/I2C/OLED/display.o
                0x080011c4                Display_DrawBitmap
 .text.Display_WriteChar
                0x08001294       0xf8 ./Core/Src/I2C/OLED/display.o
                0x08001294                Display_WriteChar
 .text.Display_WriteString
                0x0800138c       0x4c ./Core/Src/I2C/OLED/display.o
                0x0800138c                Display_WriteString
 .text.Display_DrawLine
                0x080013d8      0x15c ./Core/Src/I2C/OLED/display.o
                0x080013d8                Display_DrawLine
 .text.Display_DrawFilledRectangle
                0x08001534       0x9a ./Core/Src/I2C/OLED/display.o
                0x08001534                Display_DrawFilledRectangle
 .text.Encoder_Init
                0x080015ce       0x3e ./Core/Src/Motors/encoder.o
                0x080015ce                Encoder_Init
 .text.Encoder_Task
                0x0800160c       0x60 ./Core/Src/Motors/encoder.o
                0x0800160c                Encoder_Task
 .text.Encoder_Add_Pulse
                0x0800166c       0x20 ./Core/Src/Motors/encoder.o
                0x0800166c                Encoder_Add_Pulse
 .text.Encoder_1s_Elapsed
                0x0800168c       0x22 ./Core/Src/Motors/encoder.o
                0x0800168c                Encoder_1s_Elapsed
 .text.Motor_Init
                0x080016ae       0x3e ./Core/Src/Motors/motors.o
                0x080016ae                Motor_Init
 .text.Motor_Set_PER_Speed
                0x080016ec       0xca ./Core/Src/Motors/motors.o
                0x080016ec                Motor_Set_PER_Speed
 .text.Motor_Break_Timeout
                0x080017b6       0x36 ./Core/Src/Motors/motors.o
                0x080017b6                Motor_Break_Timeout
 .text.Comm_Init
                0x080017ec       0x68 ./Core/Src/Protocol_Handler/protocol_handler.o
                0x080017ec                Comm_Init
 .text.Comm_Task
                0x08001854       0x50 ./Core/Src/Protocol_Handler/protocol_handler.o
                0x08001854                Comm_Task
 .text.decodeProtocol
                0x080018a4      0x268 ./Core/Src/Protocol_Handler/protocol_handler.o
                0x080018a4                decodeProtocol
 .text.comm_sendCMD
                0x08001b0c      0x1b8 ./Core/Src/Protocol_Handler/protocol_handler.o
                0x08001b0c                comm_sendCMD
 .text.HAL_UART_RxCpltCallback
                0x08001cc4       0x38 ./Core/Src/main.o
                0x08001cc4                HAL_UART_RxCpltCallback
 .text.OLED_Task
                0x08001cfc      0x2b4 ./Core/Src/main.o
                0x08001cfc                OLED_Task
 .text.BateryLevel_Task
                0x08001fb0       0x98 ./Core/Src/main.o
                0x08001fb0                BateryLevel_Task
 .text.decodeOn_USB
                0x08002048      0x3c4 ./Core/Src/main.o
                0x08002048                decodeOn_USB
 .text.onKeyChangeState
                0x0800240c       0x16 ./Core/Src/main.o
                0x0800240c                onKeyChangeState
 *fill*         0x08002422        0x2 
 .text.task_10ms
                0x08002424       0xc0 ./Core/Src/main.o
                0x08002424                task_10ms
 .text.main     0x080024e4      0x290 ./Core/Src/main.o
                0x080024e4                main
 .text.SystemClock_Config
                0x08002774       0xd4 ./Core/Src/main.o
                0x08002774                SystemClock_Config
 .text.MX_ADC1_Init
                0x08002848      0x184 ./Core/Src/main.o
 .text.MX_I2C1_Init
                0x080029cc       0x5c ./Core/Src/main.o
 .text.MX_TIM1_Init
                0x08002a28       0xa0 ./Core/Src/main.o
 .text.MX_TIM3_Init
                0x08002ac8      0x104 ./Core/Src/main.o
 .text.MX_USART1_UART_Init
                0x08002bcc       0x54 ./Core/Src/main.o
 .text.MX_DMA_Init
                0x08002c20       0x7c ./Core/Src/main.o
 .text.MX_GPIO_Init
                0x08002c9c      0x1c4 ./Core/Src/main.o
 .text.HAL_TIM_PeriodElapsedCallback
                0x08002e60       0x9c ./Core/Src/main.o
                0x08002e60                HAL_TIM_PeriodElapsedCallback
 .text.HAL_I2C_MemRxCpltCallback
                0x08002efc       0x40 ./Core/Src/main.o
                0x08002efc                HAL_I2C_MemRxCpltCallback
 .text.HAL_ADC_ConvCpltCallback
                0x08002f3c       0x20 ./Core/Src/main.o
                0x08002f3c                HAL_ADC_ConvCpltCallback
 .text.HAL_GPIO_EXTI_Callback
                0x08002f5c       0x38 ./Core/Src/main.o
                0x08002f5c                HAL_GPIO_EXTI_Callback
 .text.I2C_1_Abstract_Mem_DMA_Transmit
                0x08002f94       0x3c ./Core/Src/main.o
                0x08002f94                I2C_1_Abstract_Mem_DMA_Transmit
 .text.I2C_1_Abstract_Master_Transmit_Blocking
                0x08002fd0       0x34 ./Core/Src/main.o
                0x08002fd0                I2C_1_Abstract_Master_Transmit_Blocking
 .text.I2C_1_Abstract_Mem_Write_Blocking
                0x08003004       0x40 ./Core/Src/main.o
                0x08003004                I2C_1_Abstract_Mem_Write_Blocking
 .text.I2C_1_Abstract_Mem_Read_Blocking
                0x08003044       0x40 ./Core/Src/main.o
                0x08003044                I2C_1_Abstract_Mem_Read_Blocking
 .text.KEY_Read_Value
                0x08003084       0x18 ./Core/Src/main.o
                0x08003084                KEY_Read_Value
 .text.writeOn_USB
                0x0800309c       0x74 ./Core/Src/main.o
                0x0800309c                writeOn_USB
 .text.dataRxOn_USB
                0x08003110       0x58 ./Core/Src/main.o
                0x08003110                dataRxOn_USB
 .text.Motor_Left_SetPins
                0x08003168       0xa4 ./Core/Src/main.o
                0x08003168                Motor_Left_SetPins
 .text.Motor_Right_SetPins
                0x0800320c       0xa0 ./Core/Src/main.o
                0x0800320c                Motor_Right_SetPins
 .text.Motor_Left_SetPWM
                0x080032ac       0x24 ./Core/Src/main.o
                0x080032ac                Motor_Left_SetPWM
 .text.Motor_Right_SetPWM
                0x080032d0       0x24 ./Core/Src/main.o
                0x080032d0                Motor_Right_SetPWM
 .text.Error_Handler
                0x080032f4        0xc ./Core/Src/main.o
                0x080032f4                Error_Handler
 .text.HAL_MspInit
                0x08003300       0x5c ./Core/Src/stm32f4xx_hal_msp.o
                0x08003300                HAL_MspInit
 .text.HAL_ADC_MspInit
                0x0800335c      0x138 ./Core/Src/stm32f4xx_hal_msp.o
                0x0800335c                HAL_ADC_MspInit
 .text.HAL_I2C_MspInit
                0x08003494      0x17c ./Core/Src/stm32f4xx_hal_msp.o
                0x08003494                HAL_I2C_MspInit
 .text.HAL_TIM_Base_MspInit
                0x08003610       0x8c ./Core/Src/stm32f4xx_hal_msp.o
                0x08003610                HAL_TIM_Base_MspInit
 .text.HAL_TIM_MspPostInit
                0x0800369c       0x74 ./Core/Src/stm32f4xx_hal_msp.o
                0x0800369c                HAL_TIM_MspPostInit
 .text.HAL_UART_MspInit
                0x08003710       0xa0 ./Core/Src/stm32f4xx_hal_msp.o
                0x08003710                HAL_UART_MspInit
 .text.NMI_Handler
                0x080037b0        0xc ./Core/Src/stm32f4xx_it.o
                0x080037b0                NMI_Handler
 .text.HardFault_Handler
                0x080037bc        0x8 ./Core/Src/stm32f4xx_it.o
                0x080037bc                HardFault_Handler
 .text.MemManage_Handler
                0x080037c4        0x8 ./Core/Src/stm32f4xx_it.o
                0x080037c4                MemManage_Handler
 .text.BusFault_Handler
                0x080037cc        0x8 ./Core/Src/stm32f4xx_it.o
                0x080037cc                BusFault_Handler
 .text.UsageFault_Handler
                0x080037d4        0x8 ./Core/Src/stm32f4xx_it.o
                0x080037d4                UsageFault_Handler
 .text.SVC_Handler
                0x080037dc        0xe ./Core/Src/stm32f4xx_it.o
                0x080037dc                SVC_Handler
 .text.DebugMon_Handler
                0x080037ea        0xe ./Core/Src/stm32f4xx_it.o
                0x080037ea                DebugMon_Handler
 .text.PendSV_Handler
                0x080037f8        0xe ./Core/Src/stm32f4xx_it.o
                0x080037f8                PendSV_Handler
 .text.SysTick_Handler
                0x08003806        0xc ./Core/Src/stm32f4xx_it.o
                0x08003806                SysTick_Handler
 *fill*         0x08003812        0x2 
 .text.DMA1_Stream0_IRQHandler
                0x08003814       0x14 ./Core/Src/stm32f4xx_it.o
                0x08003814                DMA1_Stream0_IRQHandler
 .text.DMA1_Stream1_IRQHandler
                0x08003828       0x14 ./Core/Src/stm32f4xx_it.o
                0x08003828                DMA1_Stream1_IRQHandler
 .text.ADC_IRQHandler
                0x0800383c       0x14 ./Core/Src/stm32f4xx_it.o
                0x0800383c                ADC_IRQHandler
 .text.EXTI9_5_IRQHandler
                0x08003850       0x10 ./Core/Src/stm32f4xx_it.o
                0x08003850                EXTI9_5_IRQHandler
 .text.TIM1_UP_TIM10_IRQHandler
                0x08003860       0x14 ./Core/Src/stm32f4xx_it.o
                0x08003860                TIM1_UP_TIM10_IRQHandler
 .text.TIM3_IRQHandler
                0x08003874       0x14 ./Core/Src/stm32f4xx_it.o
                0x08003874                TIM3_IRQHandler
 .text.I2C1_EV_IRQHandler
                0x08003888       0x14 ./Core/Src/stm32f4xx_it.o
                0x08003888                I2C1_EV_IRQHandler
 .text.I2C1_ER_IRQHandler
                0x0800389c       0x14 ./Core/Src/stm32f4xx_it.o
                0x0800389c                I2C1_ER_IRQHandler
 .text.USART1_IRQHandler
                0x080038b0       0x14 ./Core/Src/stm32f4xx_it.o
                0x080038b0                USART1_IRQHandler
 .text.EXTI15_10_IRQHandler
                0x080038c4       0x10 ./Core/Src/stm32f4xx_it.o
                0x080038c4                EXTI15_10_IRQHandler
 .text.DMA2_Stream0_IRQHandler
                0x080038d4       0x14 ./Core/Src/stm32f4xx_it.o
                0x080038d4                DMA2_Stream0_IRQHandler
 .text.OTG_FS_IRQHandler
                0x080038e8       0x14 ./Core/Src/stm32f4xx_it.o
                0x080038e8                OTG_FS_IRQHandler
 .text.FPU_IRQHandler
                0x080038fc        0xe ./Core/Src/stm32f4xx_it.o
                0x080038fc                FPU_IRQHandler
 *fill*         0x0800390a        0x2 
 .text._sbrk    0x0800390c       0x6c ./Core/Src/sysmem.o
                0x0800390c                _sbrk
 .text.SystemInit
                0x08003978       0x24 ./Core/Src/system_stm32f4xx.o
                0x08003978                SystemInit
 .text.Reset_Handler
                0x0800399c       0x50 ./Core/Startup/startup_stm32f411ceux.o
                0x0800399c                Reset_Handler
 .text.Default_Handler
                0x080039ec        0x2 ./Core/Startup/startup_stm32f411ceux.o
                0x080039ec                RTC_Alarm_IRQHandler
                0x080039ec                EXTI2_IRQHandler
                0x080039ec                SPI4_IRQHandler
                0x080039ec                TIM1_CC_IRQHandler
                0x080039ec                DMA2_Stream5_IRQHandler
                0x080039ec                DMA1_Stream5_IRQHandler
                0x080039ec                PVD_IRQHandler
                0x080039ec                SDIO_IRQHandler
                0x080039ec                TAMP_STAMP_IRQHandler
                0x080039ec                EXTI3_IRQHandler
                0x080039ec                I2C3_ER_IRQHandler
                0x080039ec                EXTI0_IRQHandler
                0x080039ec                I2C2_EV_IRQHandler
                0x080039ec                DMA1_Stream2_IRQHandler
                0x080039ec                DMA2_Stream2_IRQHandler
                0x080039ec                SPI1_IRQHandler
                0x080039ec                TIM1_BRK_TIM9_IRQHandler
                0x080039ec                DMA2_Stream3_IRQHandler
                0x080039ec                USART6_IRQHandler
                0x080039ec                TIM4_IRQHandler
                0x080039ec                DMA1_Stream6_IRQHandler
                0x080039ec                RCC_IRQHandler
                0x080039ec                Default_Handler
                0x080039ec                DMA1_Stream7_IRQHandler
                0x080039ec                SPI5_IRQHandler
                0x080039ec                TIM5_IRQHandler
                0x080039ec                DMA2_Stream7_IRQHandler
                0x080039ec                I2C3_EV_IRQHandler
                0x080039ec                RTC_WKUP_IRQHandler
                0x080039ec                SPI2_IRQHandler
                0x080039ec                EXTI4_IRQHandler
                0x080039ec                WWDG_IRQHandler
                0x080039ec                TIM2_IRQHandler
                0x080039ec                OTG_FS_WKUP_IRQHandler
                0x080039ec                TIM1_TRG_COM_TIM11_IRQHandler
                0x080039ec                EXTI1_IRQHandler
                0x080039ec                USART2_IRQHandler
                0x080039ec                I2C2_ER_IRQHandler
                0x080039ec                DMA2_Stream1_IRQHandler
                0x080039ec                FLASH_IRQHandler
                0x080039ec                DMA2_Stream4_IRQHandler
                0x080039ec                SPI3_IRQHandler
                0x080039ec                DMA1_Stream4_IRQHandler
                0x080039ec                DMA2_Stream6_IRQHandler
                0x080039ec                DMA1_Stream3_IRQHandler
 *fill*         0x080039ee        0x2 
 .text.HAL_Init
                0x080039f0       0x44 ./Drivers/STM32F4xx_HAL_Driver/Src/stm32f4xx_hal.o
                0x080039f0                HAL_Init
 .text.HAL_InitTick
                0x08003a34       0x60 ./Drivers/STM32F4xx_HAL_Driver/Src/stm32f4xx_hal.o
                0x08003a34                HAL_InitTick
 .text.HAL_IncTick
                0x08003a94       0x28 ./Drivers/STM32F4xx_HAL_Driver/Src/stm32f4xx_hal.o
                0x08003a94                HAL_IncTick
 .text.HAL_GetTick
                0x08003abc       0x18 ./Drivers/STM32F4xx_HAL_Driver/Src/stm32f4xx_hal.o
                0x08003abc                HAL_GetTick
 .text.HAL_Delay
                0x08003ad4       0x48 ./Drivers/STM32F4xx_HAL_Driver/Src/stm32f4xx_hal.o
                0x08003ad4                HAL_Delay
 .text.HAL_ADC_Init
                0x08003b1c       0x86 ./Drivers/STM32F4xx_HAL_Driver/Src/stm32f4xx_hal_adc.o
                0x08003b1c                HAL_ADC_Init
 .text.HAL_ADC_IRQHandler
                0x08003ba2      0x220 ./Drivers/STM32F4xx_HAL_Driver/Src/stm32f4xx_hal_adc.o
                0x08003ba2                HAL_ADC_IRQHandler
 *fill*         0x08003dc2        0x2 
 .text.HAL_ADC_Start_DMA
                0x08003dc4      0x1e0 ./Drivers/STM32F4xx_HAL_Driver/Src/stm32f4xx_hal_adc.o
                0x08003dc4                HAL_ADC_Start_DMA
 .text.HAL_ADC_ConvHalfCpltCallback
                0x08003fa4       0x14 ./Drivers/STM32F4xx_HAL_Driver/Src/stm32f4xx_hal_adc.o
                0x08003fa4                HAL_ADC_ConvHalfCpltCallback
 .text.HAL_ADC_LevelOutOfWindowCallback
                0x08003fb8       0x14 ./Drivers/STM32F4xx_HAL_Driver/Src/stm32f4xx_hal_adc.o
                0x08003fb8                HAL_ADC_LevelOutOfWindowCallback
 .text.HAL_ADC_ErrorCallback
                0x08003fcc       0x14 ./Drivers/STM32F4xx_HAL_Driver/Src/stm32f4xx_hal_adc.o
                0x08003fcc                HAL_ADC_ErrorCallback
 .text.HAL_ADC_ConfigChannel
                0x08003fe0      0x264 ./Drivers/STM32F4xx_HAL_Driver/Src/stm32f4xx_hal_adc.o
                0x08003fe0                HAL_ADC_ConfigChannel
 .text.ADC_Init
                0x08004244      0x1f8 ./Drivers/STM32F4xx_HAL_Driver/Src/stm32f4xx_hal_adc.o
 .text.ADC_DMAConvCplt
                0x0800443c       0xba ./Drivers/STM32F4xx_HAL_Driver/Src/stm32f4xx_hal_adc.o
 .text.ADC_DMAHalfConvCplt
                0x080044f6       0x1c ./Drivers/STM32F4xx_HAL_Driver/Src/stm32f4xx_hal_adc.o
 .text.ADC_DMAError
                0x08004512       0x2e ./Drivers/STM32F4xx_HAL_Driver/Src/stm32f4xx_hal_adc.o
 .text.HAL_ADCEx_InjectedConvCpltCallback
                0x08004540       0x14 ./Drivers/STM32F4xx_HAL_Driver/Src/stm32f4xx_hal_adc_ex.o
                0x08004540                HAL_ADCEx_InjectedConvCpltCallback
 .text.__NVIC_SetPriorityGrouping
                0x08004554       0x48 ./Drivers/STM32F4xx_HAL_Driver/Src/stm32f4xx_hal_cortex.o
 .text.__NVIC_GetPriorityGrouping
                0x0800459c       0x1c ./Drivers/STM32F4xx_HAL_Driver/Src/stm32f4xx_hal_cortex.o
 .text.__NVIC_EnableIRQ
                0x080045b8       0x3c ./Drivers/STM32F4xx_HAL_Driver/Src/stm32f4xx_hal_cortex.o
 .text.__NVIC_SetPriority
                0x080045f4       0x54 ./Drivers/STM32F4xx_HAL_Driver/Src/stm32f4xx_hal_cortex.o
 .text.NVIC_EncodePriority
                0x08004648       0x66 ./Drivers/STM32F4xx_HAL_Driver/Src/stm32f4xx_hal_cortex.o
 *fill*         0x080046ae        0x2 
 .text.SysTick_Config
                0x080046b0       0x44 ./Drivers/STM32F4xx_HAL_Driver/Src/stm32f4xx_hal_cortex.o
 .text.HAL_NVIC_SetPriorityGrouping
                0x080046f4       0x16 ./Drivers/STM32F4xx_HAL_Driver/Src/stm32f4xx_hal_cortex.o
                0x080046f4                HAL_NVIC_SetPriorityGrouping
 .text.HAL_NVIC_SetPriority
                0x0800470a       0x38 ./Drivers/STM32F4xx_HAL_Driver/Src/stm32f4xx_hal_cortex.o
                0x0800470a                HAL_NVIC_SetPriority
 .text.HAL_NVIC_EnableIRQ
                0x08004742       0x1c ./Drivers/STM32F4xx_HAL_Driver/Src/stm32f4xx_hal_cortex.o
                0x08004742                HAL_NVIC_EnableIRQ
 .text.HAL_SYSTICK_Config
                0x0800475e       0x18 ./Drivers/STM32F4xx_HAL_Driver/Src/stm32f4xx_hal_cortex.o
                0x0800475e                HAL_SYSTICK_Config
 *fill*         0x08004776        0x2 
 .text.HAL_DMA_Init
                0x08004778      0x15c ./Drivers/STM32F4xx_HAL_Driver/Src/stm32f4xx_hal_dma.o
                0x08004778                HAL_DMA_Init
 .text.HAL_DMA_Start_IT
                0x080048d4       0xb0 ./Drivers/STM32F4xx_HAL_Driver/Src/stm32f4xx_hal_dma.o
                0x080048d4                HAL_DMA_Start_IT
 .text.HAL_DMA_Abort
                0x08004984       0xe0 ./Drivers/STM32F4xx_HAL_Driver/Src/stm32f4xx_hal_dma.o
                0x08004984                HAL_DMA_Abort
 .text.HAL_DMA_Abort_IT
                0x08004a64       0x44 ./Drivers/STM32F4xx_HAL_Driver/Src/stm32f4xx_hal_dma.o
                0x08004a64                HAL_DMA_Abort_IT
 .text.HAL_DMA_IRQHandler
                0x08004aa8      0x314 ./Drivers/STM32F4xx_HAL_Driver/Src/stm32f4xx_hal_dma.o
                0x08004aa8                HAL_DMA_IRQHandler
 .text.HAL_DMA_GetState
                0x08004dbc       0x1c ./Drivers/STM32F4xx_HAL_Driver/Src/stm32f4xx_hal_dma.o
                0x08004dbc                HAL_DMA_GetState
 .text.HAL_DMA_GetError
                0x08004dd8       0x18 ./Drivers/STM32F4xx_HAL_Driver/Src/stm32f4xx_hal_dma.o
                0x08004dd8                HAL_DMA_GetError
 .text.DMA_SetConfig
                0x08004df0       0x5c ./Drivers/STM32F4xx_HAL_Driver/Src/stm32f4xx_hal_dma.o
 .text.DMA_CalcBaseAndBitshift
                0x08004e4c       0x6c ./Drivers/STM32F4xx_HAL_Driver/Src/stm32f4xx_hal_dma.o
 .text.DMA_CheckFifoParam
                0x08004eb8       0xf8 ./Drivers/STM32F4xx_HAL_Driver/Src/stm32f4xx_hal_dma.o
 .text.HAL_GPIO_Init
                0x08004fb0      0x308 ./Drivers/STM32F4xx_HAL_Driver/Src/stm32f4xx_hal_gpio.o
                0x08004fb0                HAL_GPIO_Init
 .text.HAL_GPIO_ReadPin
                0x080052b8       0x30 ./Drivers/STM32F4xx_HAL_Driver/Src/stm32f4xx_hal_gpio.o
                0x080052b8                HAL_GPIO_ReadPin
 .text.HAL_GPIO_WritePin
                0x080052e8       0x32 ./Drivers/STM32F4xx_HAL_Driver/Src/stm32f4xx_hal_gpio.o
                0x080052e8                HAL_GPIO_WritePin
 .text.HAL_GPIO_TogglePin
                0x0800531a       0x34 ./Drivers/STM32F4xx_HAL_Driver/Src/stm32f4xx_hal_gpio.o
                0x0800531a                HAL_GPIO_TogglePin
 *fill*         0x0800534e        0x2 
 .text.HAL_GPIO_EXTI_IRQHandler
                0x08005350       0x30 ./Drivers/STM32F4xx_HAL_Driver/Src/stm32f4xx_hal_gpio.o
                0x08005350                HAL_GPIO_EXTI_IRQHandler
 .text.HAL_I2C_Init
                0x08005380      0x288 ./Drivers/STM32F4xx_HAL_Driver/Src/stm32f4xx_hal_i2c.o
                0x08005380                HAL_I2C_Init
 .text.I2C_Flush_DR
                0x08005608       0x2a ./Drivers/STM32F4xx_HAL_Driver/Src/stm32f4xx_hal_i2c.o
 *fill*         0x08005632        0x2 
 .text.HAL_I2C_Master_Transmit
                0x08005634      0x1fc ./Drivers/STM32F4xx_HAL_Driver/Src/stm32f4xx_hal_i2c.o
                0x08005634                HAL_I2C_Master_Transmit
 .text.HAL_I2C_Mem_Write
                0x08005830      0x1f4 ./Drivers/STM32F4xx_HAL_Driver/Src/stm32f4xx_hal_i2c.o
                0x08005830                HAL_I2C_Mem_Write
 .text.HAL_I2C_Mem_Read
                0x08005a24      0x464 ./Drivers/STM32F4xx_HAL_Driver/Src/stm32f4xx_hal_i2c.o
                0x08005a24                HAL_I2C_Mem_Read
 .text.HAL_I2C_Mem_Write_DMA
                0x08005e88      0x2bc ./Drivers/STM32F4xx_HAL_Driver/Src/stm32f4xx_hal_i2c.o
                0x08005e88                HAL_I2C_Mem_Write_DMA
 .text.HAL_I2C_Mem_Read_DMA
                0x08006144      0x320 ./Drivers/STM32F4xx_HAL_Driver/Src/stm32f4xx_hal_i2c.o
                0x08006144                HAL_I2C_Mem_Read_DMA
 .text.HAL_I2C_IsDeviceReady
                0x08006464      0x25c ./Drivers/STM32F4xx_HAL_Driver/Src/stm32f4xx_hal_i2c.o
                0x08006464                HAL_I2C_IsDeviceReady
 .text.HAL_I2C_EV_IRQHandler
                0x080066c0      0x2e2 ./Drivers/STM32F4xx_HAL_Driver/Src/stm32f4xx_hal_i2c.o
                0x080066c0                HAL_I2C_EV_IRQHandler
 .text.HAL_I2C_ER_IRQHandler
                0x080069a2      0x14e ./Drivers/STM32F4xx_HAL_Driver/Src/stm32f4xx_hal_i2c.o
                0x080069a2                HAL_I2C_ER_IRQHandler
 .text.HAL_I2C_MasterTxCpltCallback
                0x08006af0       0x14 ./Drivers/STM32F4xx_HAL_Driver/Src/stm32f4xx_hal_i2c.o
                0x08006af0                HAL_I2C_MasterTxCpltCallback
 .text.HAL_I2C_MasterRxCpltCallback
                0x08006b04       0x14 ./Drivers/STM32F4xx_HAL_Driver/Src/stm32f4xx_hal_i2c.o
                0x08006b04                HAL_I2C_MasterRxCpltCallback
 .text.HAL_I2C_SlaveTxCpltCallback
                0x08006b18       0x14 ./Drivers/STM32F4xx_HAL_Driver/Src/stm32f4xx_hal_i2c.o
                0x08006b18                HAL_I2C_SlaveTxCpltCallback
 .text.HAL_I2C_SlaveRxCpltCallback
                0x08006b2c       0x14 ./Drivers/STM32F4xx_HAL_Driver/Src/stm32f4xx_hal_i2c.o
                0x08006b2c                HAL_I2C_SlaveRxCpltCallback
 .text.HAL_I2C_AddrCallback
                0x08006b40       0x1c ./Drivers/STM32F4xx_HAL_Driver/Src/stm32f4xx_hal_i2c.o
                0x08006b40                HAL_I2C_AddrCallback
 .text.HAL_I2C_ListenCpltCallback
                0x08006b5c       0x14 ./Drivers/STM32F4xx_HAL_Driver/Src/stm32f4xx_hal_i2c.o
                0x08006b5c                HAL_I2C_ListenCpltCallback
 .text.HAL_I2C_MemTxCpltCallback
                0x08006b70       0x14 ./Drivers/STM32F4xx_HAL_Driver/Src/stm32f4xx_hal_i2c.o
                0x08006b70                HAL_I2C_MemTxCpltCallback
 .text.HAL_I2C_ErrorCallback
                0x08006b84       0x14 ./Drivers/STM32F4xx_HAL_Driver/Src/stm32f4xx_hal_i2c.o
                0x08006b84                HAL_I2C_ErrorCallback
 .text.HAL_I2C_AbortCpltCallback
                0x08006b98       0x14 ./Drivers/STM32F4xx_HAL_Driver/Src/stm32f4xx_hal_i2c.o
                0x08006b98                HAL_I2C_AbortCpltCallback
 .text.I2C_MasterTransmit_TXE
                0x08006bac      0x138 ./Drivers/STM32F4xx_HAL_Driver/Src/stm32f4xx_hal_i2c.o
 .text.I2C_MasterTransmit_BTF
                0x08006ce4       0xec ./Drivers/STM32F4xx_HAL_Driver/Src/stm32f4xx_hal_i2c.o
 .text.I2C_MemoryTransmit_TXE_BTF
                0x08006dd0      0x130 ./Drivers/STM32F4xx_HAL_Driver/Src/stm32f4xx_hal_i2c.o
 .text.I2C_MasterReceive_RXNE
                0x08006f00      0x190 ./Drivers/STM32F4xx_HAL_Driver/Src/stm32f4xx_hal_i2c.o
 .text.I2C_MasterReceive_BTF
                0x08007090      0x1ea ./Drivers/STM32F4xx_HAL_Driver/Src/stm32f4xx_hal_i2c.o
 .text.I2C_Master_SB
                0x0800727a      0x10c ./Drivers/STM32F4xx_HAL_Driver/Src/stm32f4xx_hal_i2c.o
 .text.I2C_Master_ADD10
                0x08007386       0x54 ./Drivers/STM32F4xx_HAL_Driver/Src/stm32f4xx_hal_i2c.o
 .text.I2C_Master_ADDR
                0x080073da      0x322 ./Drivers/STM32F4xx_HAL_Driver/Src/stm32f4xx_hal_i2c.o
 .text.I2C_SlaveTransmit_TXE
                0x080076fc       0x7a ./Drivers/STM32F4xx_HAL_Driver/Src/stm32f4xx_hal_i2c.o
 .text.I2C_SlaveTransmit_BTF
                0x08007776       0x42 ./Drivers/STM32F4xx_HAL_Driver/Src/stm32f4xx_hal_i2c.o
 .text.I2C_SlaveReceive_RXNE
                0x080077b8       0x7c ./Drivers/STM32F4xx_HAL_Driver/Src/stm32f4xx_hal_i2c.o
 .text.I2C_SlaveReceive_BTF
                0x08007834       0x44 ./Drivers/STM32F4xx_HAL_Driver/Src/stm32f4xx_hal_i2c.o
 .text.I2C_Slave_ADDR
                0x08007878       0x94 ./Drivers/STM32F4xx_HAL_Driver/Src/stm32f4xx_hal_i2c.o
 .text.I2C_Slave_STOPF
                0x0800790c      0x260 ./Drivers/STM32F4xx_HAL_Driver/Src/stm32f4xx_hal_i2c.o
 .text.I2C_Slave_AF
                0x08007b6c       0xe8 ./Drivers/STM32F4xx_HAL_Driver/Src/stm32f4xx_hal_i2c.o
 .text.I2C_ITError
                0x08007c54      0x264 ./Drivers/STM32F4xx_HAL_Driver/Src/stm32f4xx_hal_i2c.o
 .text.I2C_MasterRequestWrite
                0x08007eb8      0x104 ./Drivers/STM32F4xx_HAL_Driver/Src/stm32f4xx_hal_i2c.o
 .text.I2C_RequestMemoryWrite
                0x08007fbc      0x12c ./Drivers/STM32F4xx_HAL_Driver/Src/stm32f4xx_hal_i2c.o
 .text.I2C_RequestMemoryRead
                0x080080e8      0x1d0 ./Drivers/STM32F4xx_HAL_Driver/Src/stm32f4xx_hal_i2c.o
 .text.I2C_DMAXferCplt
                0x080082b8      0x1be ./Drivers/STM32F4xx_HAL_Driver/Src/stm32f4xx_hal_i2c.o
 .text.I2C_DMAError
                0x08008476       0x7a ./Drivers/STM32F4xx_HAL_Driver/Src/stm32f4xx_hal_i2c.o
 .text.I2C_DMAAbort
                0x080084f0      0x150 ./Drivers/STM32F4xx_HAL_Driver/Src/stm32f4xx_hal_i2c.o
 .text.I2C_WaitOnFlagUntilTimeout
                0x08008640       0xf4 ./Drivers/STM32F4xx_HAL_Driver/Src/stm32f4xx_hal_i2c.o
 .text.I2C_WaitOnMasterAddressFlagUntilTimeout
                0x08008734      0x140 ./Drivers/STM32F4xx_HAL_Driver/Src/stm32f4xx_hal_i2c.o
 .text.I2C_WaitOnTXEFlagUntilTimeout
                0x08008874       0x90 ./Drivers/STM32F4xx_HAL_Driver/Src/stm32f4xx_hal_i2c.o
 .text.I2C_WaitOnBTFFlagUntilTimeout
                0x08008904       0x90 ./Drivers/STM32F4xx_HAL_Driver/Src/stm32f4xx_hal_i2c.o
 .text.I2C_WaitOnSTOPRequestThroughIT
                0x08008994       0x64 ./Drivers/STM32F4xx_HAL_Driver/Src/stm32f4xx_hal_i2c.o
 .text.I2C_WaitOnRXNEFlagUntilTimeout
                0x080089f8       0xba ./Drivers/STM32F4xx_HAL_Driver/Src/stm32f4xx_hal_i2c.o
 .text.I2C_IsAcknowledgeFailed
                0x08008ab2       0x5e ./Drivers/STM32F4xx_HAL_Driver/Src/stm32f4xx_hal_i2c.o
 .text.I2C_ConvertOtherXferOptions
                0x08008b10       0x36 ./Drivers/STM32F4xx_HAL_Driver/Src/stm32f4xx_hal_i2c.o
 .text.HAL_PCD_Init
                0x08008b46      0x21e ./Drivers/STM32F4xx_HAL_Driver/Src/stm32f4xx_hal_pcd.o
                0x08008b46                HAL_PCD_Init
 .text.HAL_PCD_Start
                0x08008d64       0x6a ./Drivers/STM32F4xx_HAL_Driver/Src/stm32f4xx_hal_pcd.o
                0x08008d64                HAL_PCD_Start
 .text.HAL_PCD_IRQHandler
                0x08008dce      0x942 ./Drivers/STM32F4xx_HAL_Driver/Src/stm32f4xx_hal_pcd.o
                0x08008dce                HAL_PCD_IRQHandler
 .text.HAL_PCD_SetAddress
                0x08009710       0x48 ./Drivers/STM32F4xx_HAL_Driver/Src/stm32f4xx_hal_pcd.o
                0x08009710                HAL_PCD_SetAddress
 .text.HAL_PCD_EP_Open
                0x08009758       0xd4 ./Drivers/STM32F4xx_HAL_Driver/Src/stm32f4xx_hal_pcd.o
                0x08009758                HAL_PCD_EP_Open
 .text.HAL_PCD_EP_Close
                0x0800982c       0x94 ./Drivers/STM32F4xx_HAL_Driver/Src/stm32f4xx_hal_pcd.o
                0x0800982c                HAL_PCD_EP_Close
 .text.HAL_PCD_EP_Receive
                0x080098c0       0x76 ./Drivers/STM32F4xx_HAL_Driver/Src/stm32f4xx_hal_pcd.o
                0x080098c0                HAL_PCD_EP_Receive
 .text.HAL_PCD_EP_GetRxCount
                0x08009936       0x30 ./Drivers/STM32F4xx_HAL_Driver/Src/stm32f4xx_hal_pcd.o
                0x08009936                HAL_PCD_EP_GetRxCount
 .text.HAL_PCD_EP_Transmit
                0x08009966       0x74 ./Drivers/STM32F4xx_HAL_Driver/Src/stm32f4xx_hal_pcd.o
                0x08009966                HAL_PCD_EP_Transmit
 .text.HAL_PCD_EP_SetStall
                0x080099da       0xc6 ./Drivers/STM32F4xx_HAL_Driver/Src/stm32f4xx_hal_pcd.o
                0x080099da                HAL_PCD_EP_SetStall
 .text.HAL_PCD_EP_ClrStall
                0x08009aa0       0xac ./Drivers/STM32F4xx_HAL_Driver/Src/stm32f4xx_hal_pcd.o
                0x08009aa0                HAL_PCD_EP_ClrStall
 .text.HAL_PCD_EP_Abort
                0x08009b4c       0x62 ./Drivers/STM32F4xx_HAL_Driver/Src/stm32f4xx_hal_pcd.o
                0x08009b4c                HAL_PCD_EP_Abort
 .text.PCD_WriteEmptyTxFifo
                0x08009bae      0x118 ./Drivers/STM32F4xx_HAL_Driver/Src/stm32f4xx_hal_pcd.o
 *fill*         0x08009cc6        0x2 
 .text.PCD_EP_OutXfrComplete_int
                0x08009cc8      0x1d0 ./Drivers/STM32F4xx_HAL_Driver/Src/stm32f4xx_hal_pcd.o
 .text.PCD_EP_OutSetupPacket_int
                0x08009e98       0x8c ./Drivers/STM32F4xx_HAL_Driver/Src/stm32f4xx_hal_pcd.o
 .text.HAL_PCDEx_SetTxFiFo
                0x08009f24       0x8e ./Drivers/STM32F4xx_HAL_Driver/Src/stm32f4xx_hal_pcd_ex.o
                0x08009f24                HAL_PCDEx_SetTxFiFo
 .text.HAL_PCDEx_SetRxFiFo
                0x08009fb2       0x22 ./Drivers/STM32F4xx_HAL_Driver/Src/stm32f4xx_hal_pcd_ex.o
                0x08009fb2                HAL_PCDEx_SetRxFiFo
 .text.HAL_PCDEx_LPM_Callback
                0x08009fd4       0x18 ./Drivers/STM32F4xx_HAL_Driver/Src/stm32f4xx_hal_pcd_ex.o
                0x08009fd4                HAL_PCDEx_LPM_Callback
 .text.HAL_RCC_OscConfig
                0x08009fec      0x4f0 ./Drivers/STM32F4xx_HAL_Driver/Src/stm32f4xx_hal_rcc.o
                0x08009fec                HAL_RCC_OscConfig
 .text.HAL_RCC_ClockConfig
                0x0800a4dc      0x1cc ./Drivers/STM32F4xx_HAL_Driver/Src/stm32f4xx_hal_rcc.o
                0x0800a4dc                HAL_RCC_ClockConfig
 .text.HAL_RCC_EnableCSS
                0x0800a6a8       0x18 ./Drivers/STM32F4xx_HAL_Driver/Src/stm32f4xx_hal_rcc.o
                0x0800a6a8                HAL_RCC_EnableCSS
 .text.HAL_RCC_GetSysClockFreq
                0x0800a6c0      0x18c ./Drivers/STM32F4xx_HAL_Driver/Src/stm32f4xx_hal_rcc.o
                0x0800a6c0                HAL_RCC_GetSysClockFreq
 .text.HAL_RCC_GetHCLKFreq
                0x0800a84c       0x18 ./Drivers/STM32F4xx_HAL_Driver/Src/stm32f4xx_hal_rcc.o
                0x0800a84c                HAL_RCC_GetHCLKFreq
 .text.HAL_RCC_GetPCLK1Freq
                0x0800a864       0x28 ./Drivers/STM32F4xx_HAL_Driver/Src/stm32f4xx_hal_rcc.o
                0x0800a864                HAL_RCC_GetPCLK1Freq
 .text.HAL_RCC_GetPCLK2Freq
                0x0800a88c       0x28 ./Drivers/STM32F4xx_HAL_Driver/Src/stm32f4xx_hal_rcc.o
                0x0800a88c                HAL_RCC_GetPCLK2Freq
 .text.HAL_RCC_NMI_IRQHandler
                0x0800a8b4       0x28 ./Drivers/STM32F4xx_HAL_Driver/Src/stm32f4xx_hal_rcc.o
                0x0800a8b4                HAL_RCC_NMI_IRQHandler
 .text.HAL_RCC_CSSCallback
                0x0800a8dc        0xe ./Drivers/STM32F4xx_HAL_Driver/Src/stm32f4xx_hal_rcc.o
                0x0800a8dc                HAL_RCC_CSSCallback
 .text.HAL_TIM_Base_Init
                0x0800a8ea       0x9e ./Drivers/STM32F4xx_HAL_Driver/Src/stm32f4xx_hal_tim.o
                0x0800a8ea                HAL_TIM_Base_Init
 .text.HAL_TIM_Base_Start_IT
                0x0800a988       0xc4 ./Drivers/STM32F4xx_HAL_Driver/Src/stm32f4xx_hal_tim.o
                0x0800a988                HAL_TIM_Base_Start_IT
 .text.HAL_TIM_PWM_Init
                0x0800aa4c       0x9e ./Drivers/STM32F4xx_HAL_Driver/Src/stm32f4xx_hal_tim.o
                0x0800aa4c                HAL_TIM_PWM_Init
 .text.HAL_TIM_PWM_MspInit
                0x0800aaea       0x14 ./Drivers/STM32F4xx_HAL_Driver/Src/stm32f4xx_hal_tim.o
                0x0800aaea                HAL_TIM_PWM_MspInit
 *fill*         0x0800aafe        0x2 
 .text.HAL_TIM_PWM_Start
                0x0800ab00      0x160 ./Drivers/STM32F4xx_HAL_Driver/Src/stm32f4xx_hal_tim.o
                0x0800ab00                HAL_TIM_PWM_Start
 .text.HAL_TIM_IRQHandler
                0x0800ac60      0x1e0 ./Drivers/STM32F4xx_HAL_Driver/Src/stm32f4xx_hal_tim.o
                0x0800ac60                HAL_TIM_IRQHandler
 .text.HAL_TIM_PWM_ConfigChannel
                0x0800ae40      0x184 ./Drivers/STM32F4xx_HAL_Driver/Src/stm32f4xx_hal_tim.o
                0x0800ae40                HAL_TIM_PWM_ConfigChannel
 .text.HAL_TIM_ConfigClockSource
                0x0800afc4      0x18e ./Drivers/STM32F4xx_HAL_Driver/Src/stm32f4xx_hal_tim.o
                0x0800afc4                HAL_TIM_ConfigClockSource
 .text.HAL_TIM_OC_DelayElapsedCallback
                0x0800b152       0x14 ./Drivers/STM32F4xx_HAL_Driver/Src/stm32f4xx_hal_tim.o
                0x0800b152                HAL_TIM_OC_DelayElapsedCallback
 .text.HAL_TIM_IC_CaptureCallback
                0x0800b166       0x14 ./Drivers/STM32F4xx_HAL_Driver/Src/stm32f4xx_hal_tim.o
                0x0800b166                HAL_TIM_IC_CaptureCallback
 .text.HAL_TIM_PWM_PulseFinishedCallback
                0x0800b17a       0x14 ./Drivers/STM32F4xx_HAL_Driver/Src/stm32f4xx_hal_tim.o
                0x0800b17a                HAL_TIM_PWM_PulseFinishedCallback
 .text.HAL_TIM_TriggerCallback
                0x0800b18e       0x14 ./Drivers/STM32F4xx_HAL_Driver/Src/stm32f4xx_hal_tim.o
                0x0800b18e                HAL_TIM_TriggerCallback
 *fill*         0x0800b1a2        0x2 
 .text.TIM_Base_SetConfig
                0x0800b1a4      0x118 ./Drivers/STM32F4xx_HAL_Driver/Src/stm32f4xx_hal_tim.o
                0x0800b1a4                TIM_Base_SetConfig
 .text.TIM_OC1_SetConfig
                0x0800b2bc       0xcc ./Drivers/STM32F4xx_HAL_Driver/Src/stm32f4xx_hal_tim.o
 .text.TIM_OC2_SetConfig
                0x0800b388       0xd8 ./Drivers/STM32F4xx_HAL_Driver/Src/stm32f4xx_hal_tim.o
                0x0800b388                TIM_OC2_SetConfig
 .text.TIM_OC3_SetConfig
                0x0800b460       0xd4 ./Drivers/STM32F4xx_HAL_Driver/Src/stm32f4xx_hal_tim.o
 .text.TIM_OC4_SetConfig
                0x0800b534       0xa0 ./Drivers/STM32F4xx_HAL_Driver/Src/stm32f4xx_hal_tim.o
 .text.TIM_TI1_ConfigInputStage
                0x0800b5d4       0x5e ./Drivers/STM32F4xx_HAL_Driver/Src/stm32f4xx_hal_tim.o
 .text.TIM_TI2_ConfigInputStage
                0x0800b632       0x60 ./Drivers/STM32F4xx_HAL_Driver/Src/stm32f4xx_hal_tim.o
 .text.TIM_ITRx_SetConfig
                0x0800b692       0x36 ./Drivers/STM32F4xx_HAL_Driver/Src/stm32f4xx_hal_tim.o
 .text.TIM_ETR_SetConfig
                0x0800b6c8       0x40 ./Drivers/STM32F4xx_HAL_Driver/Src/stm32f4xx_hal_tim.o
                0x0800b6c8                TIM_ETR_SetConfig
 .text.TIM_CCxChannelCmd
                0x0800b708       0x4a ./Drivers/STM32F4xx_HAL_Driver/Src/stm32f4xx_hal_tim.o
                0x0800b708                TIM_CCxChannelCmd
 *fill*         0x0800b752        0x2 
 .text.HAL_TIMEx_MasterConfigSynchronization
                0x0800b754       0xdc ./Drivers/STM32F4xx_HAL_Driver/Src/stm32f4xx_hal_tim_ex.o
                0x0800b754                HAL_TIMEx_MasterConfigSynchronization
 .text.HAL_TIMEx_CommutCallback
                0x0800b830       0x14 ./Drivers/STM32F4xx_HAL_Driver/Src/stm32f4xx_hal_tim_ex.o
                0x0800b830                HAL_TIMEx_CommutCallback
 .text.HAL_TIMEx_BreakCallback
                0x0800b844       0x14 ./Drivers/STM32F4xx_HAL_Driver/Src/stm32f4xx_hal_tim_ex.o
                0x0800b844                HAL_TIMEx_BreakCallback
 .text.HAL_UART_Init
                0x0800b858       0xa0 ./Drivers/STM32F4xx_HAL_Driver/Src/stm32f4xx_hal_uart.o
                0x0800b858                HAL_UART_Init
 .text.HAL_UART_Receive_IT
                0x0800b8f8       0x4a ./Drivers/STM32F4xx_HAL_Driver/Src/stm32f4xx_hal_uart.o
                0x0800b8f8                HAL_UART_Receive_IT
 *fill*         0x0800b942        0x2 
 .text.HAL_UART_IRQHandler
                0x0800b944      0x524 ./Drivers/STM32F4xx_HAL_Driver/Src/stm32f4xx_hal_uart.o
                0x0800b944                HAL_UART_IRQHandler
 .text.HAL_UART_TxCpltCallback
                0x0800be68       0x14 ./Drivers/STM32F4xx_HAL_Driver/Src/stm32f4xx_hal_uart.o
                0x0800be68                HAL_UART_TxCpltCallback
 .text.HAL_UART_ErrorCallback
                0x0800be7c       0x14 ./Drivers/STM32F4xx_HAL_Driver/Src/stm32f4xx_hal_uart.o
                0x0800be7c                HAL_UART_ErrorCallback
 .text.HAL_UARTEx_RxEventCallback
                0x0800be90       0x18 ./Drivers/STM32F4xx_HAL_Driver/Src/stm32f4xx_hal_uart.o
                0x0800be90                HAL_UARTEx_RxEventCallback
 .text.UART_Start_Receive_IT
                0x0800bea8       0x74 ./Drivers/STM32F4xx_HAL_Driver/Src/stm32f4xx_hal_uart.o
                0x0800bea8                UART_Start_Receive_IT
 .text.UART_EndRxTransfer
                0x0800bf1c       0xc6 ./Drivers/STM32F4xx_HAL_Driver/Src/stm32f4xx_hal_uart.o
 .text.UART_DMAAbortOnError
                0x0800bfe2       0x28 ./Drivers/STM32F4xx_HAL_Driver/Src/stm32f4xx_hal_uart.o
 .text.UART_Transmit_IT
                0x0800c00a       0xa0 ./Drivers/STM32F4xx_HAL_Driver/Src/stm32f4xx_hal_uart.o
 .text.UART_EndTransmit_IT
                0x0800c0aa       0x30 ./Drivers/STM32F4xx_HAL_Driver/Src/stm32f4xx_hal_uart.o
 .text.UART_Receive_IT
                0x0800c0da      0x17c ./Drivers/STM32F4xx_HAL_Driver/Src/stm32f4xx_hal_uart.o
 *fill*         0x0800c256        0x2 
 .text.UART_SetConfig
                0x0800c258      0x4e8 ./Drivers/STM32F4xx_HAL_Driver/Src/stm32f4xx_hal_uart.o
 .text.USB_CoreInit
                0x0800c740       0xc8 ./Drivers/STM32F4xx_HAL_Driver/Src/stm32f4xx_ll_usb.o
                0x0800c740                USB_CoreInit
 .text.USB_SetTurnaroundTime
                0x0800c808      0x144 ./Drivers/STM32F4xx_HAL_Driver/Src/stm32f4xx_ll_usb.o
                0x0800c808                USB_SetTurnaroundTime
 .text.USB_EnableGlobalInt
                0x0800c94c       0x22 ./Drivers/STM32F4xx_HAL_Driver/Src/stm32f4xx_ll_usb.o
                0x0800c94c                USB_EnableGlobalInt
 .text.USB_DisableGlobalInt
                0x0800c96e       0x22 ./Drivers/STM32F4xx_HAL_Driver/Src/stm32f4xx_ll_usb.o
                0x0800c96e                USB_DisableGlobalInt
 .text.USB_SetCurrentMode
                0x0800c990       0x98 ./Drivers/STM32F4xx_HAL_Driver/Src/stm32f4xx_ll_usb.o
                0x0800c990                USB_SetCurrentMode
 .text.USB_DevInit
                0x0800ca28      0x2c8 ./Drivers/STM32F4xx_HAL_Driver/Src/stm32f4xx_ll_usb.o
                0x0800ca28                USB_DevInit
 .text.USB_FlushTxFifo
                0x0800ccf0       0x64 ./Drivers/STM32F4xx_HAL_Driver/Src/stm32f4xx_ll_usb.o
                0x0800ccf0                USB_FlushTxFifo
 .text.USB_FlushRxFifo
                0x0800cd54       0x5c ./Drivers/STM32F4xx_HAL_Driver/Src/stm32f4xx_ll_usb.o
                0x0800cd54                USB_FlushRxFifo
 .text.USB_SetDevSpeed
                0x0800cdb0       0x32 ./Drivers/STM32F4xx_HAL_Driver/Src/stm32f4xx_ll_usb.o
                0x0800cdb0                USB_SetDevSpeed
 .text.USB_GetDevSpeed
                0x0800cde2       0x4a ./Drivers/STM32F4xx_HAL_Driver/Src/stm32f4xx_ll_usb.o
                0x0800cde2                USB_GetDevSpeed
 .text.USB_ActivateEndpoint
                0x0800ce2c      0x10e ./Drivers/STM32F4xx_HAL_Driver/Src/stm32f4xx_ll_usb.o
                0x0800ce2c                USB_ActivateEndpoint
 *fill*         0x0800cf3a        0x2 
 .text.USB_DeactivateEndpoint
                0x0800cf3c      0x1b8 ./Drivers/STM32F4xx_HAL_Driver/Src/stm32f4xx_ll_usb.o
                0x0800cf3c                USB_DeactivateEndpoint
 .text.USB_EPStartXfer
                0x0800d0f4      0x53c ./Drivers/STM32F4xx_HAL_Driver/Src/stm32f4xx_ll_usb.o
                0x0800d0f4                USB_EPStartXfer
 .text.USB_EPStopXfer
                0x0800d630      0x154 ./Drivers/STM32F4xx_HAL_Driver/Src/stm32f4xx_ll_usb.o
                0x0800d630                USB_EPStopXfer
 .text.USB_WritePacket
                0x0800d784       0x7c ./Drivers/STM32F4xx_HAL_Driver/Src/stm32f4xx_ll_usb.o
                0x0800d784                USB_WritePacket
 .text.USB_ReadPacket
                0x0800d800       0xb0 ./Drivers/STM32F4xx_HAL_Driver/Src/stm32f4xx_ll_usb.o
                0x0800d800                USB_ReadPacket
 .text.USB_EPSetStall
                0x0800d8b0       0xdc ./Drivers/STM32F4xx_HAL_Driver/Src/stm32f4xx_ll_usb.o
                0x0800d8b0                USB_EPSetStall
 .text.USB_EPClearStall
                0x0800d98c       0xcc ./Drivers/STM32F4xx_HAL_Driver/Src/stm32f4xx_ll_usb.o
                0x0800d98c                USB_EPClearStall
 .text.USB_SetDevAddress
                0x0800da58       0x4c ./Drivers/STM32F4xx_HAL_Driver/Src/stm32f4xx_ll_usb.o
                0x0800da58                USB_SetDevAddress
 .text.USB_DevConnect
                0x0800daa4       0x42 ./Drivers/STM32F4xx_HAL_Driver/Src/stm32f4xx_ll_usb.o
                0x0800daa4                USB_DevConnect
 .text.USB_DevDisconnect
                0x0800dae6       0x42 ./Drivers/STM32F4xx_HAL_Driver/Src/stm32f4xx_ll_usb.o
                0x0800dae6                USB_DevDisconnect
 .text.USB_ReadInterrupts
                0x0800db28       0x26 ./Drivers/STM32F4xx_HAL_Driver/Src/stm32f4xx_ll_usb.o
                0x0800db28                USB_ReadInterrupts
 .text.USB_ReadDevAllOutEpInterrupt
                0x0800db4e       0x34 ./Drivers/STM32F4xx_HAL_Driver/Src/stm32f4xx_ll_usb.o
                0x0800db4e                USB_ReadDevAllOutEpInterrupt
 .text.USB_ReadDevAllInEpInterrupt
                0x0800db82       0x34 ./Drivers/STM32F4xx_HAL_Driver/Src/stm32f4xx_ll_usb.o
                0x0800db82                USB_ReadDevAllInEpInterrupt
 .text.USB_ReadDevOutEPInterrupt
                0x0800dbb6       0x3c ./Drivers/STM32F4xx_HAL_Driver/Src/stm32f4xx_ll_usb.o
                0x0800dbb6                USB_ReadDevOutEPInterrupt
 .text.USB_ReadDevInEPInterrupt
                0x0800dbf2       0x5c ./Drivers/STM32F4xx_HAL_Driver/Src/stm32f4xx_ll_usb.o
                0x0800dbf2                USB_ReadDevInEPInterrupt
 .text.USB_GetMode
                0x0800dc4e       0x1c ./Drivers/STM32F4xx_HAL_Driver/Src/stm32f4xx_ll_usb.o
                0x0800dc4e                USB_GetMode
 .text.USB_ActivateSetup
                0x0800dc6a       0x46 ./Drivers/STM32F4xx_HAL_Driver/Src/stm32f4xx_ll_usb.o
                0x0800dc6a                USB_ActivateSetup
 .text.USB_EP0_OutStart
                0x0800dcb0       0xbc ./Drivers/STM32F4xx_HAL_Driver/Src/stm32f4xx_ll_usb.o
                0x0800dcb0                USB_EP0_OutStart
 .text.USB_CoreReset
                0x0800dd6c       0x62 ./Drivers/STM32F4xx_HAL_Driver/Src/stm32f4xx_ll_usb.o
 *fill*         0x0800ddce        0x2 
 .text.USBD_CDC_Init
                0x0800ddd0      0x1f0 ./Middlewares/ST/STM32_USB_Device_Library/Class/CDC/Src/usbd_cdc.o
 .text.USBD_CDC_DeInit
                0x0800dfc0      0x104 ./Middlewares/ST/STM32_USB_Device_Library/Class/CDC/Src/usbd_cdc.o
 .text.USBD_CDC_Setup
                0x0800e0c4      0x1b8 ./Middlewares/ST/STM32_USB_Device_Library/Class/CDC/Src/usbd_cdc.o
 .text.USBD_CDC_DataIn
                0x0800e27c       0xfe ./Middlewares/ST/STM32_USB_Device_Library/Class/CDC/Src/usbd_cdc.o
 .text.USBD_CDC_DataOut
                0x0800e37a       0x70 ./Middlewares/ST/STM32_USB_Device_Library/Class/CDC/Src/usbd_cdc.o
 .text.USBD_CDC_EP0_RxReady
                0x0800e3ea       0x74 ./Middlewares/ST/STM32_USB_Device_Library/Class/CDC/Src/usbd_cdc.o
 *fill*         0x0800e45e        0x2 
 .text.USBD_CDC_GetFSCfgDesc
                0x0800e460       0x70 ./Middlewares/ST/STM32_USB_Device_Library/Class/CDC/Src/usbd_cdc.o
 .text.USBD_CDC_GetHSCfgDesc
                0x0800e4d0       0x70 ./Middlewares/ST/STM32_USB_Device_Library/Class/CDC/Src/usbd_cdc.o
 .text.USBD_CDC_GetOtherSpeedCfgDesc
                0x0800e540       0x70 ./Middlewares/ST/STM32_USB_Device_Library/Class/CDC/Src/usbd_cdc.o
 .text.USBD_CDC_GetDeviceQualifierDescriptor
                0x0800e5b0       0x20 ./Middlewares/ST/STM32_USB_Device_Library/Class/CDC/Src/usbd_cdc.o
                0x0800e5b0                USBD_CDC_GetDeviceQualifierDescriptor
 .text.USBD_CDC_RegisterInterface
                0x0800e5d0       0x34 ./Middlewares/ST/STM32_USB_Device_Library/Class/CDC/Src/usbd_cdc.o
                0x0800e5d0                USBD_CDC_RegisterInterface
 .text.USBD_CDC_SetTxBuffer
                0x0800e604       0x44 ./Middlewares/ST/STM32_USB_Device_Library/Class/CDC/Src/usbd_cdc.o
                0x0800e604                USBD_CDC_SetTxBuffer
 .text.USBD_CDC_SetRxBuffer
                0x0800e648       0x3a ./Middlewares/ST/STM32_USB_Device_Library/Class/CDC/Src/usbd_cdc.o
                0x0800e648                USBD_CDC_SetRxBuffer
 *fill*         0x0800e682        0x2 
 .text.USBD_CDC_TransmitPacket
                0x0800e684       0x80 ./Middlewares/ST/STM32_USB_Device_Library/Class/CDC/Src/usbd_cdc.o
                0x0800e684                USBD_CDC_TransmitPacket
 .text.USBD_CDC_ReceivePacket
                0x0800e704       0x6c ./Middlewares/ST/STM32_USB_Device_Library/Class/CDC/Src/usbd_cdc.o
                0x0800e704                USBD_CDC_ReceivePacket
 .text.USBD_Init
                0x0800e770       0x60 ./Middlewares/ST/STM32_USB_Device_Library/Core/Src/usbd_core.o
                0x0800e770                USBD_Init
 .text.USBD_RegisterClass
                0x0800e7d0       0x6c ./Middlewares/ST/STM32_USB_Device_Library/Core/Src/usbd_core.o
                0x0800e7d0                USBD_RegisterClass
 .text.USBD_Start
                0x0800e83c       0x18 ./Middlewares/ST/STM32_USB_Device_Library/Core/Src/usbd_core.o
                0x0800e83c                USBD_Start
 .text.USBD_RunTestMode
                0x0800e854       0x16 ./Middlewares/ST/STM32_USB_Device_Library/Core/Src/usbd_core.o
                0x0800e854                USBD_RunTestMode
 .text.USBD_SetClassConfig
                0x0800e86a       0x38 ./Middlewares/ST/STM32_USB_Device_Library/Core/Src/usbd_core.o
                0x0800e86a                USBD_SetClassConfig
 .text.USBD_ClrClassConfig
                0x0800e8a2       0x34 ./Middlewares/ST/STM32_USB_Device_Library/Core/Src/usbd_core.o
                0x0800e8a2                USBD_ClrClassConfig
 .text.USBD_LL_SetupStage
                0x0800e8d6       0xaa ./Middlewares/ST/STM32_USB_Device_Library/Core/Src/usbd_core.o
                0x0800e8d6                USBD_LL_SetupStage
 .text.USBD_LL_DataOutStage
                0x0800e980      0x166 ./Middlewares/ST/STM32_USB_Device_Library/Core/Src/usbd_core.o
                0x0800e980                USBD_LL_DataOutStage
 .text.USBD_LL_DataInStage
                0x0800eae6      0x164 ./Middlewares/ST/STM32_USB_Device_Library/Core/Src/usbd_core.o
                0x0800eae6                USBD_LL_DataInStage
 .text.USBD_LL_Reset
                0x0800ec4a       0xa4 ./Middlewares/ST/STM32_USB_Device_Library/Core/Src/usbd_core.o
                0x0800ec4a                USBD_LL_Reset
 .text.USBD_LL_SetSpeed
                0x0800ecee       0x20 ./Middlewares/ST/STM32_USB_Device_Library/Core/Src/usbd_core.o
                0x0800ecee                USBD_LL_SetSpeed
 .text.USBD_LL_Suspend
                0x0800ed0e       0x38 ./Middlewares/ST/STM32_USB_Device_Library/Core/Src/usbd_core.o
                0x0800ed0e                USBD_LL_Suspend
 .text.USBD_LL_Resume
                0x0800ed46       0x30 ./Middlewares/ST/STM32_USB_Device_Library/Core/Src/usbd_core.o
                0x0800ed46                USBD_LL_Resume
 .text.USBD_LL_SOF
                0x0800ed76       0x40 ./Middlewares/ST/STM32_USB_Device_Library/Core/Src/usbd_core.o
                0x0800ed76                USBD_LL_SOF
 .text.USBD_LL_IsoINIncomplete
                0x0800edb6       0x64 ./Middlewares/ST/STM32_USB_Device_Library/Core/Src/usbd_core.o
                0x0800edb6                USBD_LL_IsoINIncomplete
 .text.USBD_LL_IsoOUTIncomplete
                0x0800ee1a       0x64 ./Middlewares/ST/STM32_USB_Device_Library/Core/Src/usbd_core.o
                0x0800ee1a                USBD_LL_IsoOUTIncomplete
 .text.USBD_LL_DevConnected
                0x0800ee7e       0x16 ./Middlewares/ST/STM32_USB_Device_Library/Core/Src/usbd_core.o
                0x0800ee7e                USBD_LL_DevConnected
 .text.USBD_LL_DevDisconnected
                0x0800ee94       0x46 ./Middlewares/ST/STM32_USB_Device_Library/Core/Src/usbd_core.o
                0x0800ee94                USBD_LL_DevDisconnected
 .text.USBD_CoreFindIF
                0x0800eeda       0x1a ./Middlewares/ST/STM32_USB_Device_Library/Core/Src/usbd_core.o
                0x0800eeda                USBD_CoreFindIF
 .text.USBD_CoreFindEP
                0x0800eef4       0x1a ./Middlewares/ST/STM32_USB_Device_Library/Core/Src/usbd_core.o
                0x0800eef4                USBD_CoreFindEP
 .text.USBD_GetEpDesc
                0x0800ef0e       0x70 ./Middlewares/ST/STM32_USB_Device_Library/Core/Src/usbd_core.o
                0x0800ef0e                USBD_GetEpDesc
 .text.USBD_GetNextDesc
                0x0800ef7e       0x38 ./Middlewares/ST/STM32_USB_Device_Library/Core/Src/usbd_core.o
                0x0800ef7e                USBD_GetNextDesc
 .text.SWAPBYTE
                0x0800efb6       0x3e ./Middlewares/ST/STM32_USB_Device_Library/Core/Src/usbd_ctlreq.o
 .text.USBD_StdDevReq
                0x0800eff4       0xe4 ./Middlewares/ST/STM32_USB_Device_Library/Core/Src/usbd_ctlreq.o
                0x0800eff4                USBD_StdDevReq
 .text.USBD_StdItfReq
                0x0800f0d8       0xd8 ./Middlewares/ST/STM32_USB_Device_Library/Core/Src/usbd_ctlreq.o
                0x0800f0d8                USBD_StdItfReq
 .text.USBD_StdEPReq
                0x0800f1b0      0x33a ./Middlewares/ST/STM32_USB_Device_Library/Core/Src/usbd_ctlreq.o
                0x0800f1b0                USBD_StdEPReq
 *fill*         0x0800f4ea        0x2 
 .text.USBD_GetDescriptor
                0x0800f4ec      0x2d4 ./Middlewares/ST/STM32_USB_Device_Library/Core/Src/usbd_ctlreq.o
 .text.USBD_SetAddress
                0x0800f7c0       0x88 ./Middlewares/ST/STM32_USB_Device_Library/Core/Src/usbd_ctlreq.o
 .text.USBD_SetConfig
                0x0800f848      0x154 ./Middlewares/ST/STM32_USB_Device_Library/Core/Src/usbd_ctlreq.o
 .text.USBD_GetConfig
                0x0800f99c       0x6c ./Middlewares/ST/STM32_USB_Device_Library/Core/Src/usbd_ctlreq.o
 .text.USBD_GetStatus
                0x0800fa08       0x68 ./Middlewares/ST/STM32_USB_Device_Library/Core/Src/usbd_ctlreq.o
 .text.USBD_SetFeature
                0x0800fa70       0x52 ./Middlewares/ST/STM32_USB_Device_Library/Core/Src/usbd_ctlreq.o
 .text.USBD_ClrFeature
                0x0800fac2       0x44 ./Middlewares/ST/STM32_USB_Device_Library/Core/Src/usbd_ctlreq.o
 .text.USBD_ParseSetupRequest
                0x0800fb06       0x74 ./Middlewares/ST/STM32_USB_Device_Library/Core/Src/usbd_ctlreq.o
                0x0800fb06                USBD_ParseSetupRequest
 .text.USBD_CtlError
                0x0800fb7a       0x22 ./Middlewares/ST/STM32_USB_Device_Library/Core/Src/usbd_ctlreq.o
                0x0800fb7a                USBD_CtlError
 .text.USBD_GetString
                0x0800fb9c       0xa4 ./Middlewares/ST/STM32_USB_Device_Library/Core/Src/usbd_ctlreq.o
                0x0800fb9c                USBD_GetString
 .text.USBD_GetLen
                0x0800fc40       0x34 ./Middlewares/ST/STM32_USB_Device_Library/Core/Src/usbd_ctlreq.o
 .text.USBD_CtlSendData
                0x0800fc74       0x36 ./Middlewares/ST/STM32_USB_Device_Library/Core/Src/usbd_ioreq.o
                0x0800fc74                USBD_CtlSendData
 .text.USBD_CtlContinueSendData
                0x0800fcaa       0x22 ./Middlewares/ST/STM32_USB_Device_Library/Core/Src/usbd_ioreq.o
                0x0800fcaa                USBD_CtlContinueSendData
 .text.USBD_CtlPrepareRx
                0x0800fccc       0x3a ./Middlewares/ST/STM32_USB_Device_Library/Core/Src/usbd_ioreq.o
                0x0800fccc                USBD_CtlPrepareRx
 .text.USBD_CtlContinueRx
                0x0800fd06       0x22 ./Middlewares/ST/STM32_USB_Device_Library/Core/Src/usbd_ioreq.o
                0x0800fd06                USBD_CtlContinueRx
 .text.USBD_CtlSendStatus
                0x0800fd28       0x26 ./Middlewares/ST/STM32_USB_Device_Library/Core/Src/usbd_ioreq.o
                0x0800fd28                USBD_CtlSendStatus
 .text.USBD_CtlReceiveStatus
                0x0800fd4e       0x26 ./Middlewares/ST/STM32_USB_Device_Library/Core/Src/usbd_ioreq.o
                0x0800fd4e                USBD_CtlReceiveStatus
 .text.MX_USB_DEVICE_Init
                0x0800fd74       0x60 ./USB_DEVICE/App/usb_device.o
                0x0800fd74                MX_USB_DEVICE_Init
 .text.CDC_Init_FS
                0x0800fdd4       0x28 ./USB_DEVICE/App/usbd_cdc_if.o
 .text.CDC_DeInit_FS
                0x0800fdfc       0x10 ./USB_DEVICE/App/usbd_cdc_if.o
 .text.CDC_Control_FS
                0x0800fe0c      0x15c ./USB_DEVICE/App/usbd_cdc_if.o
 .text.CDC_Receive_FS
                0x0800ff68       0x40 ./USB_DEVICE/App/usbd_cdc_if.o
 .text.CDC_Transmit_FS
                0x0800ffa8       0x4c ./USB_DEVICE/App/usbd_cdc_if.o
                0x0800ffa8                CDC_Transmit_FS
 .text.CDC_TransmitCplt_FS
                0x0800fff4       0x22 ./USB_DEVICE/App/usbd_cdc_if.o
 *fill*         0x08010016        0x2 
 .text.CDC_Attach_Rx
                0x08010018       0x20 ./USB_DEVICE/App/usbd_cdc_if.o
                0x08010018                CDC_Attach_Rx
 .text.USBD_FS_DeviceDescriptor
                0x08010038       0x24 ./USB_DEVICE/App/usbd_desc.o
                0x08010038                USBD_FS_DeviceDescriptor
 .text.USBD_FS_LangIDStrDescriptor
                0x0801005c       0x24 ./USB_DEVICE/App/usbd_desc.o
                0x0801005c                USBD_FS_LangIDStrDescriptor
 .text.USBD_FS_ProductStrDescriptor
                0x08010080       0x3c ./USB_DEVICE/App/usbd_desc.o
                0x08010080                USBD_FS_ProductStrDescriptor
 .text.USBD_FS_ManufacturerStrDescriptor
                0x080100bc       0x28 ./USB_DEVICE/App/usbd_desc.o
                0x080100bc                USBD_FS_ManufacturerStrDescriptor
 .text.USBD_FS_SerialStrDescriptor
                0x080100e4       0x24 ./USB_DEVICE/App/usbd_desc.o
                0x080100e4                USBD_FS_SerialStrDescriptor
 .text.USBD_FS_ConfigStrDescriptor
                0x08010108       0x3c ./USB_DEVICE/App/usbd_desc.o
                0x08010108                USBD_FS_ConfigStrDescriptor
 .text.USBD_FS_InterfaceStrDescriptor
                0x08010144       0x3c ./USB_DEVICE/App/usbd_desc.o
                0x08010144                USBD_FS_InterfaceStrDescriptor
 .text.Get_SerialNum
                0x08010180       0x58 ./USB_DEVICE/App/usbd_desc.o
 .text.IntToUnicode
                0x080101d8       0x7e ./USB_DEVICE/App/usbd_desc.o
 *fill*         0x08010256        0x2 
 .text.HAL_PCD_MspInit
                0x08010258       0xa8 ./USB_DEVICE/Target/usbd_conf.o
                0x08010258                HAL_PCD_MspInit
 .text.HAL_PCD_SetupStageCallback
                0x08010300       0x24 ./USB_DEVICE/Target/usbd_conf.o
                0x08010300                HAL_PCD_SetupStageCallback
 .text.HAL_PCD_DataOutStageCallback
                0x08010324       0x36 ./USB_DEVICE/Target/usbd_conf.o
                0x08010324                HAL_PCD_DataOutStageCallback
 .text.HAL_PCD_DataInStageCallback
                0x0801035a       0x34 ./USB_DEVICE/Target/usbd_conf.o
                0x0801035a                HAL_PCD_DataInStageCallback
 .text.HAL_PCD_SOFCallback
                0x0801038e       0x1c ./USB_DEVICE/Target/usbd_conf.o
                0x0801038e                HAL_PCD_SOFCallback
 .text.HAL_PCD_ResetCallback
                0x080103aa       0x3c ./USB_DEVICE/Target/usbd_conf.o
                0x080103aa                HAL_PCD_ResetCallback
 *fill*         0x080103e6        0x2 
 .text.HAL_PCD_SuspendCallback
                0x080103e8       0x4c ./USB_DEVICE/Target/usbd_conf.o
                0x080103e8                HAL_PCD_SuspendCallback
 .text.HAL_PCD_ResumeCallback
                0x08010434       0x1c ./USB_DEVICE/Target/usbd_conf.o
                0x08010434                HAL_PCD_ResumeCallback
 .text.HAL_PCD_ISOOUTIncompleteCallback
                0x08010450       0x24 ./USB_DEVICE/Target/usbd_conf.o
                0x08010450                HAL_PCD_ISOOUTIncompleteCallback
 .text.HAL_PCD_ISOINIncompleteCallback
                0x08010474       0x24 ./USB_DEVICE/Target/usbd_conf.o
                0x08010474                HAL_PCD_ISOINIncompleteCallback
 .text.HAL_PCD_ConnectCallback
                0x08010498       0x1c ./USB_DEVICE/Target/usbd_conf.o
                0x08010498                HAL_PCD_ConnectCallback
 .text.HAL_PCD_DisconnectCallback
                0x080104b4       0x1c ./USB_DEVICE/Target/usbd_conf.o
                0x080104b4                HAL_PCD_DisconnectCallback
 .text.USBD_LL_Init
                0x080104d0       0x98 ./USB_DEVICE/Target/usbd_conf.o
                0x080104d0                USBD_LL_Init
 .text.USBD_LL_Start
                0x08010568       0x36 ./USB_DEVICE/Target/usbd_conf.o
                0x08010568                USBD_LL_Start
 .text.USBD_LL_OpenEP
                0x0801059e       0x4c ./USB_DEVICE/Target/usbd_conf.o
                0x0801059e                USBD_LL_OpenEP
 .text.USBD_LL_CloseEP
                0x080105ea       0x3e ./USB_DEVICE/Target/usbd_conf.o
                0x080105ea                USBD_LL_CloseEP
 .text.USBD_LL_StallEP
                0x08010628       0x3e ./USB_DEVICE/Target/usbd_conf.o
                0x08010628                USBD_LL_StallEP
 .text.USBD_LL_ClearStallEP
                0x08010666       0x3e ./USB_DEVICE/Target/usbd_conf.o
                0x08010666                USBD_LL_ClearStallEP
 .text.USBD_LL_IsStallEP
                0x080106a4       0x58 ./USB_DEVICE/Target/usbd_conf.o
                0x080106a4                USBD_LL_IsStallEP
 .text.USBD_LL_SetUSBAddress
                0x080106fc       0x3e ./USB_DEVICE/Target/usbd_conf.o
                0x080106fc                USBD_LL_SetUSBAddress
 .text.USBD_LL_Transmit
                0x0801073a       0x42 ./USB_DEVICE/Target/usbd_conf.o
                0x0801073a                USBD_LL_Transmit
 .text.USBD_LL_PrepareReceive
                0x0801077c       0x42 ./USB_DEVICE/Target/usbd_conf.o
                0x0801077c                USBD_LL_PrepareReceive
 .text.USBD_LL_GetRxDataSize
                0x080107be       0x26 ./USB_DEVICE/Target/usbd_conf.o
                0x080107be                USBD_LL_GetRxDataSize
 .text.USBD_static_malloc
                0x080107e4       0x1c ./USB_DEVICE/Target/usbd_conf.o
                0x080107e4                USBD_static_malloc
 .text.USBD_static_free
                0x08010800       0x14 ./USB_DEVICE/Target/usbd_conf.o
                0x08010800                USBD_static_free
 .text.USBD_Get_USB_Status
                0x08010814       0x58 ./USB_DEVICE/Target/usbd_conf.o
                0x08010814                USBD_Get_USB_Status
 .text.sprintf  0x0801086c       0x44 C:/ST/STM32CubeIDE_1.18.0/STM32CubeIDE/plugins/com.st.stm32cube.ide.mcu.externaltools.gnu-tools-for-stm32.13.3.rel1.win32_1.0.0.202411081344/tools/bin/../lib/gcc/arm-none-eabi/13.3.1/../../../../arm-none-eabi/lib/thumb/v7e-m+fp/hard\libc_nano.a(libc_a-sprintf.o)
                0x0801086c                siprintf
                0x0801086c                sprintf
 .text.memset   0x080108b0       0x10 C:/ST/STM32CubeIDE_1.18.0/STM32CubeIDE/plugins/com.st.stm32cube.ide.mcu.externaltools.gnu-tools-for-stm32.13.3.rel1.win32_1.0.0.202411081344/tools/bin/../lib/gcc/arm-none-eabi/13.3.1/../../../../arm-none-eabi/lib/thumb/v7e-m+fp/hard\libc_nano.a(libc_a-memset.o)
                0x080108b0                memset
 .text.__errno  0x080108c0        0xc C:/ST/STM32CubeIDE_1.18.0/STM32CubeIDE/plugins/com.st.stm32cube.ide.mcu.externaltools.gnu-tools-for-stm32.13.3.rel1.win32_1.0.0.202411081344/tools/bin/../lib/gcc/arm-none-eabi/13.3.1/../../../../arm-none-eabi/lib/thumb/v7e-m+fp/hard\libc_nano.a(libc_a-errno.o)
                0x080108c0                __errno
 .text.__libc_init_array
                0x080108cc       0x48 C:/ST/STM32CubeIDE_1.18.0/STM32CubeIDE/plugins/com.st.stm32cube.ide.mcu.externaltools.gnu-tools-for-stm32.13.3.rel1.win32_1.0.0.202411081344/tools/bin/../lib/gcc/arm-none-eabi/13.3.1/../../../../arm-none-eabi/lib/thumb/v7e-m+fp/hard\libc_nano.a(libc_a-init.o)
                0x080108cc                __libc_init_array
 .text.__retarget_lock_acquire_recursive
                0x08010914        0x2 C:/ST/STM32CubeIDE_1.18.0/STM32CubeIDE/plugins/com.st.stm32cube.ide.mcu.externaltools.gnu-tools-for-stm32.13.3.rel1.win32_1.0.0.202411081344/tools/bin/../lib/gcc/arm-none-eabi/13.3.1/../../../../arm-none-eabi/lib/thumb/v7e-m+fp/hard\libc_nano.a(libc_a-lock.o)
                0x08010914                __retarget_lock_acquire_recursive
 .text.__retarget_lock_release_recursive
                0x08010916        0x2 C:/ST/STM32CubeIDE_1.18.0/STM32CubeIDE/plugins/com.st.stm32cube.ide.mcu.externaltools.gnu-tools-for-stm32.13.3.rel1.win32_1.0.0.202411081344/tools/bin/../lib/gcc/arm-none-eabi/13.3.1/../../../../arm-none-eabi/lib/thumb/v7e-m+fp/hard\libc_nano.a(libc_a-lock.o)
                0x08010916                __retarget_lock_release_recursive
 .text.memcpy   0x08010918       0x1c C:/ST/STM32CubeIDE_1.18.0/STM32CubeIDE/plugins/com.st.stm32cube.ide.mcu.externaltools.gnu-tools-for-stm32.13.3.rel1.win32_1.0.0.202411081344/tools/bin/../lib/gcc/arm-none-eabi/13.3.1/../../../../arm-none-eabi/lib/thumb/v7e-m+fp/hard\libc_nano.a(libc_a-memcpy-stub.o)
                0x08010918                memcpy
 .text._free_r  0x08010934       0x94 C:/ST/STM32CubeIDE_1.18.0/STM32CubeIDE/plugins/com.st.stm32cube.ide.mcu.externaltools.gnu-tools-for-stm32.13.3.rel1.win32_1.0.0.202411081344/tools/bin/../lib/gcc/arm-none-eabi/13.3.1/../../../../arm-none-eabi/lib/thumb/v7e-m+fp/hard\libc_nano.a(libc_a-freer.o)
                0x08010934                _free_r
 .text.sbrk_aligned
                0x080109c8       0x44 C:/ST/STM32CubeIDE_1.18.0/STM32CubeIDE/plugins/com.st.stm32cube.ide.mcu.externaltools.gnu-tools-for-stm32.13.3.rel1.win32_1.0.0.202411081344/tools/bin/../lib/gcc/arm-none-eabi/13.3.1/../../../../arm-none-eabi/lib/thumb/v7e-m+fp/hard\libc_nano.a(libc_a-mallocr.o)
 .text._malloc_r
                0x08010a0c      0x100 C:/ST/STM32CubeIDE_1.18.0/STM32CubeIDE/plugins/com.st.stm32cube.ide.mcu.externaltools.gnu-tools-for-stm32.13.3.rel1.win32_1.0.0.202411081344/tools/bin/../lib/gcc/arm-none-eabi/13.3.1/../../../../arm-none-eabi/lib/thumb/v7e-m+fp/hard\libc_nano.a(libc_a-mallocr.o)
                0x08010a0c                _malloc_r
 .text.__malloc_lock
                0x08010b0c        0xc C:/ST/STM32CubeIDE_1.18.0/STM32CubeIDE/plugins/com.st.stm32cube.ide.mcu.externaltools.gnu-tools-for-stm32.13.3.rel1.win32_1.0.0.202411081344/tools/bin/../lib/gcc/arm-none-eabi/13.3.1/../../../../arm-none-eabi/lib/thumb/v7e-m+fp/hard\libc_nano.a(libc_a-mlock.o)
                0x08010b0c                __malloc_lock
 .text.__malloc_unlock
                0x08010b18        0xc C:/ST/STM32CubeIDE_1.18.0/STM32CubeIDE/plugins/com.st.stm32cube.ide.mcu.externaltools.gnu-tools-for-stm32.13.3.rel1.win32_1.0.0.202411081344/tools/bin/../lib/gcc/arm-none-eabi/13.3.1/../../../../arm-none-eabi/lib/thumb/v7e-m+fp/hard\libc_nano.a(libc_a-mlock.o)
                0x08010b18                __malloc_unlock
 .text.__ssputs_r
                0x08010b24       0xb6 C:/ST/STM32CubeIDE_1.18.0/STM32CubeIDE/plugins/com.st.stm32cube.ide.mcu.externaltools.gnu-tools-for-stm32.13.3.rel1.win32_1.0.0.202411081344/tools/bin/../lib/gcc/arm-none-eabi/13.3.1/../../../../arm-none-eabi/lib/thumb/v7e-m+fp/hard\libc_nano.a(libc_a-nano-svfprintf.o)
                0x08010b24                __ssputs_r
 *fill*         0x08010bda        0x2 
 .text._svfprintf_r
                0x08010bdc      0x1f8 C:/ST/STM32CubeIDE_1.18.0/STM32CubeIDE/plugins/com.st.stm32cube.ide.mcu.externaltools.gnu-tools-for-stm32.13.3.rel1.win32_1.0.0.202411081344/tools/bin/../lib/gcc/arm-none-eabi/13.3.1/../../../../arm-none-eabi/lib/thumb/v7e-m+fp/hard\libc_nano.a(libc_a-nano-svfprintf.o)
                0x08010bdc                _svfiprintf_r
                0x08010bdc                _svfprintf_r
 .text._printf_common
                0x08010dd4       0xda C:/ST/STM32CubeIDE_1.18.0/STM32CubeIDE/plugins/com.st.stm32cube.ide.mcu.externaltools.gnu-tools-for-stm32.13.3.rel1.win32_1.0.0.202411081344/tools/bin/../lib/gcc/arm-none-eabi/13.3.1/../../../../arm-none-eabi/lib/thumb/v7e-m+fp/hard\libc_nano.a(libc_a-nano-vfprintf_i.o)
                0x08010dd4                _printf_common
 *fill*         0x08010eae        0x2 
 .text._printf_i
                0x08010eb0      0x23c C:/ST/STM32CubeIDE_1.18.0/STM32CubeIDE/plugins/com.st.stm32cube.ide.mcu.externaltools.gnu-tools-for-stm32.13.3.rel1.win32_1.0.0.202411081344/tools/bin/../lib/gcc/arm-none-eabi/13.3.1/../../../../arm-none-eabi/lib/thumb/v7e-m+fp/hard\libc_nano.a(libc_a-nano-vfprintf_i.o)
                0x08010eb0                _printf_i
 .text.memmove  0x080110ec       0x34 C:/ST/STM32CubeIDE_1.18.0/STM32CubeIDE/plugins/com.st.stm32cube.ide.mcu.externaltools.gnu-tools-for-stm32.13.3.rel1.win32_1.0.0.202411081344/tools/bin/../lib/gcc/arm-none-eabi/13.3.1/../../../../arm-none-eabi/lib/thumb/v7e-m+fp/hard\libc_nano.a(libc_a-memmove.o)
                0x080110ec                memmove
 .text._sbrk_r  0x08011120       0x20 C:/ST/STM32CubeIDE_1.18.0/STM32CubeIDE/plugins/com.st.stm32cube.ide.mcu.externaltools.gnu-tools-for-stm32.13.3.rel1.win32_1.0.0.202411081344/tools/bin/../lib/gcc/arm-none-eabi/13.3.1/../../../../arm-none-eabi/lib/thumb/v7e-m+fp/hard\libc_nano.a(libc_a-sbrkr.o)
                0x08011120                _sbrk_r
 .text._realloc_r
                0x08011140       0x5c C:/ST/STM32CubeIDE_1.18.0/STM32CubeIDE/plugins/com.st.stm32cube.ide.mcu.externaltools.gnu-tools-for-stm32.13.3.rel1.win32_1.0.0.202411081344/tools/bin/../lib/gcc/arm-none-eabi/13.3.1/../../../../arm-none-eabi/lib/thumb/v7e-m+fp/hard\libc_nano.a(libc_a-reallocr.o)
                0x08011140                _realloc_r
 .text._malloc_usable_size_r
                0x0801119c       0x10 C:/ST/STM32CubeIDE_1.18.0/STM32CubeIDE/plugins/com.st.stm32cube.ide.mcu.externaltools.gnu-tools-for-stm32.13.3.rel1.win32_1.0.0.202411081344/tools/bin/../lib/gcc/arm-none-eabi/13.3.1/../../../../arm-none-eabi/lib/thumb/v7e-m+fp/hard\libc_nano.a(libc_a-msizer.o)
                0x0801119c                _malloc_usable_size_r
 *(.glue_7)
 .glue_7        0x080111ac        0x0 linker stubs
 *(.glue_7t)
 .glue_7t       0x080111ac        0x0 linker stubs
 *(.eh_frame)
 .eh_frame      0x080111ac        0x0 C:/ST/STM32CubeIDE_1.18.0/STM32CubeIDE/plugins/com.st.stm32cube.ide.mcu.externaltools.gnu-tools-for-stm32.13.3.rel1.win32_1.0.0.202411081344/tools/bin/../lib/gcc/arm-none-eabi/13.3.1/thumb/v7e-m+fp/hard/crtbegin.o
 *(.init)
 .init          0x080111ac        0x4 C:/ST/STM32CubeIDE_1.18.0/STM32CubeIDE/plugins/com.st.stm32cube.ide.mcu.externaltools.gnu-tools-for-stm32.13.3.rel1.win32_1.0.0.202411081344/tools/bin/../lib/gcc/arm-none-eabi/13.3.1/thumb/v7e-m+fp/hard/crti.o
                0x080111ac                _init
 .init          0x080111b0        0x8 C:/ST/STM32CubeIDE_1.18.0/STM32CubeIDE/plugins/com.st.stm32cube.ide.mcu.externaltools.gnu-tools-for-stm32.13.3.rel1.win32_1.0.0.202411081344/tools/bin/../lib/gcc/arm-none-eabi/13.3.1/thumb/v7e-m+fp/hard/crtn.o
 *(.fini)
 .fini          0x080111b8        0x4 C:/ST/STM32CubeIDE_1.18.0/STM32CubeIDE/plugins/com.st.stm32cube.ide.mcu.externaltools.gnu-tools-for-stm32.13.3.rel1.win32_1.0.0.202411081344/tools/bin/../lib/gcc/arm-none-eabi/13.3.1/thumb/v7e-m+fp/hard/crti.o
                0x080111b8                _fini
 .fini          0x080111bc        0x8 C:/ST/STM32CubeIDE_1.18.0/STM32CubeIDE/plugins/com.st.stm32cube.ide.mcu.externaltools.gnu-tools-for-stm32.13.3.rel1.win32_1.0.0.202411081344/tools/bin/../lib/gcc/arm-none-eabi/13.3.1/thumb/v7e-m+fp/hard/crtn.o
                0x080111c4                        . = ALIGN (0x4)
                0x080111c4                        _etext = .

.vfp11_veneer   0x080111c4        0x0
 .vfp11_veneer  0x080111c4        0x0 linker stubs

.v4_bx          0x080111c4        0x0
 .v4_bx         0x080111c4        0x0 linker stubs

.iplt           0x080111c4        0x0
 .iplt          0x080111c4        0x0 C:/ST/STM32CubeIDE_1.18.0/STM32CubeIDE/plugins/com.st.stm32cube.ide.mcu.externaltools.gnu-tools-for-stm32.13.3.rel1.win32_1.0.0.202411081344/tools/bin/../lib/gcc/arm-none-eabi/13.3.1/thumb/v7e-m+fp/hard/crtbegin.o

.rodata         0x080111c4     0x123c
                0x080111c4                        . = ALIGN (0x4)
 *(.rodata)
 .rodata        0x080111c4       0xca ./Core/Src/main.o
 *fill*         0x0801128e        0x2 
 .rodata        0x08011290       0x46 ./USB_DEVICE/App/usbd_desc.o
 *(.rodata*)
 *fill*         0x080112d6        0x2 
 .rodata.Index_to_Bar
                0x080112d8       0x2d ./Core/Src/ADC/ADC_handler.o
                0x080112d8                Index_to_Bar
 *fill*         0x08011305        0x3 
 .rodata.ADC_to_Index
                0x08011308       0x5a ./Core/Src/ADC/ADC_handler.o
                0x08011308                ADC_to_Index
 *fill*         0x08011362        0x2 
 .rodata.ADC_Blackout
                0x08011364       0xdc ./Core/Src/ADC/ADC_handler.o
                0x08011364                ADC_Blackout
 .rodata.uner_logo
                0x08011440      0x400 ./Core/Src/I2C/OLED/fonts.o
                0x08011440                uner_logo
 .rodata.status_screen
                0x08011840      0x400 ./Core/Src/I2C/OLED/fonts.o
                0x08011840                status_screen
 .rodata.Font7x10
                0x08011c40      0x76c ./Core/Src/I2C/OLED/fonts.o
                0x08011c40                Font7x10
 .rodata.AHBPrescTable
                0x080123ac       0x10 ./Core/Src/system_stm32f4xx.o
                0x080123ac                AHBPrescTable
 .rodata.APBPrescTable
                0x080123bc        0x8 ./Core/Src/system_stm32f4xx.o
                0x080123bc                APBPrescTable
 .rodata.flagBitshiftOffset.0
                0x080123c4        0x8 ./Drivers/STM32F4xx_HAL_Driver/Src/stm32f4xx_hal_dma.o
 .rodata._svfprintf_r.str1.1
                0x080123cc       0x33 C:/ST/STM32CubeIDE_1.18.0/STM32CubeIDE/plugins/com.st.stm32cube.ide.mcu.externaltools.gnu-tools-for-stm32.13.3.rel1.win32_1.0.0.202411081344/tools/bin/../lib/gcc/arm-none-eabi/13.3.1/../../../../arm-none-eabi/lib/thumb/v7e-m+fp/hard\libc_nano.a(libc_a-nano-svfprintf.o)
                                 0x11 (size before relaxing)
 .rodata._printf_i.str1.1
                0x080123ff       0x22 C:/ST/STM32CubeIDE_1.18.0/STM32CubeIDE/plugins/com.st.stm32cube.ide.mcu.externaltools.gnu-tools-for-stm32.13.3.rel1.win32_1.0.0.202411081344/tools/bin/../lib/gcc/arm-none-eabi/13.3.1/../../../../arm-none-eabi/lib/thumb/v7e-m+fp/hard\libc_nano.a(libc_a-nano-vfprintf_i.o)
                0x08012424                        . = ALIGN (0x4)
 *fill*         0x080123ff        0x1 

.ARM.extab      0x08012400        0x0
                0x08012400                        . = ALIGN (0x4)
 *(.ARM.extab* .gnu.linkonce.armextab.*)
                0x08012400                        . = ALIGN (0x4)

.ARM            0x08012400        0x8
                0x08012400                        . = ALIGN (0x4)
                0x08012400                        __exidx_start = .
 *(.ARM.exidx*)
 .ARM.exidx     0x08012400        0x8 C:/ST/STM32CubeIDE_1.18.0/STM32CubeIDE/plugins/com.st.stm32cube.ide.mcu.externaltools.gnu-tools-for-stm32.13.3.rel1.win32_1.0.0.202411081344/tools/bin/../lib/gcc/arm-none-eabi/13.3.1/../../../../arm-none-eabi/lib/thumb/v7e-m+fp/hard\libc_nano.a(libc_a-memchr.o)
 .ARM.exidx     0x08012408        0x0 C:/ST/STM32CubeIDE_1.18.0/STM32CubeIDE/plugins/com.st.stm32cube.ide.mcu.externaltools.gnu-tools-for-stm32.13.3.rel1.win32_1.0.0.202411081344/tools/bin/../lib/gcc/arm-none-eabi/13.3.1/thumb/v7e-m+fp/hard\libgcc.a(_udivmoddi4.o)
                                  0x8 (size before relaxing)
                0x08012408                        __exidx_end = .
                0x08012408                        . = ALIGN (0x4)

.preinit_array  0x08012408        0x0
                0x08012408                        . = ALIGN (0x4)
                0x08012408                        PROVIDE (__preinit_array_start = .)
 *(.preinit_array*)
                0x08012408                        PROVIDE (__preinit_array_end = .)
                0x08012408                        . = ALIGN (0x4)

.init_array     0x08012408        0x4
                0x08012408                        . = ALIGN (0x4)
                0x08012408                        PROVIDE (__init_array_start = .)
 *(SORT_BY_NAME(.init_array.*))
 *(.init_array*)
 .init_array    0x08012408        0x4 C:/ST/STM32CubeIDE_1.18.0/STM32CubeIDE/plugins/com.st.stm32cube.ide.mcu.externaltools.gnu-tools-for-stm32.13.3.rel1.win32_1.0.0.202411081344/tools/bin/../lib/gcc/arm-none-eabi/13.3.1/thumb/v7e-m+fp/hard/crtbegin.o
                0x0801240c                        PROVIDE (__init_array_end = .)
                0x0801240c                        . = ALIGN (0x4)

.fini_array     0x0801240c        0x4
                0x0801240c                        . = ALIGN (0x4)
                [!provide]                        PROVIDE (__fini_array_start = .)
 *(SORT_BY_NAME(.fini_array.*))
 *(.fini_array*)
 .fini_array    0x0801240c        0x4 C:/ST/STM32CubeIDE_1.18.0/STM32CubeIDE/plugins/com.st.stm32cube.ide.mcu.externaltools.gnu-tools-for-stm32.13.3.rel1.win32_1.0.0.202411081344/tools/bin/../lib/gcc/arm-none-eabi/13.3.1/thumb/v7e-m+fp/hard/crtbegin.o
                [!provide]                        PROVIDE (__fini_array_end = .)
                0x08012410                        . = ALIGN (0x4)
                0x08012410                        _sidata = LOADADDR (.data)

.rel.dyn        0x08012410        0x0
 .rel.iplt      0x08012410        0x0 C:/ST/STM32CubeIDE_1.18.0/STM32CubeIDE/plugins/com.st.stm32cube.ide.mcu.externaltools.gnu-tools-for-stm32.13.3.rel1.win32_1.0.0.202411081344/tools/bin/../lib/gcc/arm-none-eabi/13.3.1/thumb/v7e-m+fp/hard/crtbegin.o

.data           0x20000000      0x160 load address 0x08012410
                0x20000000                        . = ALIGN (0x4)
                0x20000000                        _sdata = .
 *(.data)
 *(.data*)
 .data.Font_7x10
                0x20000000        0x8 ./Core/Src/I2C/OLED/fonts.o
                0x20000000                Font_7x10
 .data.is100ms1
                0x20000008        0x1 ./Core/Src/main.o
                0x20000008                is100ms1
 .data.is1s     0x20000009        0x1 ./Core/Src/main.o
                0x20000009                is1s
 .data.is5ms    0x2000000a        0x1 ./Core/Src/main.o
                0x2000000a                is5ms
 .data.is30s    0x2000000b        0x1 ./Core/Src/main.o
                0x2000000b                is30s
 .data.SystemCoreClock
                0x2000000c        0x4 ./Core/Src/system_stm32f4xx.o
                0x2000000c                SystemCoreClock
 .data.uwTickPrio
                0x20000010        0x4 ./Drivers/STM32F4xx_HAL_Driver/Src/stm32f4xx_hal.o
                0x20000010                uwTickPrio
 .data.uwTickFreq
                0x20000014        0x1 ./Drivers/STM32F4xx_HAL_Driver/Src/stm32f4xx_hal.o
                0x20000014                uwTickFreq
 *fill*         0x20000015        0x3 
 .data.USBD_CDC_DeviceQualifierDesc
                0x20000018        0xa ./Middlewares/ST/STM32_USB_Device_Library/Class/CDC/Src/usbd_cdc.o
 *fill*         0x20000022        0x2 
 .data.USBD_CDC
                0x20000024       0x38 ./Middlewares/ST/STM32_USB_Device_Library/Class/CDC/Src/usbd_cdc.o
                0x20000024                USBD_CDC
 .data.USBD_CDC_CfgDesc
                0x2000005c       0x43 ./Middlewares/ST/STM32_USB_Device_Library/Class/CDC/Src/usbd_cdc.o
 .data.CDCInEpAdd
                0x2000009f        0x1 ./Middlewares/ST/STM32_USB_Device_Library/Class/CDC/Src/usbd_cdc.o
 .data.CDCOutEpAdd
                0x200000a0        0x1 ./Middlewares/ST/STM32_USB_Device_Library/Class/CDC/Src/usbd_cdc.o
 .data.CDCCmdEpAdd
                0x200000a1        0x1 ./Middlewares/ST/STM32_USB_Device_Library/Class/CDC/Src/usbd_cdc.o
 *fill*         0x200000a2        0x2 
 .data.LineCoding
                0x200000a4        0x8 ./USB_DEVICE/App/usbd_cdc_if.o
                0x200000a4                LineCoding
 .data.USBD_Interface_fops_FS
                0x200000ac       0x14 ./USB_DEVICE/App/usbd_cdc_if.o
                0x200000ac                USBD_Interface_fops_FS
 .data.FS_Desc  0x200000c0       0x1c ./USB_DEVICE/App/usbd_desc.o
                0x200000c0                FS_Desc
 .data.USBD_FS_DeviceDesc
                0x200000dc       0x12 ./USB_DEVICE/App/usbd_desc.o
                0x200000dc                USBD_FS_DeviceDesc
 *fill*         0x200000ee        0x2 
 .data.USBD_LangIDDesc
                0x200000f0        0x4 ./USB_DEVICE/App/usbd_desc.o
                0x200000f0                USBD_LangIDDesc
 .data.USBD_StringSerial
                0x200000f4       0x1a ./USB_DEVICE/App/usbd_desc.o
                0x200000f4                USBD_StringSerial
 *fill*         0x2000010e        0x2 
 .data._impure_ptr
                0x20000110        0x4 C:/ST/STM32CubeIDE_1.18.0/STM32CubeIDE/plugins/com.st.stm32cube.ide.mcu.externaltools.gnu-tools-for-stm32.13.3.rel1.win32_1.0.0.202411081344/tools/bin/../lib/gcc/arm-none-eabi/13.3.1/../../../../arm-none-eabi/lib/thumb/v7e-m+fp/hard\libc_nano.a(libc_a-impure.o)
                0x20000110                _impure_ptr
 .data._impure_data
                0x20000114       0x4c C:/ST/STM32CubeIDE_1.18.0/STM32CubeIDE/plugins/com.st.stm32cube.ide.mcu.externaltools.gnu-tools-for-stm32.13.3.rel1.win32_1.0.0.202411081344/tools/bin/../lib/gcc/arm-none-eabi/13.3.1/../../../../arm-none-eabi/lib/thumb/v7e-m+fp/hard\libc_nano.a(libc_a-impure.o)
                0x20000114                _impure_data
 *(.RamFunc)
 *(.RamFunc*)
                0x20000160                        . = ALIGN (0x4)
                0x20000160                        _edata = .

.igot.plt       0x20000160        0x0 load address 0x08012570
 .igot.plt      0x20000160        0x0 C:/ST/STM32CubeIDE_1.18.0/STM32CubeIDE/plugins/com.st.stm32cube.ide.mcu.externaltools.gnu-tools-for-stm32.13.3.rel1.win32_1.0.0.202411081344/tools/bin/../lib/gcc/arm-none-eabi/13.3.1/thumb/v7e-m+fp/hard/crtbegin.o
                0x20000160                        . = ALIGN (0x4)

.bss            0x20000160     0x21a8 load address 0x08012570
                0x20000160                        _sbss = .
                0x20000160                        __bss_start__ = _sbss
 *(.bss)
 .bss           0x20000160       0x1c C:/ST/STM32CubeIDE_1.18.0/STM32CubeIDE/plugins/com.st.stm32cube.ide.mcu.externaltools.gnu-tools-for-stm32.13.3.rel1.win32_1.0.0.202411081344/tools/bin/../lib/gcc/arm-none-eabi/13.3.1/thumb/v7e-m+fp/hard/crtbegin.o
 *(.bss*)
 .bss.mediaBuffer
                0x2000017c      0x240 ./Core/Src/ADC/ADC_handler.o
 .bss.sumData   0x200003bc       0x12 ./Core/Src/ADC/ADC_handler.o
 .bss.index     0x200003ce        0x1 ./Core/Src/ADC/ADC_handler.o
 *fill*         0x200003cf        0x1 
 .bss.debouncerBuff
                0x200003d0        0xc ./Core/Src/Debouncer/debouncer.o
                0x200003d0                debouncerBuff
 .bss.inputIndex
                0x200003dc        0x1 ./Core/Src/Debouncer/debouncer.o
                0x200003dc                inputIndex
 *fill*         0x200003dd        0x3 
 .bss.I2C_Master_Transmit_Blocking
                0x200003e0        0x4 ./Core/Src/I2C/MPU6050/mpu6050.o
 .bss.I2C_Mem_Read
                0x200003e4        0x4 ./Core/Src/I2C/MPU6050/mpu6050.o
 .bss.SSD1306   0x200003e8        0x6 ./Core/Src/I2C/OLED/display.o
 *fill*         0x200003ee        0x2 
 .bss.I2C_Master_Transmit
                0x200003f0        0x4 ./Core/Src/I2C/OLED/display.o
 .bss.I2C_Master_Transmit_Blocking
                0x200003f4        0x4 ./Core/Src/I2C/OLED/display.o
 .bss.OLED_DMA_BUFFER
                0x200003f8      0x400 ./Core/Src/I2C/OLED/display.o
                0x200003f8                OLED_DMA_BUFFER
 .bss.Update    0x200007f8        0xb ./Core/Src/I2C/OLED/display.o
                0x200007f8                Update
 .bss.i         0x20000803        0x1 ./Core/Src/Protocol_Handler/protocol_handler.o
 .bss.auxIndex  0x20000804        0x1 ./Core/Src/Protocol_Handler/protocol_handler.o
 *fill*         0x20000805        0x3 
 .bss.TxAuxBuffer
                0x20000808       0x1e ./Core/Src/Protocol_Handler/protocol_handler.o
 .bss.indexStart
                0x20000826        0x1 ./Core/Src/Protocol_Handler/protocol_handler.o
 .bss.indexStartValue