../Core/Src/WiFi/ESP01.c:176:6:ESP01_SetWIFI	16	static
../Core/Src/WiFi/ESP01.c:193:15:ESP01_StartUDP	16	static
../Core/Src/WiFi/ESP01.c:219:15:ESP01_StartTCP	16	static
../Core/Src/WiFi/ESP01.c:246:6:ESP01_CloseUDPTCP	4	static
../Core/Src/WiFi/ESP01.c:253:15:ESP01_StateWIFI	4	static
../Core/Src/WiFi/ESP01.c:263:7:ESP01_GetLocalIP	4	static
../Core/Src/WiFi/ESP01.c:271:15:ESP01_StateUDPTCP	4	static
../Core/Src/WiFi/ESP01.c:282:6:ESP01_WriteRX	16	static
../Core/Src/WiFi/ESP01.c:290:15:ESP01_Send	40	static
../Core/Src/WiFi/ESP01.c:330:6:ESP01_Init	16	static
../Core/Src/WiFi/ESP01.c:346:6:ESP01_Timeout10ms	4	static
../Core/Src/WiFi/ESP01.c:360:6:ESP01_Task	8	static
../Core/Src/WiFi/ESP01.c:370:6:ESP01_AttachChangeState	16	static
../Core/Src/WiFi/ESP01.c:374:6:ESP01_AttachDebugStr	16	static
../Core/Src/WiFi/ESP01.c:378:5:ESP01_IsHDRRST	4	static
../Core/Src/WiFi/ESP01.c:385:13:ESP01ATDecode	16	static
../Core/Src/WiFi/ESP01.c:719:8:ESP01_GETMODE	4	static
../Core/Src/WiFi/ESP01.c:723:13:ESP01DOConnection	8	static
../Core/Src/WiFi/ESP01.c:1033:6:ESP01_setMode	16	static
../Core/Src/WiFi/ESP01.c:1037:13:ESP01SENDData	16	static
../Core/Src/WiFi/ESP01.c:1069:13:ESP01StrToBufTX	24	static
../Core/Src/WiFi/ESP01.c:1077:13:ESP01ByteToBufTX	16	static
../Core/Src/WiFi/ESP01.c:1083:12:is_valid_ip	48	static
../Core/Src/WiFi/ESP01.c:1114:16:ESP01_Check_Credentials	32	static
