../Core/Src/WiFi/ESP01.c:128:6:ESP01_SetWIFI	16	static
../Core/Src/WiFi/ESP01.c:145:15:ESP01_StartUDP	16	static
../Core/Src/WiFi/ESP01.c:171:15:ESP01_StartTCP	16	static
../Core/Src/WiFi/ESP01.c:198:6:ESP01_CloseUDPTCP	4	static
../Core/Src/WiFi/ESP01.c:205:15:ESP01_StateWIFI	4	static
../Core/Src/WiFi/ESP01.c:215:7:ESP01_GetLocalIP	4	static
../Core/Src/WiFi/ESP01.c:223:15:ESP01_StateUDPTCP	4	static
../Core/Src/WiFi/ESP01.c:234:6:ESP01_WriteRX	16	static
../Core/Src/WiFi/ESP01.c:242:15:ESP01_Send	40	static
../Core/Src/WiFi/ESP01.c:282:6:ESP01_Init	16	static
../Core/Src/WiFi/ESP01.c:298:6:ESP01_Timeout10ms	4	static
../Core/Src/WiFi/ESP01.c:312:6:ESP01_Task	8	static
../Core/Src/WiFi/ESP01.c:322:6:ESP01_AttachChangeState	16	static
../Core/Src/WiFi/ESP01.c:326:6:ESP01_AttachDebugStr	16	static
../Core/Src/WiFi/ESP01.c:330:5:ESP01_IsHDRRST	4	static
../Core/Src/WiFi/ESP01.c:337:13:ESP01ATDecode	16	static
../Core/Src/WiFi/ESP01.c:572:13:ESP01DOConnection	8	static
../Core/Src/WiFi/ESP01.c:733:13:ESP01SENDData	16	static
../Core/Src/WiFi/ESP01.c:766:13:ESP01StrToBufTX	24	static
../Core/Src/WiFi/ESP01.c:774:13:ESP01ByteToBufTX	16	static
