../Core/Src/WiFi/ESP01.c:153:6:ESP01_SetWIFI	16	static
../Core/Src/WiFi/ESP01.c:170:15:ESP01_StartUDP	16	static
../Core/Src/WiFi/ESP01.c:196:15:ESP01_StartTCP	16	static
../Core/Src/WiFi/ESP01.c:223:6:ESP01_CloseUDPTCP	4	static
../Core/Src/WiFi/ESP01.c:230:15:ESP01_StateWIFI	4	static
../Core/Src/WiFi/ESP01.c:240:7:ESP01_GetLocalIP	4	static
../Core/Src/WiFi/ESP01.c:248:15:ESP01_StateUDPTCP	4	static
../Core/Src/WiFi/ESP01.c:259:6:ESP01_WriteRX	16	static
../Core/Src/WiFi/ESP01.c:267:15:ESP01_Send	40	static
../Core/Src/WiFi/ESP01.c:307:6:ESP01_Init	16	static
../Core/Src/WiFi/ESP01.c:323:6:ESP01_Timeout10ms	4	static
../Core/Src/WiFi/ESP01.c:337:6:ESP01_Task	8	static
../Core/Src/WiFi/ESP01.c:347:6:ESP01_AttachChangeState	16	static
../Core/Src/WiFi/ESP01.c:351:6:ESP01_AttachDebugStr	16	static
../Core/Src/WiFi/ESP01.c:355:5:ESP01_IsHDRRST	4	static
../Core/Src/WiFi/ESP01.c:362:13:ESP01ATDecode	16	static
../Core/Src/WiFi/ESP01.c:622:13:ESP01DOConnection	8	static
../Core/Src/WiFi/ESP01.c:881:6:ESP01_setMode	16	static
../Core/Src/WiFi/ESP01.c:885:13:ESP01SENDData	16	static
../Core/Src/WiFi/ESP01.c:917:13:ESP01StrToBufTX	24	static
../Core/Src/WiFi/ESP01.c:925:13:ESP01ByteToBufTX	16	static
