../Core/Src/WiFi/ESP01.c:173:6:ESP01_SetWIFI	16	static
../Core/Src/WiFi/ESP01.c:190:15:ESP01_StartUDP	16	static
../Core/Src/WiFi/ESP01.c:216:15:ESP01_StartTCP	16	static
../Core/Src/WiFi/ESP01.c:243:6:ESP01_CloseUDPTCP	4	static
../Core/Src/WiFi/ESP01.c:250:15:ESP01_StateWIFI	4	static
../Core/Src/WiFi/ESP01.c:260:7:ESP01_GetLocalIP	4	static
../Core/Src/WiFi/ESP01.c:268:15:ESP01_StateUDPTCP	4	static
../Core/Src/WiFi/ESP01.c:279:6:ESP01_WriteRX	16	static
../Core/Src/WiFi/ESP01.c:287:15:ESP01_Send	40	static
../Core/Src/WiFi/ESP01.c:327:6:ESP01_Init	16	static
../Core/Src/WiFi/ESP01.c:343:6:ESP01_Timeout10ms	4	static
../Core/Src/WiFi/ESP01.c:357:6:ESP01_Task	8	static
../Core/Src/WiFi/ESP01.c:367:6:ESP01_AttachChangeState	16	static
../Core/Src/WiFi/ESP01.c:371:6:ESP01_AttachDebugStr	16	static
../Core/Src/WiFi/ESP01.c:375:5:ESP01_IsHDRRST	4	static
../Core/Src/WiFi/ESP01.c:382:13:ESP01ATDecode	16	static
../Core/Src/WiFi/ESP01.c:704:13:ESP01DOConnection	8	static
../Core/Src/WiFi/ESP01.c:987:6:ESP01_setMode	16	static
../Core/Src/WiFi/ESP01.c:991:13:ESP01SENDData	16	static
../Core/Src/WiFi/ESP01.c:1023:13:ESP01StrToBufTX	24	static
../Core/Src/WiFi/ESP01.c:1031:13:ESP01ByteToBufTX	16	static
../Core/Src/WiFi/ESP01.c:1037:12:is_valid_ip	48	static
../Core/Src/WiFi/ESP01.c:1068:16:ESP01_Check_Credentials	32	static
