../Core/Src/WiFi/ESP01.c:156:6:ESP01_SetWIFI	16	static
../Core/Src/WiFi/ESP01.c:173:15:ESP01_StartUDP	16	static
../Core/Src/WiFi/ESP01.c:199:15:ESP01_StartTCP	16	static
../Core/Src/WiFi/ESP01.c:226:6:ESP01_CloseUDPTCP	4	static
../Core/Src/WiFi/ESP01.c:233:15:ESP01_StateWIFI	4	static
../Core/Src/WiFi/ESP01.c:243:7:ESP01_GetLocalIP	4	static
../Core/Src/WiFi/ESP01.c:251:15:ESP01_StateUDPTCP	4	static
../Core/Src/WiFi/ESP01.c:262:6:ESP01_WriteRX	16	static
../Core/Src/WiFi/ESP01.c:270:15:ESP01_Send	40	static
../Core/Src/WiFi/ESP01.c:310:6:ESP01_Init	16	static
../Core/Src/WiFi/ESP01.c:326:6:ESP01_Timeout10ms	4	static
../Core/Src/WiFi/ESP01.c:340:6:ESP01_Task	8	static
../Core/Src/WiFi/ESP01.c:350:6:ESP01_AttachChangeState	16	static
../Core/Src/WiFi/ESP01.c:354:6:ESP01_AttachDebugStr	16	static
../Core/Src/WiFi/ESP01.c:358:5:ESP01_IsHDRRST	4	static
../Core/Src/WiFi/ESP01.c:365:13:ESP01ATDecode	16	static
../Core/Src/WiFi/ESP01.c:629:13:ESP01DOConnection	8	static
../Core/Src/WiFi/ESP01.c:896:6:ESP01_setMode	16	static
../Core/Src/WiFi/ESP01.c:900:13:ESP01SENDData	16	static
../Core/Src/WiFi/ESP01.c:932:13:ESP01StrToBufTX	24	static
../Core/Src/WiFi/ESP01.c:940:13:ESP01ByteToBufTX	16	static
