../Core/Src/main.c:329:6:OLED_Print_Data_Task	24	static
../Core/Src/main.c:393:6:BateryLevel_Set	16	static
../Core/Src/main.c:406:6:decodeOn_USB	24	static
../Core/Src/main.c:496:6:onKeyChangeState	16	static
../Core/Src/main.c:500:6:onESP01ChangeState	16	static
../Core/Src/main.c:504:6:onESP01Debug	16	static
../Core/Src/main.c:508:6:setESP01_CHPD	16	static
../Core/Src/main.c:512:6:task_10ms	16	static
../Core/Src/main.c:573:5:main	8	static
../Core/Src/main.c:717:6:SystemClock_Config	88	static
../Core/Src/main.c:767:13:MX_ADC1_Init	24	static
../Core/Src/main.c:891:13:MX_I2C1_Init	8	static
../Core/Src/main.c:925:13:MX_TIM1_Init	32	static
../Core/Src/main.c:971:13:MX_TIM3_Init	64	static
../Core/Src/main.c:1034:13:MX_USART1_UART_Init	8	static
../Core/Src/main.c:1065:13:MX_DMA_Init	16	static
../Core/Src/main.c:1090:13:MX_GPIO_Init	48	static
../Core/Src/main.c:1174:6:Init_Timing	8	static
../Core/Src/main.c:1190:6:Init_MPU6050	8	static
../Core/Src/main.c:1204:6:Init_Display	16	static
../Core/Src/main.c:1224:6:HAL_TIM_PeriodElapsedCallback	24	static
../Core/Src/main.c:1242:6:HAL_I2C_MemTxCpltCallback	16	static
../Core/Src/main.c:1250:6:HAL_I2C_MemRxCpltCallback	16	static
../Core/Src/main.c:1257:6:HAL_ADC_ConvCpltCallback	16	static
../Core/Src/main.c:1261:6:HAL_GPIO_EXTI_Callback	16	static
../Core/Src/main.c:1271:6:HAL_UART_RxCpltCallback	16	static
../Core/Src/main.c:1278:5:ESP01_UART_Transmit	16	static
../Core/Src/main.c:1286:6:ESP01_Data_Recived	16	static
../Core/Src/main.c:1291:10:I2C_1_Abstract_Mem_DMA_Transmit	32	static
../Core/Src/main.c:1295:10:I2C_1_Abstract_Master_Transmit_Blocking	32	static
../Core/Src/main.c:1299:10:I2C_1_Abstract_Mem_Write_Blocking	32	static
../Core/Src/main.c:1303:10:I2C_1_Abstract_Mem_Read_Blocking	32	static
../Core/Src/main.c:1307:9:KEY_Read_Value	8	static
../Core/Src/main.c:1311:6:writeOn_USB	16	static
../Core/Src/main.c:1322:6:dataRxOn_USB	24	static
../Core/Src/main.c:1330:6:Motor_Left_SetPins	16	static
../Core/Src/main.c:1335:6:Motor_Right_SetPins	16	static
../Core/Src/main.c:1340:6:Motor_Left_SetPWM	16	static
../Core/Src/main.c:1344:6:Motor_Right_SetPWM	16	static
../Core/Src/main.c:1354:6:Error_Handler	4	static,ignoring_inline_asm
