../Core/Src/main.c:325:6:OLED_Print_Data_Task	24	static
../Core/Src/main.c:389:6:BateryLevel_Set	16	static
../Core/Src/main.c:402:6:decodeOn_USB	24	static
../Core/Src/main.c:492:6:onKeyChangeState	16	static
../Core/Src/main.c:496:6:onESP01ChangeState	16	static
../Core/Src/main.c:546:6:onESP01Debug	16	static
../Core/Src/main.c:550:6:task_10ms	8	static
../Core/Src/main.c:598:5:main	8	static
../Core/Src/main.c:705:6:SystemClock_Config	88	static
../Core/Src/main.c:755:13:MX_ADC1_Init	24	static
../Core/Src/main.c:879:13:MX_I2C1_Init	8	static
../Core/Src/main.c:913:13:MX_TIM1_Init	32	static
../Core/Src/main.c:959:13:MX_TIM3_Init	64	static
../Core/Src/main.c:1022:13:MX_USART1_UART_Init	8	static
../Core/Src/main.c:1053:13:MX_DMA_Init	16	static
../Core/Src/main.c:1078:13:MX_GPIO_Init	48	static
../Core/Src/main.c:1165:6:Init_Timing	8	static
../Core/Src/main.c:1181:6:Init_MPU6050	8	static
../Core/Src/main.c:1196:6:Init_Display	16	static
../Core/Src/main.c:1216:6:Init_WiFi	8	static
../Core/Src/main.c:1241:6:HAL_TIM_PeriodElapsedCallback	24	static
../Core/Src/main.c:1258:6:HAL_I2C_MemTxCpltCallback	16	static
../Core/Src/main.c:1266:6:HAL_I2C_MemRxCpltCallback	16	static
../Core/Src/main.c:1273:6:HAL_ADC_ConvCpltCallback	16	static
../Core/Src/main.c:1277:6:HAL_GPIO_EXTI_Callback	16	static
../Core/Src/main.c:1288:6:HAL_UART_RxCpltCallback	16	static
../Core/Src/main.c:1295:5:ESP01_UART_Transmit	16	static
../Core/Src/main.c:1303:6:ESP01_Data_Recived	16	static
../Core/Src/main.c:1307:6:writeOn_ESP	16	static
../Core/Src/main.c:1316:10:I2C1_DMA_Mem_Write	32	static
../Core/Src/main.c:1320:10:I2C1_Master_Transmit	32	static
../Core/Src/main.c:1324:10:I2C1_Mem_Write	32	static
../Core/Src/main.c:1328:10:I2C1_Mem_Read	32	static
../Core/Src/main.c:1332:6:setESP01_CHPD	16	static
../Core/Src/main.c:1336:9:KEY_Read_Value	8	static
../Core/Src/main.c:1340:6:writeOn_USB	16	static
../Core/Src/main.c:1351:6:dataRxOn_USB	24	static
../Core/Src/main.c:1359:6:Motor_Left_SetPins	16	static
../Core/Src/main.c:1364:6:Motor_Right_SetPins	16	static
../Core/Src/main.c:1369:6:Motor_Left_SetPWM	16	static
../Core/Src/main.c:1373:6:Motor_Right_SetPWM	16	static
../Core/Src/main.c:1383:6:Error_Handler	4	static,ignoring_inline_asm
