../Core/Src/main.c:148:6:HAL_UART_RxCpltCallback	16	static
../Core/Src/main.c:314:6:OLED_Print_Data_Task	24	static
../Core/Src/main.c:379:6:BateryLevel_Set	16	static
../Core/Src/main.c:392:6:decodeOn_USB	24	static
../Core/Src/main.c:482:6:onKeyChangeState	16	static
../Core/Src/main.c:486:6:task_10ms	8	static
../Core/Src/main.c:551:5:main	16	static
../Core/Src/main.c:685:6:SystemClock_Config	88	static
../Core/Src/main.c:735:13:MX_ADC1_Init	24	static
../Core/Src/main.c:859:13:MX_I2C1_Init	8	static
../Core/Src/main.c:893:13:MX_TIM1_Init	32	static
../Core/Src/main.c:939:13:MX_TIM3_Init	64	static
../Core/Src/main.c:1002:13:MX_USART1_UART_Init	8	static
../Core/Src/main.c:1033:13:MX_DMA_Init	16	static
../Core/Src/main.c:1058:13:MX_GPIO_Init	48	static
../Core/Src/main.c:1148:6:Init_Timing	8	static
../Core/Src/main.c:1164:6:Init_MPU6050	8	static
../Core/Src/main.c:1178:6:Init_Display	16	static
../Core/Src/main.c:1197:6:HAL_TIM_PeriodElapsedCallback	24	static
../Core/Src/main.c:1219:6:HAL_I2C_MemTxCpltCallback	16	static
../Core/Src/main.c:1226:6:HAL_I2C_MemRxCpltCallback	16	static
../Core/Src/main.c:1244:6:HAL_ADC_ConvCpltCallback	16	static
../Core/Src/main.c:1248:6:HAL_GPIO_EXTI_Callback	16	static
../Core/Src/main.c:1266:10:I2C_1_Abstract_Mem_DMA_Transmit	32	static
../Core/Src/main.c:1270:10:I2C_1_Abstract_Master_Transmit_Blocking	32	static
../Core/Src/main.c:1274:10:I2C_1_Abstract_Mem_Write_Blocking	32	static
../Core/Src/main.c:1278:10:I2C_1_Abstract_Mem_Read_Blocking	32	static
../Core/Src/main.c:1282:9:KEY_Read_Value	8	static
../Core/Src/main.c:1286:6:writeOn_USB	16	static
../Core/Src/main.c:1297:6:dataRxOn_USB	24	static
../Core/Src/main.c:1305:6:Motor_Left_SetPins	16	static
../Core/Src/main.c:1328:6:Motor_Right_SetPins	16	static
../Core/Src/main.c:1351:6:Motor_Left_SetPWM	16	static
../Core/Src/main.c:1355:6:Motor_Right_SetPWM	16	static
../Core/Src/main.c:1365:6:Error_Handler	4	static,ignoring_inline_asm
