../Core/Src/main.c:282:6:OLED_Task	24	static
../Core/Src/main.c:339:6:BateryLevel_Task	16	static
../Core/Src/main.c:352:6:decodeOn_USB	24	static
../Core/Src/main.c:442:6:onKeyChangeState	16	static
../Core/Src/main.c:446:6:task_10ms	8	static
../Core/Src/main.c:482:5:main	16	static
../Core/Src/main.c:618:6:SystemClock_Config	88	static
../Core/Src/main.c:668:13:MX_ADC1_Init	24	static
../Core/Src/main.c:792:13:MX_I2C1_Init	8	static
../Core/Src/main.c:826:13:MX_TIM1_Init	32	static
../Core/Src/main.c:872:13:MX_TIM3_Init	64	static
../Core/Src/main.c:933:13:MX_DMA_Init	16	static
../Core/Src/main.c:958:13:MX_GPIO_Init	48	static
../Core/Src/main.c:1055:6:HAL_TIM_PeriodElapsedCallback	24	static
../Core/Src/main.c:1074:6:HAL_I2C_MemTxCpltCallback	16	static
../Core/Src/main.c:1080:6:HAL_I2C_MemRxCpltCallback	16	static
../Core/Src/main.c:1087:6:HAL_ADC_ConvCpltCallback	16	static
../Core/Src/main.c:1091:6:HAL_GPIO_EXTI_Callback	16	static
../Core/Src/main.c:1101:10:I2C_1_Abstract_Mem_DMA_Transmit	32	static
../Core/Src/main.c:1105:10:I2C_1_Abstract_Master_Transmit_Blocking	32	static
../Core/Src/main.c:1109:10:I2C_1_Abstract_Mem_Write_Blocking	32	static
../Core/Src/main.c:1113:10:I2C_1_Abstract_Mem_Read_Blocking	32	static
../Core/Src/main.c:1117:9:KEY_Read_Value	8	static
../Core/Src/main.c:1121:6:writeOn_USB	16	static
../Core/Src/main.c:1132:6:dataRxOn_USB	24	static
../Core/Src/main.c:1140:6:Motor_Left_SetPins	16	static
../Core/Src/main.c:1163:6:Motor_Right_SetPins	16	static
../Core/Src/main.c:1186:6:Motor_Left_SetPWM	16	static
../Core/Src/main.c:1190:6:Motor_Right_SetPWM	16	static
../Core/Src/main.c:1200:6:Error_Handler	4	static,ignoring_inline_asm
