../Core/Src/main.c:325:6:OLED_Print_Data_Task	24	static
../Core/Src/main.c:381:6:BateryLevel_Set	16	static
../Core/Src/main.c:394:6:decodeOn_USB	24	static
../Core/Src/main.c:484:6:onKeyChangeState	16	static
../Core/Src/main.c:488:6:onESP01ChangeState	16	static
../Core/Src/main.c:538:6:onESP01Debug	16	static
../Core/Src/main.c:542:6:task_10ms	8	static
../Core/Src/main.c:589:5:main	8	static
../Core/Src/main.c:696:6:SystemClock_Config	88	static
../Core/Src/main.c:746:13:MX_ADC1_Init	24	static
../Core/Src/main.c:870:13:MX_I2C1_Init	8	static
../Core/Src/main.c:904:13:MX_TIM1_Init	32	static
../Core/Src/main.c:950:13:MX_TIM3_Init	64	static
../Core/Src/main.c:1013:13:MX_USART1_UART_Init	8	static
../Core/Src/main.c:1044:13:MX_DMA_Init	16	static
../Core/Src/main.c:1069:13:MX_GPIO_Init	48	static
../Core/Src/main.c:1156:6:Init_Timing	8	static
../Core/Src/main.c:1172:6:Init_MPU6050	8	static
../Core/Src/main.c:1187:6:Init_Display	16	static
../Core/Src/main.c:1207:6:Init_WiFi	8	static
../Core/Src/main.c:1230:6:HAL_TIM_PeriodElapsedCallback	24	static
../Core/Src/main.c:1247:6:HAL_I2C_MemTxCpltCallback	16	static
../Core/Src/main.c:1255:6:HAL_I2C_MemRxCpltCallback	16	static
../Core/Src/main.c:1262:6:HAL_ADC_ConvCpltCallback	16	static
../Core/Src/main.c:1266:6:HAL_GPIO_EXTI_Callback	16	static
../Core/Src/main.c:1277:6:HAL_UART_RxCpltCallback	16	static
../Core/Src/main.c:1284:5:ESP01_UART_Transmit	16	static
../Core/Src/main.c:1292:6:ESP01_Data_Recived	16	static
../Core/Src/main.c:1296:6:writeOn_ESP	16	static
../Core/Src/main.c:1305:10:I2C1_DMA_Mem_Write	32	static
../Core/Src/main.c:1309:10:I2C1_Master_Transmit	32	static
../Core/Src/main.c:1313:10:I2C1_Mem_Write	32	static
../Core/Src/main.c:1317:10:I2C1_Mem_Read	32	static
../Core/Src/main.c:1321:6:setESP01_CHPD	16	static
../Core/Src/main.c:1325:9:KEY_Read_Value	8	static
../Core/Src/main.c:1329:6:writeOn_USB	16	static
../Core/Src/main.c:1340:6:dataRxOn_USB	24	static
../Core/Src/main.c:1348:6:Motor_Left_SetPins	16	static
../Core/Src/main.c:1353:6:Motor_Right_SetPins	16	static
../Core/Src/main.c:1358:6:Motor_Left_SetPWM	16	static
../Core/Src/main.c:1362:6:Motor_Right_SetPWM	16	static
../Core/Src/main.c:1372:6:Error_Handler	4	static,ignoring_inline_asm
