../Core/Src/main.c:135:6:HAL_UART_RxCpltCallback	16	static
../Core/Src/main.c:295:6:OLED_Task	24	static
../Core/Src/main.c:352:6:BateryLevel_Task	16	static
../Core/Src/main.c:365:6:decodeOn_USB	24	static
../Core/Src/main.c:455:6:onKeyChangeState	16	static
../Core/Src/main.c:459:6:task_10ms	8	static
../Core/Src/main.c:497:5:main	16	static
../Core/Src/main.c:636:6:SystemClock_Config	88	static
../Core/Src/main.c:686:13:MX_ADC1_Init	24	static
../Core/Src/main.c:810:13:MX_I2C1_Init	8	static
../Core/Src/main.c:844:13:MX_TIM1_Init	32	static
../Core/Src/main.c:890:13:MX_TIM3_Init	64	static
../Core/Src/main.c:953:13:MX_USART1_UART_Init	8	static
../Core/Src/main.c:984:13:MX_DMA_Init	16	static
../Core/Src/main.c:1009:13:MX_GPIO_Init	48	static
../Core/Src/main.c:1098:6:HAL_TIM_PeriodElapsedCallback	24	static
../Core/Src/main.c:1116:6:HAL_I2C_MemRxCpltCallback	16	static
../Core/Src/main.c:1129:6:HAL_ADC_ConvCpltCallback	16	static
../Core/Src/main.c:1133:6:HAL_GPIO_EXTI_Callback	16	static
../Core/Src/main.c:1143:10:I2C_1_Abstract_Mem_DMA_Transmit	32	static
../Core/Src/main.c:1147:10:I2C_1_Abstract_Master_Transmit_Blocking	32	static
../Core/Src/main.c:1151:10:I2C_1_Abstract_Mem_Write_Blocking	32	static
../Core/Src/main.c:1155:10:I2C_1_Abstract_Mem_Read_Blocking	32	static
../Core/Src/main.c:1159:9:KEY_Read_Value	8	static
../Core/Src/main.c:1163:6:writeOn_USB	16	static
../Core/Src/main.c:1174:6:dataRxOn_USB	24	static
../Core/Src/main.c:1182:6:Motor_Left_SetPins	16	static
../Core/Src/main.c:1205:6:Motor_Right_SetPins	16	static
../Core/Src/main.c:1228:6:Motor_Left_SetPWM	16	static
../Core/Src/main.c:1232:6:Motor_Right_SetPWM	16	static
../Core/Src/main.c:1242:6:Error_Handler	4	static,ignoring_inline_asm
