../Core/Src/main.c:325:6:OLED_Print_Data_Task	24	static
../Core/Src/main.c:381:6:BateryLevel_Set	16	static
../Core/Src/main.c:394:6:decodeOn_USB	24	static
../Core/Src/main.c:484:6:onKeyChangeState	16	static
../Core/Src/main.c:488:6:onESP01ChangeState	16	static
../Core/Src/main.c:538:6:onESP01Debug	16	static
../Core/Src/main.c:542:6:task_10ms	8	static
../Core/Src/main.c:590:5:main	8	static
../Core/Src/main.c:697:6:SystemClock_Config	88	static
../Core/Src/main.c:747:13:MX_ADC1_Init	24	static
../Core/Src/main.c:871:13:MX_I2C1_Init	8	static
../Core/Src/main.c:905:13:MX_TIM1_Init	32	static
../Core/Src/main.c:951:13:MX_TIM3_Init	64	static
../Core/Src/main.c:1014:13:MX_USART1_UART_Init	8	static
../Core/Src/main.c:1045:13:MX_DMA_Init	16	static
../Core/Src/main.c:1070:13:MX_GPIO_Init	48	static
../Core/Src/main.c:1157:6:Init_Timing	8	static
../Core/Src/main.c:1173:6:Init_MPU6050	8	static
../Core/Src/main.c:1188:6:Init_Display	16	static
../Core/Src/main.c:1208:6:Init_WiFi	8	static
../Core/Src/main.c:1233:6:HAL_TIM_PeriodElapsedCallback	24	static
../Core/Src/main.c:1250:6:HAL_I2C_MemTxCpltCallback	16	static
../Core/Src/main.c:1258:6:HAL_I2C_MemRxCpltCallback	16	static
../Core/Src/main.c:1265:6:HAL_ADC_ConvCpltCallback	16	static
../Core/Src/main.c:1269:6:HAL_GPIO_EXTI_Callback	16	static
../Core/Src/main.c:1280:6:HAL_UART_RxCpltCallback	16	static
../Core/Src/main.c:1287:5:ESP01_UART_Transmit	16	static
../Core/Src/main.c:1295:6:ESP01_Data_Recived	16	static
../Core/Src/main.c:1299:6:writeOn_ESP	16	static
../Core/Src/main.c:1308:10:I2C1_DMA_Mem_Write	32	static
../Core/Src/main.c:1312:10:I2C1_Master_Transmit	32	static
../Core/Src/main.c:1316:10:I2C1_Mem_Write	32	static
../Core/Src/main.c:1320:10:I2C1_Mem_Read	32	static
../Core/Src/main.c:1324:6:setESP01_CHPD	16	static
../Core/Src/main.c:1328:9:KEY_Read_Value	8	static
../Core/Src/main.c:1332:6:writeOn_USB	16	static
../Core/Src/main.c:1343:6:dataRxOn_USB	24	static
../Core/Src/main.c:1351:6:Motor_Left_SetPins	16	static
../Core/Src/main.c:1356:6:Motor_Right_SetPins	16	static
../Core/Src/main.c:1361:6:Motor_Left_SetPWM	16	static
../Core/Src/main.c:1365:6:Motor_Right_SetPWM	16	static
../Core/Src/main.c:1375:6:Error_Handler	4	static,ignoring_inline_asm
