../Core/Src/main.c:326:6:OLED_Print_Data_Task	24	static
../Core/Src/main.c:390:6:BateryLevel_Set	16	static
../Core/Src/main.c:403:6:decodeOn_USB	24	static
../Core/Src/main.c:493:6:onKeyChangeState	16	static
../Core/Src/main.c:497:6:onESP01ChangeState	16	static
../Core/Src/main.c:547:6:onESP01Debug	16	static
../Core/Src/main.c:551:6:setESP01_CHPD	16	static
../Core/Src/main.c:555:6:task_10ms	8	static
../Core/Src/main.c:602:5:main	8	static
../Core/Src/main.c:727:6:SystemClock_Config	88	static
../Core/Src/main.c:777:13:MX_ADC1_Init	24	static
../Core/Src/main.c:901:13:MX_I2C1_Init	8	static
../Core/Src/main.c:935:13:MX_TIM1_Init	32	static
../Core/Src/main.c:981:13:MX_TIM3_Init	64	static
../Core/Src/main.c:1044:13:MX_USART1_UART_Init	8	static
../Core/Src/main.c:1075:13:MX_DMA_Init	16	static
../Core/Src/main.c:1100:13:MX_GPIO_Init	48	static
../Core/Src/main.c:1187:6:Init_Timing	8	static
../Core/Src/main.c:1203:6:Init_MPU6050	8	static
../Core/Src/main.c:1217:6:Init_Display	16	static
../Core/Src/main.c:1237:6:HAL_TIM_PeriodElapsedCallback	24	static
../Core/Src/main.c:1254:6:HAL_I2C_MemTxCpltCallback	16	static
../Core/Src/main.c:1262:6:HAL_I2C_MemRxCpltCallback	16	static
../Core/Src/main.c:1269:6:HAL_ADC_ConvCpltCallback	16	static
../Core/Src/main.c:1273:6:HAL_GPIO_EXTI_Callback	16	static
../Core/Src/main.c:1283:6:HAL_UART_RxCpltCallback	16	static
../Core/Src/main.c:1291:5:ESP01_UART_Transmit	16	static
../Core/Src/main.c:1299:6:ESP01_Data_Recived	16	static
../Core/Src/main.c:1303:6:writeOn_ESP	16	static
../Core/Src/main.c:1331:10:I2C_1_Abstract_Mem_DMA_Transmit	32	static
../Core/Src/main.c:1335:10:I2C_1_Abstract_Master_Transmit_Blocking	32	static
../Core/Src/main.c:1339:10:I2C_1_Abstract_Mem_Write_Blocking	32	static
../Core/Src/main.c:1343:10:I2C_1_Abstract_Mem_Read_Blocking	32	static
../Core/Src/main.c:1347:9:KEY_Read_Value	8	static
../Core/Src/main.c:1351:6:writeOn_USB	16	static
../Core/Src/main.c:1362:6:dataRxOn_USB	24	static
../Core/Src/main.c:1370:6:Motor_Left_SetPins	16	static
../Core/Src/main.c:1375:6:Motor_Right_SetPins	16	static
../Core/Src/main.c:1380:6:Motor_Left_SetPWM	16	static
../Core/Src/main.c:1384:6:Motor_Right_SetPWM	16	static
../Core/Src/main.c:1394:6:Error_Handler	4	static,ignoring_inline_asm
