../Core/Src/main.c:143:6:HAL_UART_RxCpltCallback	16	static
../Core/Src/main.c:309:6:OLED_Print_Data_Task	24	static
../Core/Src/main.c:375:6:BateryLevel_Set	16	static
../Core/Src/main.c:388:6:decodeOn_USB	24	static
../Core/Src/main.c:478:6:onKeyChangeState	16	static
../Core/Src/main.c:482:6:task_10ms	8	static
../Core/Src/main.c:515:5:main	8	static
../Core/Src/main.c:649:6:SystemClock_Config	88	static
../Core/Src/main.c:699:13:MX_ADC1_Init	24	static
../Core/Src/main.c:823:13:MX_I2C1_Init	8	static
../Core/Src/main.c:857:13:MX_TIM1_Init	32	static
../Core/Src/main.c:903:13:MX_TIM3_Init	64	static
../Core/Src/main.c:966:13:MX_USART1_UART_Init	8	static
../Core/Src/main.c:997:13:MX_DMA_Init	16	static
../Core/Src/main.c:1022:13:MX_GPIO_Init	48	static
../Core/Src/main.c:1112:6:Init_Timing	8	static
../Core/Src/main.c:1128:6:Init_MPU6050	8	static
../Core/Src/main.c:1142:6:Init_Display	16	static
../Core/Src/main.c:1162:6:HAL_TIM_PeriodElapsedCallback	24	static
../Core/Src/main.c:1184:6:HAL_I2C_MemTxCpltCallback	16	static
../Core/Src/main.c:1192:6:HAL_I2C_MemRxCpltCallback	16	static
../Core/Src/main.c:1199:6:HAL_ADC_ConvCpltCallback	16	static
../Core/Src/main.c:1203:6:HAL_GPIO_EXTI_Callback	16	static
../Core/Src/main.c:1221:10:I2C_1_Abstract_Mem_DMA_Transmit	32	static
../Core/Src/main.c:1225:10:I2C_1_Abstract_Master_Transmit_Blocking	32	static
../Core/Src/main.c:1229:10:I2C_1_Abstract_Mem_Write_Blocking	32	static
../Core/Src/main.c:1233:10:I2C_1_Abstract_Mem_Read_Blocking	32	static
../Core/Src/main.c:1237:9:KEY_Read_Value	8	static
../Core/Src/main.c:1241:6:writeOn_USB	16	static
../Core/Src/main.c:1252:6:dataRxOn_USB	24	static
../Core/Src/main.c:1260:6:Motor_Left_SetPins	16	static
../Core/Src/main.c:1265:6:Motor_Right_SetPins	16	static
../Core/Src/main.c:1316:6:Motor_Left_SetPWM	16	static
../Core/Src/main.c:1320:6:Motor_Right_SetPWM	16	static
../Core/Src/main.c:1330:6:Error_Handler	4	static,ignoring_inline_asm
