../Core/Src/main.c:306:6:OLED_Print_Data_Task	24	static
../Core/Src/main.c:369:6:BateryLevel_Set	16	static
../Core/Src/main.c:382:6:decodeOn_USB	24	static
../Core/Src/main.c:472:6:onKeyChangeState	16	static
../Core/Src/main.c:476:6:task_10ms	8	static
../Core/Src/main.c:513:5:main	8	static
../Core/Src/main.c:614:6:SystemClock_Config	88	static
../Core/Src/main.c:664:13:MX_ADC1_Init	24	static
../Core/Src/main.c:788:13:MX_I2C1_Init	8	static
../Core/Src/main.c:822:13:MX_TIM1_Init	32	static
../Core/Src/main.c:868:13:MX_TIM3_Init	64	static
../Core/Src/main.c:931:13:MX_USART1_UART_Init	8	static
../Core/Src/main.c:962:13:MX_DMA_Init	16	static
../Core/Src/main.c:987:13:MX_GPIO_Init	48	static
../Core/Src/main.c:1077:6:Init_Timing	8	static
../Core/Src/main.c:1093:6:Init_MPU6050	8	static
../Core/Src/main.c:1107:6:Init_Display	16	static
../Core/Src/main.c:1126:6:HAL_TIM_PeriodElapsedCallback	24	static
../Core/Src/main.c:1144:6:HAL_I2C_MemRxCpltCallback	16	static
../Core/Src/main.c:1155:6:HAL_ADC_ConvCpltCallback	16	static
../Core/Src/main.c:1159:6:HAL_GPIO_EXTI_Callback	16	static
../Core/Src/main.c:1168:6:HAL_UART_RxCpltCallback	16	static
../Core/Src/main.c:1177:10:I2C_1_Abstract_Mem_DMA_Transmit	32	static
../Core/Src/main.c:1181:10:I2C_1_Abstract_Master_Transmit_Blocking	32	static
../Core/Src/main.c:1185:10:I2C_1_Abstract_Mem_Write_Blocking	32	static
../Core/Src/main.c:1189:10:I2C_1_Abstract_Mem_Read_Blocking	32	static
../Core/Src/main.c:1193:9:KEY_Read_Value	8	static
../Core/Src/main.c:1197:6:writeOn_USB	16	static
../Core/Src/main.c:1208:6:dataRxOn_USB	24	static
../Core/Src/main.c:1216:6:Motor_Left_SetPins	16	static
../Core/Src/main.c:1239:6:Motor_Right_SetPins	16	static
../Core/Src/main.c:1262:6:Motor_Left_SetPWM	16	static
../Core/Src/main.c:1266:6:Motor_Right_SetPWM	16	static
../Core/Src/main.c:1276:6:Error_Handler	4	static,ignoring_inline_asm
