../Core/Src/main.c:330:6:OLED_Print_Data_Task	24	static
../Core/Src/main.c:394:6:BateryLevel_Set	16	static
../Core/Src/main.c:407:6:decodeOn_USB	24	static
../Core/Src/main.c:497:6:onKeyChangeState	16	static
../Core/Src/main.c:501:6:onESP01ChangeState	16	static
../Core/Src/main.c:551:6:onESP01Debug	16	static
../Core/Src/main.c:555:6:setESP01_CHPD	16	static
../Core/Src/main.c:559:6:task_10ms	16	static
../Core/Src/main.c:623:5:main	8	static
../Core/Src/main.c:753:6:SystemClock_Config	88	static
../Core/Src/main.c:803:13:MX_ADC1_Init	24	static
../Core/Src/main.c:927:13:MX_I2C1_Init	8	static
../Core/Src/main.c:961:13:MX_TIM1_Init	32	static
../Core/Src/main.c:1007:13:MX_TIM3_Init	64	static
../Core/Src/main.c:1070:13:MX_USART1_UART_Init	8	static
../Core/Src/main.c:1101:13:MX_DMA_Init	16	static
../Core/Src/main.c:1126:13:MX_GPIO_Init	48	static
../Core/Src/main.c:1210:6:Init_Timing	8	static
../Core/Src/main.c:1226:6:Init_MPU6050	8	static
../Core/Src/main.c:1240:6:Init_Display	16	static
../Core/Src/main.c:1260:6:HAL_TIM_PeriodElapsedCallback	24	static
../Core/Src/main.c:1278:6:HAL_I2C_MemTxCpltCallback	16	static
../Core/Src/main.c:1286:6:HAL_I2C_MemRxCpltCallback	16	static
../Core/Src/main.c:1293:6:HAL_ADC_ConvCpltCallback	16	static
../Core/Src/main.c:1297:6:HAL_GPIO_EXTI_Callback	16	static
../Core/Src/main.c:1307:6:HAL_UART_RxCpltCallback	16	static
../Core/Src/main.c:1314:5:ESP01_UART_Transmit	16	static
../Core/Src/main.c:1322:6:ESP01_Data_Recived	16	static
../Core/Src/main.c:1327:10:I2C_1_Abstract_Mem_DMA_Transmit	32	static
../Core/Src/main.c:1331:10:I2C_1_Abstract_Master_Transmit_Blocking	32	static
../Core/Src/main.c:1335:10:I2C_1_Abstract_Mem_Write_Blocking	32	static
../Core/Src/main.c:1339:10:I2C_1_Abstract_Mem_Read_Blocking	32	static
../Core/Src/main.c:1343:9:KEY_Read_Value	8	static
../Core/Src/main.c:1347:6:writeOn_USB	16	static
../Core/Src/main.c:1358:6:dataRxOn_USB	24	static
../Core/Src/main.c:1366:6:Motor_Left_SetPins	16	static
../Core/Src/main.c:1371:6:Motor_Right_SetPins	16	static
../Core/Src/main.c:1376:6:Motor_Left_SetPWM	16	static
../Core/Src/main.c:1380:6:Motor_Right_SetPWM	16	static
../Core/Src/main.c:1390:6:Error_Handler	4	static,ignoring_inline_asm
