../Core/Src/I2C/OLED/display.c:62:6:Display_Set_I2C_Master_Transmit	16	static
../Core/Src/I2C/OLED/display.c:69:10:Display_Init	16	static
../Core/Src/I2C/OLED/display.c:130:10:ssd1306_I2C_Write	32	static
../Core/Src/I2C/OLED/display.c:137:10:Display_UpdateScreen_Task	16	static
../Core/Src/I2C/OLED/display.c:175:6:Display_I2C_DMA_Ready	16	static
../Core/Src/I2C/OLED/display.c:179:6:Display_I2C_Refresh_Ready	16	static
../Core/Src/I2C/OLED/display.c:183:6:SSD1306_ON	8	static
../Core/Src/I2C/OLED/display.c:189:6:SSD1306_OFF	8	static
../Core/Src/I2C/OLED/display.c:198:6:Display_SetCursor	16	static
../Core/Src/I2C/OLED/display.c:204:6:Display_Fill	24	static
../Core/Src/I2C/OLED/display.c:215:6:Display_Clear	8	static
../Core/Src/I2C/OLED/display.c:219:6:Display_DrawPixel	16	static
../Core/Src/I2C/OLED/display.c:241:6:Display_DrawBitmap	32	static
../Core/Src/I2C/OLED/display.c:268:6:Display_ShowBitmap	24	static
../Core/Src/I2C/OLED/display.c:278:6:Display_WriteChar	48	static
../Core/Src/I2C/OLED/display.c:309:6:Display_WriteString	24	static
../Core/Src/I2C/OLED/display.c:320:6:Display_DrawLine	32	static
../Core/Src/I2C/OLED/display.c:386:6:Display_DrawRectangle	32	static
../Core/Src/I2C/OLED/display.c:411:6:Display_DrawFilledRectangle	40	static
