../Core/Src/I2C/OLED/display.c:63:6:Display_Set_I2C_Master_Transmit	16	static
../Core/Src/I2C/OLED/display.c:70:10:Display_Init	16	static
../Core/Src/I2C/OLED/display.c:132:10:ssd1306_I2C_Write	32	static
../Core/Src/I2C/OLED/display.c:139:10:Display_UpdateScreen_Task	16	static
../Core/Src/I2C/OLED/display.c:177:6:Display_I2C_DMA_Ready	16	static
../Core/Src/I2C/OLED/display.c:181:6:Display_I2C_Refresh_Ready	16	static
../Core/Src/I2C/OLED/display.c:185:6:SSD1306_ON	8	static
../Core/Src/I2C/OLED/display.c:191:6:SSD1306_OFF	8	static
../Core/Src/I2C/OLED/display.c:200:6:Display_SetCursor	16	static
../Core/Src/I2C/OLED/display.c:206:6:Display_Fill	24	static
../Core/Src/I2C/OLED/display.c:217:6:Display_Clear	8	static
../Core/Src/I2C/OLED/display.c:221:6:Display_DrawPixel	16	static
../Core/Src/I2C/OLED/display.c:243:6:Display_DrawBitmap	32	static
../Core/Src/I2C/OLED/display.c:270:6:Display_ShowBitmap	24	static
../Core/Src/I2C/OLED/display.c:280:6:Display_WriteChar	48	static
../Core/Src/I2C/OLED/display.c:311:6:Display_WriteString	24	static
../Core/Src/I2C/OLED/display.c:322:6:Display_DrawLine	32	static
../Core/Src/I2C/OLED/display.c:388:6:Display_DrawRectangle	32	static
../Core/Src/I2C/OLED/display.c:413:6:Display_DrawFilledRectangle	40	static
